20251026-00:54.36-812251(us) 61505 * ParseNewFormat  (configuration.cc:99): Using new configuration format
20251026-00:54.36-812346(us) 61505 * ParseNewFormat  (configuration.cc:159): Loaded 1 sites in 1 shards
20251026-00:54.36-812372(us) 61505 * handle_new_config_format (dbtest.cc:131):    Site local_s0: shard=0, replica_idx=0, is_leader=1, cluster=localhost
allocator::Initialize()
  hugepgsize: 2097152
  use MADV_WILLNEED: 1
  mmap() region [0x74bd55200000, 0x74bd95400000)
cpu0 owns [0x74bd55200000, 0x74bd65200000)
cpu1 owns [0x74bd65200000, 0x74bd75200000)
cpu2 owns [0x74bd75200000, 0x74bd85200000)
cpu3 owns [0x74bd85200000, 0x74bd95200000)
Database Benchmark:
  pid: 61505
settings:
  num-cpus    : 8
  num-threads : 4
  shardIndex  : 0
  paxos_proc_name  : localhost
  nshards     : 1
  is_micro    : 0
  is_replicated : 0
  var-encode  : yes
  allocator   : jemalloc
system properties:
  tuple_prefetch          : no
  btree_node_prefetch     : yes
tpcc settings:
  cross_partition_transactions : 1
  read_only_snapshots          : 1
  partition_locks              : 0
  separate_tree_per_partition  : 1
  new_order_remote_item_pct    : 1
  new_order_fast_id_gen        : 1
  uniform_item_dist            : 0
  order_status_scan_hack       : 0
  workload_mix                 : [45, 43, 4, 4, 4]
new table is createded with name: customer_0, table-id: 1, on shard-server id:0
new table is createded with name: customer_1, table-id: 2, on shard-server id:0
new table is createded with name: customer_2, table-id: 3, on shard-server id:0
new table is createded with name: customer_3, table-id: 4, on shard-server id:0
new table is createded with name: customer_name_idx_0, table-id: 5, on shard-server id:0
new table is createded with name: customer_name_idx_1, table-id: 6, on shard-server id:0
new table is createded with name: customer_name_idx_2, table-id: 7, on shard-server id:0
new table is createded with name: customer_name_idx_3, table-id: 8, on shard-server id:0
new table is createded with name: district_0, table-id: 9, on shard-server id:0
new table is createded with name: district_1, table-id: 10, on shard-server id:0
new table is createded with name: district_2, table-id: 11, on shard-server id:0
new table is createded with name: district_3, table-id: 12, on shard-server id:0
new table is createded with name: history_0, table-id: 13, on shard-server id:0
new table is createded with name: history_1, table-id: 14, on shard-server id:0
new table is createded with name: history_2, table-id: 15, on shard-server id:0
new table is createded with name: history_3, table-id: 16, on shard-server id:0
new table is createded with name: new_order_0, table-id: 17, on shard-server id:0
new table is createded with name: new_order_1, table-id: 18, on shard-server id:0
new table is createded with name: new_order_2, table-id: 19, on shard-server id:0
new table is createded with name: new_order_3, table-id: 20, on shard-server id:0
new table is createded with name: oorder_0, table-id: 21, on shard-server id:0
new table is createded with name: oorder_1, table-id: 22, on shard-server id:0
new table is createded with name: oorder_2, table-id: 23, on shard-server id:0
new table is createded with name: oorder_3, table-id: 24, on shard-server id:0
new table is createded with name: oorder_c_id_idx_0, table-id: 25, on shard-server id:0
new table is createded with name: oorder_c_id_idx_1, table-id: 26, on shard-server id:0
new table is createded with name: oorder_c_id_idx_2, table-id: 27, on shard-server id:0
new table is createded with name: oorder_c_id_idx_3, table-id: 28, on shard-server id:0
new table is createded with name: order_line_0, table-id: 29, on shard-server id:0
new table is createded with name: order_line_1, table-id: 30, on shard-server id:0
new table is createded with name: order_line_2, table-id: 31, on shard-server id:0
new table is createded with name: order_line_3, table-id: 32, on shard-server id:0
new table is createded with name: stock_0, table-id: 33, on shard-server id:0
new table is createded with name: stock_1, table-id: 34, on shard-server id:0
new table is createded with name: stock_2, table-id: 35, on shard-server id:0
new table is createded with name: stock_3, table-id: 36, on shard-server id:0
new table is createded with name: stock_data_0, table-id: 37, on shard-server id:0
new table is createded with name: stock_data_1, table-id: 38, on shard-server id:0
new table is createded with name: stock_data_2, table-id: 39, on shard-server id:0
new table is createded with name: stock_data_3, table-id: 40, on shard-server id:0
new table is createded with name: warehouse_0, table-id: 41, on shard-server id:0
new table is createded with name: warehouse_1, table-id: 42, on shard-server id:0
new table is createded with name: warehouse_2, table-id: 43, on shard-server id:0
new table is createded with name: warehouse_3, table-id: 44, on shard-server id:0
new table is createded with name: item, table-id: 45, on shard-server id:0
20251026-00:54.36-813575(us) 61505 * ParseNewFormat  (configuration.cc:99): Using new configuration format
20251026-00:54.36-813633(us) 61505 * ParseNewFormat  (configuration.cc:159): Loaded 1 sites in 1 shards
20251026-00:54.36-813659(us) 61505 * ParseNewFormat  (configuration.cc:99): Using new configuration format
20251026-00:54.36-813706(us) 61505 * [TRANSPORT] Using default: rrr
ParseNewFormat  (configuration.cc:159): Loaded 1 sites in 1 shards
[TRANSPORT] Using default: rrr
20251026-00:54.36-813904(us) 61505 * Initialize      (rrr_rpc_backend.cc:85): RrrRpcBackend initialized on 127.0.0.1:31009 (listening on 0.0.0.0:31009)
20251026-00:54.36-813946(us) 61505 * FastTransport   (fasttransport.cc:116): FastTransport initialized with rrr/rpc backend on 127.0.0.1:31009
20251026-00:54.36-813969(us) 61505 * RunEventLoop    (rrr_rpc_backend.cc:508): RrrRpcBackend::RunEventLoop: Starting event loop
20251026-00:54.36-813995(us) 61505 * Initialize      (rrr_rpc_backend.cc:85): RrrRpcBackend initialized on 127.0.0.1:31010 (listening on 0.0.0.0:31010)
20251026-00:54.36-814022(us) 61505 * FastTransport   (fasttransport.cc:116): FastTransport initialized with rrr/rpc backend on 127.0.0.1:31010
20251026-00:54.36-814042(us) 61505 * RunEventLoop    (rrr_rpc_backend.cc:508): RrrRpcBackend::RunEventLoop: Starting event loop
20251026-00:54.36-815473(us) 61505 ! run             (bench.cc:357):     # of loaders size:6
start worker:1146
PinToWarehouseId(): coreid=3 pinned to whse=1 (partid=0)[INFO] finished loading warehouse
[INFO]   * average warehouse record length: PinToWarehouseId(): coreid=
2 pinned to whse=1 (partid=0)
97 bytes
PinToWarehouseId(): coreid=3 pinned to whse=2 (partid=1)
PinToWarehouseId(): coreid=3 pinned to whse=3 (partid=2)
PinToWarehouseId(): coreid=3 pinned to whse=4 (partid=3)
[INFO] finished loading district
[INFO]   * average district record length: 99 bytes
[INFO] finished loading item
[INFO]   * average item record length: 84.1739 bytes
PinToWarehouseId(): coreid=2 pinned to whse=2 (partid=1)
PinToWarehouseId(): coreid=2 pinned to whse=3 (partid=2)
PinToWarehouseId(): coreid=2 pinned to whse=4 (partid=3)
[INFO] finished loading stock
[INFO]   * average stock record length: 8 bytes
num batches: 30
PinToWarehouseId(): coreid=4 pinned to whse=1 (partid=0)
PinToWarehouseId(): coreid=5 pinned to whse=1 (partid=0)
PinToWarehouseId(): coreid=5 pinned to whse=2 (partid=1)
PinToWarehouseId(): coreid=5 pinned to whse=3 (partid=2)
PinToWarehouseId(): coreid=4 pinned to whse=2 (partid=1)
PinToWarehouseId(): coreid=5 pinned to whse=4 (partid=3)
[INFO] finished loading order
[INFO]   * average order_line record length: 11.2189 bytes
[INFO]   * average oorder record length: 7.8414 bytes
[INFO]   * average new_order record length: 12 bytes
PinToWarehouseId(): coreid=4 pinned to whse=3 (partid=2)
PinToWarehouseId(): coreid=4 pinned to whse=4 (partid=3)
[INFO] finished loading customer
[INFO]   * average customer record length: 153.931 bytes 
timed region dataloading took 3957.4 ms
DB size: 489.441 MB
[0, 0, 0] txns persisted in loading phase
20251026-00:54.40-772993(us) 61505 ! run             (bench.cc:410):     # of nthreads:4
starting benchmark...
--------------Finish loading data and wait for others completing load phase ------------
tpcc: worker id 8 => warehouses [1, 2)
tpcc: worker id 9 => warehouses [2, 3)
tpcc: worker id 10 => warehouses [3, 4)
tpcc: worker id 11 => warehouses [4, 5)
No JEMALLOC_NO_RENAME
No JEMALLOC_NO_RENAME
No JEMALLOC_NO_RENAME
20251026-00:54.40-775587(us) 61505 No JEMALLOC_NO_RENAME
* ParseNewFormat  (configuration.cc:99): Using new configuration format
20251026-00:54.40-775658(us) 61505 * ParseNewFormat  (configuration.cc:159): Loaded 1 sites in 1 shards
20251026-00:54.40-775713(us) 61505 * ParseNewFormat  (configuration.cc:99): Using new configuration format
20251026-00:54.40-775758(us) 61505 * ParseNewFormat  (configuration.cc:159): Loaded 1 sites in 1 shards
20251026-00:54.40-775829(us) 61505 * ParseNewFormat  (configuration.cc:99): Using new configuration format
20251026-00:54.40-775867(us) 61505 * ParseNewFormat  (configuration.cc:159): Loaded 1 sites in 1 shards
[TRANSPORT] Using default: rrr
20251026-00:54.40-775970(us) 61505 * ParseNewFormat  (configuration.cc:99): Using new configuration format
20251026-00:54.40-776014(us) 61505 * ParseNewFormat  (configuration.cc:159): Loaded 1 sites in 1 shards
[TRANSPORT] Using default: rrr
20251026-00:54.40-776076(us) 61505 * Initialize      (rrr_rpc_backend.cc:85): RrrRpcBackend initialized on 127.0.0.1:31000 (listening on 0.0.0.0:31000)
20251026-00:54.40-776097(us) 61505 * FastTransport   (fasttransport.cc:116): FastTransport initialized with rrr/rpc backend on 127.0.0.1:31000
20251026-00:54.40-776176(us) 61505 * Initialize      (rrr_rpc_backend.cc:85): RrrRpcBackend initialized on 127.0.0.1:31002 (listening on 0.0.0.0:31002)
20251026-00:54.40-776198(us) 61505 * FastTransport   (fasttransport.cc:116): FastTransport initialized with rrr/rpc backend on 127.0.0.1:31002
20251026-00:54.40-776225(us) 61505 * ParseNewFormat  (configuration.cc:99): Using new configuration format
20251026-00:54.40-776258(us) 61505 * ParseNewFormat  (configuration.cc:99): Using new configuration format
20251026-00:54.40-776282(us) 61505 * ParseNewFormat  (configuration.cc:99): Using new configuration format
20251026-00:54.40-776308(us) 61505 * ParseNewFormat  (configuration.cc:159): Loaded 1 sites in 1 shards
20251026-00:54.40-776336(us) 61505 * ParseNewFormat  (configuration.cc:99): Using new configuration format
20251026-00:54.40-776377(us) 61505 * ParseNewFormat  (configuration.cc:159): Loaded 1 sites in 1 shards
20251026-00:54.40-776554(us) 61505 * ParseNewFormat  (configuration.cc:99): Using new configuration format
20251026-00:54.40-776601(us) 61505 * ParseNewFormat  (configuration.cc:159): Loaded 1 sites in 1 shards
[TRANSPORT] Using default: rrr
20251026-00:54.40-776752(us) 61505 * Initialize      (rrr_rpc_backend.cc:85): RrrRpcBackend initialized on 127.0.0.1:31003 (listening on 0.0.0.0:31003)
20251026-00:54.40-776786(us) 61505 * FastTransport   (fasttransport.cc:116): FastTransport initialized with rrr/rpc backend on 127.0.0.1:31003
20251026-00:54.40-776939(us) 61505 * ParseNewFormat  (configuration.cc:159): Loaded 1 sites in 1 shards
20251026-00:54.40-776988(us) 61505 * ParseNewFormat  (configuration.cc:99): Using new configuration format
20251026-00:54.40-777027(us) 61505 * ParseNewFormat  (configuration.cc:159): Loaded 1 sites in 1 shards
20251026-00:54.40-777140(us) 61505 * ParseNewFormat  (configuration.cc:99): Using new configuration format
20251026-00:54.40-777198(us) 61505 * ParseNewFormat  (configuration.cc:159): Loaded 1 sites in 1 shards
[TRANSPORT] Using default: rrr
20251026-00:54.40-777341(us) 61505 * Initialize      (rrr_rpc_backend.cc:85): RrrRpcBackend initialized on 127.0.0.1:31001 (listening on 0.0.0.0:31001)
20251026-00:54.40-777375(us) 61505 * FastTransport   (fasttransport.cc:116): FastTransport initialized with rrr/rpc backend on 127.0.0.1:31001
20251026-00:54.40-777552(us) 61505 * ParseNewFormat  (configuration.cc:99): Using new configuration format
20251026-00:54.40-777605(us) 61505 * ParseNewFormat  (configuration.cc:159): Loaded 1 sites in 1 shards
20251026-00:54.40-781183(us) 61505 * ParseNewFormat  (configuration.cc:159): Loaded 1 sites in 1 shards
20251026-00:54.40-781410(us) 61505 ! run             (bench.cc:461):     start the running time, runTime:30
20251026-00:54.40-781450(us) 61505 ! run             (bench.cc:473):     runtime time left:30000 ms, bool:1
20251026-00:54.41-788682(us) 61505 ! run             (bench.cc:473):     runtime time left:29000 ms, bool:1
20251026-00:54.42-795869(us) 61505 ! run             (bench.cc:473):     runtime time left:28000 ms, bool:1
20251026-00:54.43-803047(us) 61505 ! run             (bench.cc:473):     runtime time left:27000 ms, bool:1
20251026-00:54.44-810230(us) 61505 ! run             (bench.cc:473):     runtime time left:26000 ms, bool:1
20251026-00:54.45-817753(us) 61505 ! run             (bench.cc:473):     runtime time left:25000 ms, bool:1
20251026-00:54.46-824636(us) 61505 ! run             (bench.cc:473):     runtime time left:24000 ms, bool:1
20251026-00:54.47-831072(us) 61505 ! run             (bench.cc:473):     runtime time left:23000 ms, bool:1
20251026-00:54.48-838305(us) 61505 ! run             (bench.cc:473):     runtime time left:22000 ms, bool:1
20251026-00:54.49-845584(us) 61505 ! run             (bench.cc:473):     runtime time left:21000 ms, bool:1
20251026-00:54.50-854732(us) 61505 ! run             (bench.cc:473):     runtime time left:20000 ms, bool:1
20251026-00:54.51-861567(us) 61505 ! run             (bench.cc:473):     runtime time left:19000 ms, bool:1
20251026-00:54.52-868659(us) 61505 ! run             (bench.cc:473):     runtime time left:18000 ms, bool:1
20251026-00:54.53-875611(us) 61505 ! run             (bench.cc:473):     runtime time left:17000 ms, bool:1
20251026-00:54.54-883258(us) 61505 ! run             (bench.cc:473):     runtime time left:16000 ms, bool:1
20251026-00:54.55-890348(us) 61505 ! run             (bench.cc:473):     runtime time left:15000 ms, bool:1
20251026-00:54.56-896595(us) 61505 ! run             (bench.cc:473):     runtime time left:14000 ms, bool:1
20251026-00:54.57-903078(us) 61505 ! run             (bench.cc:473):     runtime time left:13000 ms, bool:1
20251026-00:54.58-909611(us) 61505 ! run             (bench.cc:473):     runtime time left:12000 ms, bool:1
20251026-00:54.59-916742(us) 61505 ! run             (bench.cc:473):     runtime time left:11000 ms, bool:1
20251026-00:55.00-923996(us) 61505 ! run             (bench.cc:473):     runtime time left:10000 ms, bool:1
20251026-00:55.01-931143(us) 61505 ! run             (bench.cc:473):     runtime time left:9000 ms, bool:1
20251026-00:55.02-938672(us) 61505 ! run             (bench.cc:473):     runtime time left:8000 ms, bool:1
20251026-00:55.03-945809(us) 61505 ! run             (bench.cc:473):     runtime time left:7000 ms, bool:1
20251026-00:55.04-952678(us) 61505 ! run             (bench.cc:473):     runtime time left:6000 ms, bool:1
20251026-00:55.05-959484(us) 61505 ! run             (bench.cc:473):     runtime time left:5000 ms, bool:1
20251026-00:55.06-966964(us) 61505 ! run             (bench.cc:473):     runtime time left:4000 ms, bool:1
20251026-00:55.07-973998(us) 61505 ! run             (bench.cc:473):     runtime time left:3000 ms, bool:1
20251026-00:55.08-981117(us) 61505 ! run             (bench.cc:473):     runtime time left:2000 ms, bool:1
20251026-00:55.09-988002(us) 61505 ! run             (bench.cc:473):     runtime time left:1000 ms, bool:1
20251026-00:55.10-995013(us) 61505 ! run             (bench.cc:483):     runtime_plus:0
[SHUTDOWN] Setting running=false to stop database worker threads
[SHUTDOWN] Calling first stop() to stop client transportsjump out the while loop
jump out the while loop
20251026-00:55.10-995145(us) 61505 * PrintStats      (rrr_rpc_backend.cc:679): RrrRpcBackend request stats: msg_size_req_sent: 0 bytes, counter: 0, avg: -nan
jump out the while loop
20251026-00:55.10-995221(us) 61505 * jump out the while loop
PrintStats      (rrr_rpc_backend.cc:679): 
RrrRpcBackend request stats: msg_size_req_sent: 0 bytes, counter: 0, avg: -nan
20251026-00:55.10-995321(us) 61505 * PrintStats      (rrr_rpc_backend.cc:679): RrrRpcBackend request stats: msg_size_req_sent: 0 bytes, counter: 0, avg: -nan
20251026-00:55.10-995382(us) 61505 * PrintStats      (rrr_rpc_backend.cc:679): RrrRpcBackend request stats: msg_size_req_sent: 0 bytes, counter: 0, avg: -nan
20251026-00:55.10-995432(us) 61505 ! stop            (bench.cc:332):     stop all erpc clients. set stop=false
20251026-00:55.10-995457(us) 61505 * Stop            (rrr_rpc_backend.cc:589): RrrRpcBackend::Stop: BEGIN - Setting stop flag
20251026-00:55.10-995473(us) 61505 * Stop            (rrr_rpc_backend.cc:592): RrrRpcBackend::Stop: Waiting for event loop to exit...
20251026-00:55.10-995487(us) 61505 * Stop            (rrr_rpc_backend.cc:608): RrrRpcBackend::Stop: Event loop exited successfully
20251026-00:55.10-995502(us) 61505 * Stop            (rrr_rpc_backend.cc:612): RrrRpcBackend::Stop: Signaling 0 request queues to stop
20251026-00:55.10-995517(us) 61505 * Stop            (rrr_rpc_backend.cc:620): RrrRpcBackend::Stop: Signaling 0 response queues to stop
20251026-00:55.10-995531(us) 61505 * Stop            (rrr_rpc_backend.cc:631): RrrRpcBackend::Stop: Server cleanup deferred to destructor
20251026-00:55.10-995545(us) 61505 * Stop            (rrr_rpc_backend.cc:634): RrrRpcBackend::Stop: Closing client connections
20251026-00:55.10-995561(us) 61505 * Stop            (rrr_rpc_backend.cc:638): RrrRpcBackend::Stop: Found 0 client connections to close
20251026-00:55.10-995579(us) 61505 * Stop            (rrr_rpc_backend.cc:658): RrrRpcBackend::Stop: Closed 0 client connections
20251026-00:55.10-995596(us) 61505 * Stop            (rrr_rpc_backend.cc:670): RrrRpcBackend stats: msg_size_resp_sent: 0 bytes, counter: 0, avg: -nan
20251026-00:55.10-995610(us) 61505 * Stop            (rrr_rpc_backend.cc:673): RrrRpcBackend::Stop: END
20251026-00:55.10-995625(us) 61505 * Stop            (rrr_rpc_backend.cc:589): RrrRpcBackend::Stop: BEGIN - Setting stop flag
20251026-00:55.10-995639(us) 61505 * Stop            (rrr_rpc_backend.cc:592): RrrRpcBackend::Stop: Waiting for event loop to exit...
20251026-00:55.10-995653(us) 61505 * Stop            (rrr_rpc_backend.cc:608): RrrRpcBackend::Stop: Event loop exited successfully
20251026-00:55.10-995667(us) 61505 * Stop            (rrr_rpc_backend.cc:612): RrrRpcBackend::Stop: Signaling 0 request queues to stop
20251026-00:55.10-995681(us) 61505 * Stop            (rrr_rpc_backend.cc:620): RrrRpcBackend::Stop: Signaling 0 response queues to stop
20251026-00:55.10-995695(us) 61505 * Stop            (rrr_rpc_backend.cc:631): RrrRpcBackend::Stop: Server cleanup deferred to destructor
20251026-00:55.10-995709(us) 61505 * Stop            (rrr_rpc_backend.cc:634): RrrRpcBackend::Stop: Closing client connections
20251026-00:55.10-995723(us) 61505 * Stop            (rrr_rpc_backend.cc:638): RrrRpcBackend::Stop: Found 0 client connections to close
20251026-00:55.10-995737(us) 61505 * Stop            (rrr_rpc_backend.cc:658): RrrRpcBackend::Stop: Closed 0 client connections
20251026-00:55.10-995753(us) 61505 * Stop            (rrr_rpc_backend.cc:670): RrrRpcBackend stats: msg_size_resp_sent: 0 bytes, counter: 0, avg: -nan
20251026-00:55.10-995771(us) 61505 * Stop            (rrr_rpc_backend.cc:673): RrrRpcBackend::Stop: END
20251026-00:55.10-995789(us) 61505 * Stop            (rrr_rpc_backend.cc:589): RrrRpcBackend::Stop: BEGIN - Setting stop flag
20251026-00:55.10-995803(us) 61505 * Stop            (rrr_rpc_backend.cc:592): RrrRpcBackend::Stop: Waiting for event loop to exit...
20251026-00:55.10-995817(us) 61505 * Stop            (rrr_rpc_backend.cc:608): RrrRpcBackend::Stop: Event loop exited successfully
20251026-00:55.10-995831(us) 61505 * Stop            (rrr_rpc_backend.cc:612): RrrRpcBackend::Stop: Signaling 0 request queues to stop
20251026-00:55.10-995845(us) 61505 * Stop            (rrr_rpc_backend.cc:620): RrrRpcBackend::Stop: Signaling 0 response queues to stop
20251026-00:55.10-995859(us) 61505 * Stop            (rrr_rpc_backend.cc:631): RrrRpcBackend::Stop: Server cleanup deferred to destructor
20251026-00:55.10-995873(us) 61505 * Stop            (rrr_rpc_backend.cc:634): RrrRpcBackend::Stop: Closing client connections
20251026-00:55.10-995893(us) 61505 * Stop            (rrr_rpc_backend.cc:638): RrrRpcBackend::Stop: Found 0 client connections to close
20251026-00:55.10-995908(us) 61505 * Stop            (rrr_rpc_backend.cc:658): RrrRpcBackend::Stop: Closed 0 client connections
20251026-00:55.10-995922(us) 61505 * Stop            (rrr_rpc_backend.cc:670): RrrRpcBackend stats: msg_size_resp_sent: 0 bytes, counter: 0, avg: -nan
20251026-00:55.10-995936(us) 61505 * Stop            (rrr_rpc_backend.cc:673): RrrRpcBackend::Stop: END
20251026-00:55.10-995950(us) 61505 * Stop            (rrr_rpc_backend.cc:589): RrrRpcBackend::Stop: BEGIN - Setting stop flag
20251026-00:55.10-995964(us) 61505 * Stop            (rrr_rpc_backend.cc:592): RrrRpcBackend::Stop: Waiting for event loop to exit...
20251026-00:55.10-995978(us) 61505 * Stop            (rrr_rpc_backend.cc:608): RrrRpcBackend::Stop: Event loop exited successfully
20251026-00:55.10-995992(us) 61505 * Stop            (rrr_rpc_backend.cc:612): RrrRpcBackend::Stop: Signaling 0 request queues to stop
20251026-00:55.10-996006(us) 61505 * Stop            (rrr_rpc_backend.cc:620): RrrRpcBackend::Stop: Signaling 0 response queues to stop
20251026-00:55.10-996020(us) 61505 * Stop            (rrr_rpc_backend.cc:631): RrrRpcBackend::Stop: Server cleanup deferred to destructor
20251026-00:55.10-996034(us) 61505 * Stop            (rrr_rpc_backend.cc:634): RrrRpcBackend::Stop: Closing client connections
20251026-00:55.10-996047(us) 61505 * Stop            (rrr_rpc_backend.cc:638): RrrRpcBackend::Stop: Found 0 client connections to close
20251026-00:55.10-996062(us) 61505 * Stop            (rrr_rpc_backend.cc:658): RrrRpcBackend::Stop: Closed 0 client connections
20251026-00:55.10-996080(us) 61505 * Stop            (rrr_rpc_backend.cc:670): RrrRpcBackend stats: msg_size_resp_sent: 0 bytes, counter: 0, avg: -nan
20251026-00:55.10-996098(us) 61505 * Stop            (rrr_rpc_backend.cc:673): RrrRpcBackend::Stop: END
[SHUTDOWN] First stop() completed
[SHUTDOWN] Joining 4 worker threads
[SHUTDOWN] Joining worker 0
[SHUTDOWN] Worker 0 joined
[SHUTDOWN] Joining worker 1
[SHUTDOWN] Worker 1 joined
[SHUTDOWN] Joining worker 2
[SHUTDOWN] Worker 2 joined
[SHUTDOWN] Joining worker 3
[SHUTDOWN] Worker 3 joined
[SHUTDOWN] All workers joined
[SHUTDOWN] Calling stop_erpc_server()
[STOP_SERVER] Stopping 2 server transports
[STOP_SERVER] Stopping server transport 0
20251026-00:55.11-995651(us) 61505 * Stop            (rrr_rpc_backend.cc:589): RrrRpcBackend::Stop: BEGIN - Setting stop flag
20251026-00:55.11-995675(us) 61505 * Stop            (rrr_rpc_backend.cc:592): RrrRpcBackend::Stop: Waiting for event loop to exit...
20251026-00:55.11-995716(us) 61505 * RunEventLoop    (rrr_rpc_backend.cc:573): RrrRpcBackend::RunEventLoop: Stop flag detected, exiting event loop
20251026-00:55.11-995741(us) 61505 * RunEventLoop    (rrr_rpc_backend.cc:577): RrrRpcBackend::RunEventLoop: Exited cleanly
20251026-00:55.11-995756(us) 61505 * erpc_server     (rpc_setup.cc:121): the erpc_server is terminated on shardIdx:0, alpha:0!
20251026-00:55.12-5757(us) 61505 * Stop            (rrr_rpc_backend.cc:608): RrrRpcBackend::Stop: Event loop exited successfully
20251026-00:55.12-5791(us) 61505 * Stop            (rrr_rpc_backend.cc:612): RrrRpcBackend::Stop: Signaling 0 request queues to stop
20251026-00:55.12-5806(us) 61505 * Stop            (rrr_rpc_backend.cc:620): RrrRpcBackend::Stop: Signaling 0 response queues to stop
20251026-00:55.12-5820(us) 61505 * Stop            (rrr_rpc_backend.cc:631): RrrRpcBackend::Stop: Server cleanup deferred to destructor
20251026-00:55.12-5837(us) 61505 * Stop            (rrr_rpc_backend.cc:634): RrrRpcBackend::Stop: Closing client connections
20251026-00:55.12-5855(us) 61505 * Stop            (rrr_rpc_backend.cc:638): RrrRpcBackend::Stop: Found 0 client connections to close
20251026-00:55.12-5872(us) 61505 * Stop            (rrr_rpc_backend.cc:658): RrrRpcBackend::Stop: Closed 0 client connections
20251026-00:55.12-5889(us) 61505 * Stop            (rrr_rpc_backend.cc:670): RrrRpcBackend stats: msg_size_resp_sent: 0 bytes, counter: 0, avg: -nan
20251026-00:55.12-5914(us) 61505 * Stop            (rrr_rpc_backend.cc:673): RrrRpcBackend::Stop: END
[STOP_SERVER] Server transport 0 stopped
[STOP_SERVER] Stopping server transport 1
20251026-00:55.12-5945(us) 61505 * Stop            (rrr_rpc_backend.cc:589): RrrRpcBackend::Stop: BEGIN - Setting stop flag
20251026-00:55.12-5959(us) 61505 * Stop            (rrr_rpc_backend.cc:592): RrrRpcBackend::Stop: Waiting for event loop to exit...
20251026-00:55.12-6009(us) 61505 * RunEventLoop    (rrr_rpc_backend.cc:573): RrrRpcBackend::RunEventLoop: Stop flag detected, exiting event loop
20251026-00:55.12-6034(us) 61505 * RunEventLoop    (rrr_rpc_backend.cc:577): RrrRpcBackend::RunEventLoop: Exited cleanly
20251026-00:55.12-6048(us) 61505 * erpc_server     (rpc_setup.cc:121): the erpc_server is terminated on shardIdx:0, alpha:1!
20251026-00:55.12-16032(us) 61505 * Stop            (rrr_rpc_backend.cc:608): RrrRpcBackend::Stop: Event loop exited successfully
20251026-00:55.12-16080(us) 61505 * Stop            (rrr_rpc_backend.cc:612): RrrRpcBackend::Stop: Signaling 0 request queues to stop
20251026-00:55.12-16095(us) 61505 * Stop            (rrr_rpc_backend.cc:620): RrrRpcBackend::Stop: Signaling 0 response queues to stop
20251026-00:55.12-16109(us) 61505 * Stop            (rrr_rpc_backend.cc:631): RrrRpcBackend::Stop: Server cleanup deferred to destructor
20251026-00:55.12-16124(us) 61505 * Stop            (rrr_rpc_backend.cc:634): RrrRpcBackend::Stop: Closing client connections
20251026-00:55.12-16138(us) 61505 * Stop            (rrr_rpc_backend.cc:638): RrrRpcBackend::Stop: Found 0 client connections to close
20251026-00:55.12-16178(us) 61505 * Stop            (rrr_rpc_backend.cc:658): RrrRpcBackend::Stop: Closed 0 client connections
20251026-00:55.12-16193(us) 61505 * Stop            (rrr_rpc_backend.cc:670): RrrRpcBackend stats: msg_size_resp_sent: 0 bytes, counter: 0, avg: -nan
20251026-00:55.12-16208(us) 61505 * Stop            (rrr_rpc_backend.cc:673): RrrRpcBackend::Stop: END
[STOP_SERVER] Server transport 1 stopped
[STOP_SERVER] All server transports stopped
[SHUTDOWN] stop_erpc_server() completed
[SHUTDOWN] Calling second stop()
20251026-00:55.12-16259(us) 61505 ! stop            (bench.cc:332):     stop all erpc clients. set stop=false
[SHUTDOWN] Second stop() completed
[SHUTDOWN] Calling do_txn_finish()
[SHUTDOWN] do_txn_finish() completed
--- n_commits per partition ---
 par_id: 0, n_commits: 1559273
 par_id: 1, n_commits: 1904554
 par_id: 2, n_commits: 1558965
 par_id: 3, n_commits: 1905458
--- benchmark statistics ---
runtime: 30.2349 sec
memory delta: 4444.79 MB
n_commits: 6928250
latency_numer_us: 116856320
latency_numer_us_remote: 0
memory delta rate: 147.008 MB/sec
logical memory delta: 439.497 MB
logical memory delta rate: 14.5361 MB/sec
agg_nosync_throughput: 229148 ops/sec
avg_nosync_per_core_throughput: 57286.9 ops/sec/core
agg_throughput: 229147 ops/sec
avg_per_core_throughput: 57286.8 ops/sec/core
agg_persist_throughput: 229147 ops/sec
avg_per_core_persist_throughput: 57286.8 ops/sec/core
avg_latency: 0.0168666 ms
avg_persist_latency: 0 ms
agg_abort_rate: 42.7651 aborts/sec
avg_per_core_abort_rate: 10.6913 aborts/sec/core
  NewOrder_local_commit_latency: 0.0175344 ms
  NewOrder_local_abort_latency: 0.0366457 ms
  NewOrder_local_abort_ratio: 8.56422e-05
  Payment_local_commit_latency: 0.00534954 ms
  Payment_local_abort_latency: 0.0210861 ms
  Payment_local_abort_ratio: 5.70407e-06
  Delivery_local_commit_latency: 0.0710204 ms
  Delivery_local_abort_latency: -nan ms
  Delivery_local_abort_ratio: 0
  OrderStatus_local_commit_latency: 0.00580465 ms
  OrderStatus_local_abort_latency: 0.01457 ms
  OrderStatus_local_abort_ratio: 3.60709e-06
  StockLevel_local_commit_latency: 0.102921 ms
  StockLevel_local_abort_latency: 0.120478 ms
  StockLevel_local_abort_ratio: 0.00363948
  NewOrder_remote_ratio: 0 %
  NewOrder_remote_abort_ratio: -nan %
  NewOrder_remote_commit_latency: -nan ms
  NewOrder_remote_abort_latency: -nan ms
  Payment_remote_ratio: 0 %
  Payment_remote_abort_ratio: -nan %
  Payment_remote_commit_latency: -nan ms
  Payment_remote_abort_latency: -nan ms
--- system counters (for benchmark) ---
--- perf counters (if enabled, for benchmark) ---
TxnPayment:      tsc           
  avg            14800.1       
  total          44109244200   
  count          2980327       
TxnStockLevel:   tsc           
  avg            288006        
  total          79767121224   
  count          276963        
TxnNewOrder:     tsc           
  avg            48882         
  total          152395613159  
  count          3117623       
StockLevelOrderLineScan:tod-usec      
  avg            17.5189       
  total          4852087       
  count          276963        
StockLevelLoopJoinIter:tod-usec      
  avg            0.363954      
  total          19815722      
  count          54445603      
StockLevelLoopJoinGet:tod-usec      
  avg            0.299325      
  total          16296950      
  count          54445603      
TxnDelivery:     tsc           
  avg            198438        
  total          55046380620   
  count          277398        
DeliverNewOrderScan:tod-usec      
  avg            0.440617      
  total          1222264       
  count          2773980       
TxnOrderStatus:  tsc           
  avg            16043.2       
  total          4447675092    
  count          277232        
--- allocator stats ---
[allocator] ncpus=4
[allocator] cpu=0 fully_faulted?=0 remaining=268435456 bytes
[allocator] cpu=1 fully_faulted?=0 remaining=268435456 bytes
[allocator] cpu=2 fully_faulted?=0 remaining=268435456 bytes
[allocator] cpu=3 fully_faulted?=0 remaining=268435456 bytes
---------------------------------------
--- system counters for n_comits ---
[STOP_SERVER] Stopping 2 server transports
[STOP_SERVER] Stopping server transport 0
20251026-00:55.12-17144(us) 61505 * Stop            (rrr_rpc_backend.cc:585): RrrRpcBackend::Stop: Already stopped, returning
[STOP_SERVER] Server transport 0 stopped
[STOP_SERVER] Stopping server transport 1
20251026-00:55.12-17196(us) 61505 * Stop            (rrr_rpc_backend.cc:585): RrrRpcBackend::Stop: Already stopped, returning
[STOP_SERVER] Server transport 1 stopped
[STOP_SERVER] All server transports stopped
