20251026-00:55.52-471463(us) 62038 * ParseNewFormat  (configuration.cc:99): Using new configuration format
20251026-00:55.52-471559(us) 62038 * ParseNewFormat  (configuration.cc:159): Loaded 1 sites in 1 shards
20251026-00:55.52-471586(us) 62038 * handle_new_config_format (dbtest.cc:131):    Site local_s0: shard=0, replica_idx=0, is_leader=1, cluster=localhost
allocator::Initialize()
  hugepgsize: 2097152
  use MADV_WILLNEED: 1
  mmap() region [0x7e18ffe00000, 0x7e1940800000)
cpu0 owns [0x7e18ffe00000, 0x7e190aa00000)
cpu1 owns [0x7e190aa00000, 0x7e1915600000)
cpu2 owns [0x7e1915600000, 0x7e1920200000)
cpu3 owns [0x7e1920200000, 0x7e192ae00000)
cpu4 owns [0x7e192ae00000, 0x7e1935a00000)
cpu5 owns [0x7e1935a00000, 0x7e1940600000)
Database Benchmark:
  pid: 62038
settings:
  num-cpus    : 8
  num-threads : 6
  shardIndex  : 0
  paxos_proc_name  : localhost
  nshards     : 1
  is_micro    : 0
  is_replicated : 0
  var-encode  : yes
  allocator   : jemalloc
system properties:
  tuple_prefetch          : no
  btree_node_prefetch     : yes
tpcc settings:
  cross_partition_transactions : 1
  read_only_snapshots          : 1
  partition_locks              : 0
  separate_tree_per_partition  : 1
  new_order_remote_item_pct    : 1
  new_order_fast_id_gen        : 1
  uniform_item_dist            : 0
  order_status_scan_hack       : 0
  workload_mix                 : [45, 43, 4, 4, 4]
new table is createded with name: customer_0, table-id: 1, on shard-server id:0
new table is createded with name: customer_1, table-id: 2, on shard-server id:0
new table is createded with name: customer_2, table-id: 3, on shard-server id:0
new table is createded with name: customer_3, table-id: 4, on shard-server id:0
new table is createded with name: customer_4, table-id: 5, on shard-server id:0
new table is createded with name: customer_5, table-id: 6, on shard-server id:0
new table is createded with name: customer_name_idx_0, table-id: 7, on shard-server id:0
new table is createded with name: customer_name_idx_1, table-id: 8, on shard-server id:0
new table is createded with name: customer_name_idx_2, table-id: 9, on shard-server id:0
new table is createded with name: customer_name_idx_3, table-id: 10, on shard-server id:0
new table is createded with name: customer_name_idx_4, table-id: 11, on shard-server id:0
new table is createded with name: customer_name_idx_5, table-id: 12, on shard-server id:0
new table is createded with name: district_0, table-id: 13, on shard-server id:0
new table is createded with name: district_1, table-id: 14, on shard-server id:0
new table is createded with name: district_2, table-id: 15, on shard-server id:0
new table is createded with name: district_3, table-id: 16, on shard-server id:0
new table is createded with name: district_4, table-id: 17, on shard-server id:0
new table is createded with name: district_5, table-id: 18, on shard-server id:0
new table is createded with name: history_0, table-id: 19, on shard-server id:0
new table is createded with name: history_1, table-id: 20, on shard-server id:0
new table is createded with name: history_2, table-id: 21, on shard-server id:0
new table is createded with name: history_3, table-id: 22, on shard-server id:0
new table is createded with name: history_4, table-id: 23, on shard-server id:0
new table is createded with name: history_5, table-id: 24, on shard-server id:0
new table is createded with name: new_order_0, table-id: 25, on shard-server id:0
new table is createded with name: new_order_1, table-id: 26, on shard-server id:0
new table is createded with name: new_order_2, table-id: 27, on shard-server id:0
new table is createded with name: new_order_3, table-id: 28, on shard-server id:0
new table is createded with name: new_order_4, table-id: 29, on shard-server id:0
new table is createded with name: new_order_5, table-id: 30, on shard-server id:0
new table is createded with name: oorder_0, table-id: 31, on shard-server id:0
new table is createded with name: oorder_1, table-id: 32, on shard-server id:0
new table is createded with name: oorder_2, table-id: 33, on shard-server id:0
new table is createded with name: oorder_3, table-id: 34, on shard-server id:0
new table is createded with name: oorder_4, table-id: 35, on shard-server id:0
new table is createded with name: oorder_5, table-id: 36, on shard-server id:0
new table is createded with name: oorder_c_id_idx_0, table-id: 37, on shard-server id:0
new table is createded with name: oorder_c_id_idx_1, table-id: 38, on shard-server id:0
new table is createded with name: oorder_c_id_idx_2, table-id: 39, on shard-server id:0
new table is createded with name: oorder_c_id_idx_3, table-id: 40, on shard-server id:0
new table is createded with name: oorder_c_id_idx_4, table-id: 41, on shard-server id:0
new table is createded with name: oorder_c_id_idx_5, table-id: 42, on shard-server id:0
new table is createded with name: order_line_0, table-id: 43, on shard-server id:0
new table is createded with name: order_line_1, table-id: 44, on shard-server id:0
new table is createded with name: order_line_2, table-id: 45, on shard-server id:0
new table is createded with name: order_line_3, table-id: 46, on shard-server id:0
new table is createded with name: order_line_4, table-id: 47, on shard-server id:0
new table is createded with name: order_line_5, table-id: 48, on shard-server id:0
new table is createded with name: stock_0, table-id: 49, on shard-server id:0
new table is createded with name: stock_1, table-id: 50, on shard-server id:0
new table is createded with name: stock_2, table-id: 51, on shard-server id:0
new table is createded with name: stock_3, table-id: 52, on shard-server id:0
new table is createded with name: stock_4, table-id: 53, on shard-server id:0
new table is createded with name: stock_5, table-id: 54, on shard-server id:0
new table is createded with name: stock_data_0, table-id: 55, on shard-server id:0
new table is createded with name: stock_data_1, table-id: 56, on shard-server id:0
new table is createded with name: stock_data_2, table-id: 57, on shard-server id:0
new table is createded with name: stock_data_3, table-id: 58, on shard-server id:0
new table is createded with name: stock_data_4, table-id: 59, on shard-server id:0
new table is createded with name: stock_data_5, table-id: 60, on shard-server id:0
new table is createded with name: warehouse_0, table-id: 61, on shard-server id:0
new table is createded with name: warehouse_1, table-id: 62, on shard-server id:0
new table is createded with name: warehouse_2, table-id: 63, on shard-server id:0
new table is createded with name: warehouse_3, table-id: 64, on shard-server id:0
new table is createded with name: warehouse_4, table-id: 65, on shard-server id:0
new table is createded with name: warehouse_5, table-id: 66, on shard-server id:0
new table is createded with name: item, table-id: 67, on shard-server id:0
20251026-00:55.52-472897(us) 62038 * ParseNewFormat  (configuration.cc:99): Using new configuration format
20251026-00:55.52-472951(us) 62038 * ParseNewFormat  (configuration.cc:99): Using new configuration format
20251026-00:55.52-473004(us) 62038 * ParseNewFormat  (configuration.cc:159): Loaded 1 sites in 1 shards
20251026-00:55.52-473032(us) 62038 * ParseNewFormat  (configuration.cc:159): Loaded 1 sites in 1 shards
[TRANSPORT] Using default: rrr
[TRANSPORT] Using default: rrr
20251026-00:55.52-473291(us) 62038 * Initialize      (rrr_rpc_backend.cc:85): RrrRpcBackend initialized on 127.0.0.1:31011 (listening on 0.0.0.0:31011)
20251026-00:55.52-473322(us) 62038 * FastTransport   (fasttransport.cc:116): FastTransport initialized with rrr/rpc backend on 127.0.0.1:31011
20251026-00:55.52-473344(us) 62038 * RunEventLoop    (rrr_rpc_backend.cc:508): RrrRpcBackend::RunEventLoop: Starting event loop
20251026-00:55.52-473373(us) 62038 * Initialize      (rrr_rpc_backend.cc:85): RrrRpcBackend initialized on 127.0.0.1:31012 (listening on 0.0.0.0:31012)
20251026-00:55.52-473398(us) 62038 * FastTransport   (fasttransport.cc:116): FastTransport initialized with rrr/rpc backend on 127.0.0.1:31012
20251026-00:55.52-473417(us) 62038 * RunEventLoop    (rrr_rpc_backend.cc:508): RrrRpcBackend::RunEventLoop: Starting event loop
20251026-00:55.52-474859(us) 62038 ! run             (bench.cc:357):     # of loaders size:6
start worker:1261
[INFO] finished loading warehouse
[INFO]   * average warehouse record length: 97 bytes
PinToWarehouseId(): coreid=2 pinned to whse=1 (partid=0)
PinToWarehouseId(): coreid=3 pinned to whse=1 (partid=0)
PinToWarehouseId(): coreid=3 pinned to whse=2 (partid=1)
PinToWarehouseId(): coreid=3 pinned to whse=3 (partid=2)
PinToWarehouseId(): coreid=3 pinned to whse=4 (partid=3)
num batches: 30
PinToWarehouseId(): coreid=4 pinned to whse=1PinToWarehouseId(): coreid=3 pinned to whse=5 (partid=4)
 (partid=0)
PinToWarehouseId(): coreid=3 pinned to whse=6 (partid=5)
[INFO] finished loading district
[INFO]   * average district record length: 99 bytes
PinToWarehouseId(): coreid=5 pinned to whse=1 (partid=0)
PinToWarehouseId(): coreid=5 pinned to whse=2 (partid=1)
[INFO] finished loading item
[INFO]   * average item record length: 84.1739 bytes
PinToWarehouseId(): coreid=4 pinned to whse=2 (partid=1)
PinToWarehouseId(): coreid=5 pinned to whse=3 (partid=2)
PinToWarehouseId(): coreid=5 pinned to whse=4 (partid=3)
PinToWarehouseId(): coreid=5 pinned to whse=5 (partid=4)
PinToWarehouseId(): coreid=4 pinned to whse=3 (partid=2)
PinToWarehouseId(): coreid=5 pinned to whse=6 (partid=5)
[INFO] finished loading order
[INFO]   * average order_line record length: 11.2511 bytes
[INFO]   * average oorder record length: 7.88727 bytes
[INFO]   * average new_order record length: 12 bytes
PinToWarehouseId(): coreid=2 pinned to whse=2 (partid=1)
PinToWarehouseId(): coreid=4 pinned to whse=4 (partid=3)
PinToWarehouseId(): coreid=4 pinned to whse=5 (partid=4)
PinToWarehouseId(): coreid=4 pinned to whse=6 (partid=5)
PinToWarehouseId(): coreid=2 pinned to whse=3 (partid=2)
[INFO] finished loading customer
[INFO]   * average customer record length: 153.954 bytes 
PinToWarehouseId(): coreid=2 pinned to whse=4 (partid=3)
PinToWarehouseId(): coreid=2 pinned to whse=5 (partid=4)
PinToWarehouseId(): coreid=2 pinned to whse=6 (partid=5)
[INFO] finished loading stock
[INFO]   * average stock record length: 8 bytes
timed region dataloading took 4484.65 ms
DB size: 636.398 MB
[0, 0, 0] txns persisted in loading phase
20251026-00:55.56-959600(us) 62038 ! run             (bench.cc:410):     # of nthreads:6
starting benchmark...
--------------Finish loading data and wait for others completing load phase ------------
tpcc: worker id 8 => warehouses [1, 2)
tpcc: worker id 9 => warehouses [2, 3)
tpcc: worker id 10 => warehouses [3, 4)
tpcc: worker id 11 => warehouses [4, 5)
tpcc: worker id 12 => warehouses [5, 6)
tpcc: worker id 13 => warehouses [6, 7)
No JEMALLOC_NO_RENAME
No JEMALLOC_NO_RENAME
No JEMALLOC_NO_RENAME
20251026-00:55.56-962585(us) 62038 * ParseNewFormat  (configuration.cc:99): Using new configuration format
20251026-00:55.56-962668(us) 62038 * ParseNewFormat  (configuration.cc:159): Loaded 1 sites in 1 shards
20251026-00:55.56-962753(us) 62038 * ParseNewFormat  (configuration.cc:99): Using new configuration format
20251026-00:55.56-962809(us) 62038 * ParseNewFormat  (configuration.cc:99): Using new configuration format
No JEMALLOC_NO_RENAME
20251026-00:55.56-962881(us) 62038 * ParseNewFormat  (configuration.cc:159): Loaded 1 sites in 1 shards
No JEMALLOC_NO_RENAME
No JEMALLOC_NO_RENAME
20251026-00:55.56-962987(us) 62038 * ParseNewFormat  (configuration.cc:99): Using new configuration format
20251026-00:55.56-963066(us) 62038 * ParseNewFormat  (configuration.cc:159): Loaded 1 sites in 1 shards
[TRANSPORT] Using default: rrr
20251026-00:55.56-963194(us) 62038 * ParseNewFormat  (configuration.cc:99): Using new configuration format
20251026-00:55.56-963253(us) 62038 * ParseNewFormat  (configuration.cc:159): Loaded 1 sites in 1 shards
[TRANSPORT] Using default: rrr
20251026-00:55.56-963322(us) 62038 * Initialize      (rrr_rpc_backend.cc:85): RrrRpcBackend initialized on 127.0.0.1:31000 (listening on 0.0.0.0:31000)
20251026-00:55.56-963357(us) 62038 * FastTransport   (fasttransport.cc:116): FastTransport initialized with rrr/rpc backend on 127.0.0.1:31000
20251026-00:55.56-963452(us) 62038 * Initialize      (rrr_rpc_backend.cc:85): RrrRpcBackend initialized on 127.0.0.1:31001 (listening on 0.0.0.0:31001)
20251026-00:55.56-963479(us) 62038 * FastTransport   (fasttransport.cc:116): FastTransport initialized with rrr/rpc backend on 127.0.0.1:31001
20251026-00:55.56-963604(us) 62038 * ParseNewFormat  (configuration.cc:99): Using new configuration format
20251026-00:55.56-963659(us) 62038 * ParseNewFormat  (configuration.cc:159): Loaded 1 sites in 1 shards
20251026-00:55.56-963692(us) 62038 * ParseNewFormat  (configuration.cc:99): Using new configuration format
20251026-00:55.56-963728(us) 62038 * ParseNewFormat  (configuration.cc:159): Loaded 1 sites in 1 shards
20251026-00:55.56-963760(us) 62038 * ParseNewFormat  (configuration.cc:159): Loaded 1 sites in 1 shards
20251026-00:55.56-963820(us) 62038 * ParseNewFormat  (configuration.cc:99): Using new configuration format
20251026-00:55.56-963871(us) 62038 * ParseNewFormat  (configuration.cc:99): Using new configuration format
20251026-00:55.56-963907(us) 62038 * ParseNewFormat  (configuration.cc:159): Loaded 1 sites in 1 shards
20251026-00:55.56-963961(us) 62038 * ParseNewFormat  (configuration.cc:99): Using new configuration format
20251026-00:55.56-963986(us) 62038 * ParseNewFormat  (configuration.cc:99): Using new configuration format
20251026-00:55.56-964054(us) 62038 * ParseNewFormat  (configuration.cc:159): Loaded 1 sites in 1 shards
20251026-00:55.56-964096(us) 62038 * ParseNewFormat  (configuration.cc:159): Loaded 1 sites in 1 shards
20251026-00:55.56-964130(us) 62038 * ParseNewFormat  (configuration.cc:99): Using new configuration format
[TRANSPORT] Using default: rrr
20251026-00:55.56-964192(us) 62038 * ParseNewFormat  (configuration.cc:159): Loaded 1 sites in 1 shards
20251026-00:55.56-964239(us) 62038 * ParseNewFormat  (configuration.cc:99): Using new configuration format
[TRANSPORT] Using default: rrr
20251026-00:55.56-964268(us) 62038 * Initialize      (rrr_rpc_backend.cc:85): RrrRpcBackend initialized on 127.0.0.1:31002 (listening on 0.0.0.0:31002)
20251026-00:55.56-964287(us) 62038 * FastTransport   (fasttransport.cc:116): FastTransport initialized with rrr/rpc backend on 127.0.0.1:31002
20251026-00:55.56-964321(us) 62038 * ParseNewFormat  (configuration.cc:99): Using new configuration format
20251026-00:55.56-964369(us) 62038 * ParseNewFormat  (configuration.cc:159): Loaded 1 sites in 1 shards
20251026-00:55.56-964408(us) 62038 * ParseNewFormat  (configuration.cc:159): Loaded 1 sites in 1 shards
[TRANSPORT] Using default: rrr
20251026-00:55.56-964454(us) 62038 * Initialize      (rrr_rpc_backend.cc:85): RrrRpcBackend initialized on 127.0.0.1:31003 (listening on 0.0.0.0:31003)
20251026-00:55.56-964495(us) 62038 * FastTransport   (fasttransport.cc:116): FastTransport initialized with rrr/rpc backend on 127.0.0.1:31003
20251026-00:55.56-964529(us) 62038 * ParseNewFormat  (configuration.cc:99): Using new configuration format
20251026-00:55.56-964569(us) 62038 * ParseNewFormat  (configuration.cc:159): Loaded 1 sites in 1 shards
20251026-00:55.56-964590(us) 62038 * Initialize      (rrr_rpc_backend.cc:85): RrrRpcBackend initialized on 127.0.0.1:31005 (listening on 0.0.0.0:31005)
20251026-00:55.56-964613(us) 62038 * FastTransport   (fasttransport.cc:116): FastTransport initialized with rrr/rpc backend on 127.0.0.1:31005
20251026-00:55.56-964675(us) 62038 * ParseNewFormat  (configuration.cc:99): Using new configuration format
20251026-00:55.56-964709(us) 62038 * ParseNewFormat  (configuration.cc:159): Loaded 1 sites in 1 shards
20251026-00:55.56-964813(us) 62038 * ParseNewFormat  (configuration.cc:99): Using new configuration format
20251026-00:55.56-964852(us) 62038 * ParseNewFormat  (configuration.cc:159): Loaded 1 sites in 1 shards
20251026-00:55.56-964955(us) 62038 * ParseNewFormat  (configuration.cc:159): Loaded 1 sites in 1 shards
[TRANSPORT] Using default: rrr
20251026-00:55.56-977183(us) 62038 * Initialize      (rrr_rpc_backend.cc:85): RrrRpcBackend initialized on 127.0.0.1:31004 (listening on 0.0.0.0:31004)
20251026-00:55.56-977238(us) 62038 * FastTransport   (fasttransport.cc:116): FastTransport initialized with rrr/rpc backend on 127.0.0.1:31004
20251026-00:55.56-977401(us) 62038 * ParseNewFormat  (configuration.cc:99): Using new configuration format
20251026-00:55.56-977442(us) 62038 * ParseNewFormat  (configuration.cc:159): Loaded 1 sites in 1 shards
20251026-00:55.56-977520(us) 62038 ! run             (bench.cc:461):     start the running time, runTime:30
20251026-00:55.56-977553(us) 62038 ! run             (bench.cc:473):     runtime time left:30000 ms, bool:1
20251026-00:55.57-984316(us) 62038 ! run             (bench.cc:473):     runtime time left:29000 ms, bool:1
20251026-00:55.58-991343(us) 62038 ! run             (bench.cc:473):     runtime time left:28000 ms, bool:1
20251026-00:56.00-3129(us) 62038 ! run             (bench.cc:473):     runtime time left:27000 ms, bool:1
20251026-00:56.01-9630(us) 62038 ! run             (bench.cc:473):     runtime time left:26000 ms, bool:1
20251026-00:56.02-17886(us) 62038 ! run             (bench.cc:473):     runtime time left:25000 ms, bool:1
20251026-00:56.03-24786(us) 62038 ! run             (bench.cc:473):     runtime time left:24000 ms, bool:1
20251026-00:56.04-34035(us) 62038 ! run             (bench.cc:473):     runtime time left:23000 ms, bool:1
20251026-00:56.05-40858(us) 62038 ! run             (bench.cc:473):     runtime time left:22000 ms, bool:1
20251026-00:56.06-51005(us) 62038 ! run             (bench.cc:473):     runtime time left:21000 ms, bool:1
20251026-00:56.07-57724(us) 62038 ! run             (bench.cc:473):     runtime time left:20000 ms, bool:1
20251026-00:56.08-64605(us) 62038 ! run             (bench.cc:473):     runtime time left:19000 ms, bool:1
20251026-00:56.09-71338(us) 62038 ! run             (bench.cc:473):     runtime time left:18000 ms, bool:1
20251026-00:56.10-82622(us) 62038 ! run             (bench.cc:473):     runtime time left:17000 ms, bool:1
20251026-00:56.11-90851(us) 62038 ! run             (bench.cc:473):     runtime time left:16000 ms, bool:1
20251026-00:56.12-100117(us) 62038 ! run             (bench.cc:473):     runtime time left:15000 ms, bool:1
20251026-00:56.13-110046(us) 62038 ! run             (bench.cc:473):     runtime time left:14000 ms, bool:1
20251026-00:56.14-116684(us) 62038 ! run             (bench.cc:473):     runtime time left:13000 ms, bool:1
20251026-00:56.15-125940(us) 62038 ! run             (bench.cc:473):     runtime time left:12000 ms, bool:1
20251026-00:56.16-133123(us) 62038 ! run             (bench.cc:473):     runtime time left:11000 ms, bool:1
20251026-00:56.17-140914(us) 62038 ! run             (bench.cc:473):     runtime time left:10000 ms, bool:1
20251026-00:56.18-148685(us) 62038 ! run             (bench.cc:473):     runtime time left:9000 ms, bool:1
20251026-00:56.19-156263(us) 62038 ! run             (bench.cc:473):     runtime time left:8000 ms, bool:1
20251026-00:56.20-163624(us) 62038 ! run             (bench.cc:473):     runtime time left:7000 ms, bool:1
20251026-00:56.21-171688(us) 62038 ! run             (bench.cc:473):     runtime time left:6000 ms, bool:1
20251026-00:56.22-178987(us) 62038 ! run             (bench.cc:473):     runtime time left:5000 ms, bool:1
20251026-00:56.23-188578(us) 62038 ! run             (bench.cc:473):     runtime time left:4000 ms, bool:1
20251026-00:56.24-195707(us) 62038 ! run             (bench.cc:473):     runtime time left:3000 ms, bool:1
20251026-00:56.25-204028(us) 62038 ! run             (bench.cc:473):     runtime time left:2000 ms, bool:1
20251026-00:56.26-211017(us) 62038 ! run             (bench.cc:473):     runtime time left:1000 ms, bool:1
20251026-00:56.27-218178(us) 62038 ! run             (bench.cc:483):     runtime_plus:0
[SHUTDOWN] Setting running=false to stop database worker threads
[SHUTDOWN] Calling first stop() to stop client transportsjump out the while loop
jump out the while loop
jump out the while loop
20251026-00:56.27-218304(us) 62038 * jump out the while loop
PrintStats      (rrr_rpc_backend.cc:679): jump out the while loop
RrrRpcBackend request stats: msg_size_req_sent: 0 bytes, counter: 0, avg: -nan
jump out the while loop

20251026-00:56.27-218387(us) 62038 * PrintStats      (rrr_rpc_backend.cc:679): RrrRpcBackend request stats: msg_size_req_sent: 0 bytes, counter: 0, avg: -nan
20251026-00:56.27-218426(us) 62038 * PrintStats      (rrr_rpc_backend.cc:679): RrrRpcBackend request stats: msg_size_req_sent: 0 bytes, counter: 0, avg: -nan
20251026-00:56.27-218479(us) 62038 * PrintStats      (rrr_rpc_backend.cc:679): RrrRpcBackend request stats: msg_size_req_sent: 0 bytes, counter: 0, avg: -nan
20251026-00:56.27-218530(us) 62038 * PrintStats      (rrr_rpc_backend.cc:679): RrrRpcBackend request stats: msg_size_req_sent: 0 bytes, counter: 0, avg: -nan
20251026-00:56.27-218573(us) 62038 ! stop            (bench.cc:332):     stop all erpc clients. set stop=false
20251026-00:56.27-218599(us) 62038 * Stop            (rrr_rpc_backend.cc:589): RrrRpcBackend::Stop: BEGIN - Setting stop flag
20251026-00:56.27-218621(us) 62038 * Stop            (rrr_rpc_backend.cc:592): RrrRpcBackend::Stop: Waiting for event loop to exit...
20251026-00:56.27-218647(us) 62038 * Stop            (rrr_rpc_backend.cc:608): RrrRpcBackend::Stop: Event loop exited successfully
20251026-00:56.27-218666(us) 62038 * Stop            (rrr_rpc_backend.cc:612): RrrRpcBackend::Stop: Signaling 0 request queues to stop
20251026-00:56.27-218692(us) 62038 * Stop            (rrr_rpc_backend.cc:620): RrrRpcBackend::Stop: Signaling 0 response queues to stop
20251026-00:56.27-218712(us) 62038 * Stop            (rrr_rpc_backend.cc:631): RrrRpcBackend::Stop: Server cleanup deferred to destructor
20251026-00:56.27-218738(us) 62038 * Stop            (rrr_rpc_backend.cc:634): RrrRpcBackend::Stop: Closing client connections
20251026-00:56.27-218757(us) 62038 * Stop            (rrr_rpc_backend.cc:638): RrrRpcBackend::Stop: Found 0 client connections to close
20251026-00:56.27-218783(us) 62038 * Stop            (rrr_rpc_backend.cc:658): RrrRpcBackend::Stop: Closed 0 client connections
20251026-00:56.27-218802(us) 62038 * Stop            (rrr_rpc_backend.cc:670): RrrRpcBackend stats: msg_size_resp_sent: 0 bytes, counter: 0, avg: -nan
20251026-00:56.27-218829(us) 62038 * Stop            (rrr_rpc_backend.cc:673): RrrRpcBackend::Stop: END
20251026-00:56.27-218856(us) 62038 * Stop            (rrr_rpc_backend.cc:589): RrrRpcBackend::Stop: BEGIN - Setting stop flag
20251026-00:56.27-218883(us) 62038 * Stop            (rrr_rpc_backend.cc:592): RrrRpcBackend::Stop: Waiting for event loop to exit...
20251026-00:56.27-218909(us) 62038 * Stop            (rrr_rpc_backend.cc:608): RrrRpcBackend::Stop: Event loop exited successfully
20251026-00:56.27-218935(us) 62038 * Stop            (rrr_rpc_backend.cc:612): RrrRpcBackend::Stop: Signaling 0 request queues to stop
20251026-00:56.27-218962(us) 62038 * Stop            (rrr_rpc_backend.cc:620): RrrRpcBackend::Stop: Signaling 0 response queues to stop
20251026-00:56.27-218988(us) 62038 * Stop            (rrr_rpc_backend.cc:631): RrrRpcBackend::Stop: Server cleanup deferred to destructor
20251026-00:56.27-219015(us) 62038 * Stop            (rrr_rpc_backend.cc:634): RrrRpcBackend::Stop: Closing client connections
20251026-00:56.27-219041(us) 62038 * Stop            (rrr_rpc_backend.cc:638): RrrRpcBackend::Stop: Found 0 client connections to close
20251026-00:56.27-219067(us) 62038 * Stop            (rrr_rpc_backend.cc:658): RrrRpcBackend::Stop: Closed 0 client connections
20251026-00:56.27-219094(us) 62038 * Stop            (rrr_rpc_backend.cc:670): RrrRpcBackend stats: msg_size_resp_sent: 0 bytes, counter: 0, avg: -nan
20251026-00:56.27-219120(us) 62038 * Stop            (rrr_rpc_backend.cc:673): RrrRpcBackend::Stop: END
20251026-00:56.27-219147(us) 62038 * Stop            (rrr_rpc_backend.cc:589): RrrRpcBackend::Stop: BEGIN - Setting stop flag
20251026-00:56.27-219193(us) 62038 * Stop            (rrr_rpc_backend.cc:592): RrrRpcBackend::Stop: Waiting for event loop to exit...
20251026-00:56.27-219220(us) 62038 * Stop            (rrr_rpc_backend.cc:608): RrrRpcBackend::Stop: Event loop exited successfully
20251026-00:56.27-219253(us) 62038 * Stop            (rrr_rpc_backend.cc:612): RrrRpcBackend::Stop: Signaling 0 request queues to stop
20251026-00:56.27-219280(us) 62038 * Stop            (rrr_rpc_backend.cc:620): RrrRpcBackend::Stop: Signaling 0 response queues to stop
20251026-00:56.27-219307(us) 62038 * Stop            (rrr_rpc_backend.cc:631): RrrRpcBackend::Stop: Server cleanup deferred to destructor
20251026-00:56.27-219333(us) 62038 * Stop            (rrr_rpc_backend.cc:634): RrrRpcBackend::Stop: Closing client connections
20251026-00:56.27-219372(us) 62038 * PrintStats      (rrr_rpc_backend.cc:679): RrrRpcBackend request stats: msg_size_req_sent: 0 bytes, counter: 0, avg: -nan
20251026-00:56.27-219419(us) 62038 * Stop            (rrr_rpc_backend.cc:638): RrrRpcBackend::Stop: Found 0 client connections to close
20251026-00:56.27-219457(us) 62038 * Stop            (rrr_rpc_backend.cc:658): RrrRpcBackend::Stop: Closed 0 client connections
20251026-00:56.27-219475(us) 62038 * Stop            (rrr_rpc_backend.cc:670): RrrRpcBackend stats: msg_size_resp_sent: 0 bytes, counter: 0, avg: -nan
20251026-00:56.27-219491(us) 62038 * Stop            (rrr_rpc_backend.cc:673): RrrRpcBackend::Stop: END
20251026-00:56.27-219509(us) 62038 * Stop            (rrr_rpc_backend.cc:589): RrrRpcBackend::Stop: BEGIN - Setting stop flag
20251026-00:56.27-219525(us) 62038 * Stop            (rrr_rpc_backend.cc:592): RrrRpcBackend::Stop: Waiting for event loop to exit...
20251026-00:56.27-219539(us) 62038 * Stop            (rrr_rpc_backend.cc:608): RrrRpcBackend::Stop: Event loop exited successfully
20251026-00:56.27-219553(us) 62038 * Stop            (rrr_rpc_backend.cc:612): RrrRpcBackend::Stop: Signaling 0 request queues to stop
20251026-00:56.27-219567(us) 62038 * Stop            (rrr_rpc_backend.cc:620): RrrRpcBackend::Stop: Signaling 0 response queues to stop
20251026-00:56.27-219582(us) 62038 * Stop            (rrr_rpc_backend.cc:631): RrrRpcBackend::Stop: Server cleanup deferred to destructor
20251026-00:56.27-219596(us) 62038 * Stop            (rrr_rpc_backend.cc:634): RrrRpcBackend::Stop: Closing client connections
20251026-00:56.27-219610(us) 62038 * Stop            (rrr_rpc_backend.cc:638): RrrRpcBackend::Stop: Found 0 client connections to close
20251026-00:56.27-219624(us) 62038 * Stop            (rrr_rpc_backend.cc:658): RrrRpcBackend::Stop: Closed 0 client connections
20251026-00:56.27-219638(us) 62038 * Stop            (rrr_rpc_backend.cc:670): RrrRpcBackend stats: msg_size_resp_sent: 0 bytes, counter: 0, avg: -nan
20251026-00:56.27-219652(us) 62038 * Stop            (rrr_rpc_backend.cc:673): RrrRpcBackend::Stop: END
20251026-00:56.27-219669(us) 62038 * Stop            (rrr_rpc_backend.cc:589): RrrRpcBackend::Stop: BEGIN - Setting stop flag
20251026-00:56.27-219687(us) 62038 * Stop            (rrr_rpc_backend.cc:592): RrrRpcBackend::Stop: Waiting for event loop to exit...
20251026-00:56.27-219702(us) 62038 * Stop            (rrr_rpc_backend.cc:608): RrrRpcBackend::Stop: Event loop exited successfully
20251026-00:56.27-219716(us) 62038 * Stop            (rrr_rpc_backend.cc:612): RrrRpcBackend::Stop: Signaling 0 request queues to stop
20251026-00:56.27-219730(us) 62038 * Stop            (rrr_rpc_backend.cc:620): RrrRpcBackend::Stop: Signaling 0 response queues to stop
20251026-00:56.27-219744(us) 62038 * Stop            (rrr_rpc_backend.cc:631): RrrRpcBackend::Stop: Server cleanup deferred to destructor
20251026-00:56.27-219758(us) 62038 * Stop            (rrr_rpc_backend.cc:634): RrrRpcBackend::Stop: Closing client connections
20251026-00:56.27-219775(us) 62038 * Stop            (rrr_rpc_backend.cc:638): RrrRpcBackend::Stop: Found 0 client connections to close
20251026-00:56.27-219789(us) 62038 * Stop            (rrr_rpc_backend.cc:658): RrrRpcBackend::Stop: Closed 0 client connections
20251026-00:56.27-219803(us) 62038 * Stop            (rrr_rpc_backend.cc:670): RrrRpcBackend stats: msg_size_resp_sent: 0 bytes, counter: 0, avg: -nan
20251026-00:56.27-219817(us) 62038 * Stop            (rrr_rpc_backend.cc:673): RrrRpcBackend::Stop: END
20251026-00:56.27-219838(us) 62038 * Stop            (rrr_rpc_backend.cc:589): RrrRpcBackend::Stop: BEGIN - Setting stop flag
20251026-00:56.27-219856(us) 62038 * Stop            (rrr_rpc_backend.cc:592): RrrRpcBackend::Stop: Waiting for event loop to exit...
20251026-00:56.27-219872(us) 62038 * Stop            (rrr_rpc_backend.cc:608): RrrRpcBackend::Stop: Event loop exited successfully
20251026-00:56.27-219886(us) 62038 * Stop            (rrr_rpc_backend.cc:612): RrrRpcBackend::Stop: Signaling 0 request queues to stop
20251026-00:56.27-219900(us) 62038 * Stop            (rrr_rpc_backend.cc:620): RrrRpcBackend::Stop: Signaling 0 response queues to stop
20251026-00:56.27-219914(us) 62038 * Stop            (rrr_rpc_backend.cc:631): RrrRpcBackend::Stop: Server cleanup deferred to destructor
20251026-00:56.27-219928(us) 62038 * Stop            (rrr_rpc_backend.cc:634): RrrRpcBackend::Stop: Closing client connections
20251026-00:56.27-219942(us) 62038 * Stop            (rrr_rpc_backend.cc:638): RrrRpcBackend::Stop: Found 0 client connections to close
20251026-00:56.27-219956(us) 62038 * Stop            (rrr_rpc_backend.cc:658): RrrRpcBackend::Stop: Closed 0 client connections
20251026-00:56.27-219970(us) 62038 * Stop            (rrr_rpc_backend.cc:670): RrrRpcBackend stats: msg_size_resp_sent: 0 bytes, counter: 0, avg: -nan
20251026-00:56.27-219984(us) 62038 * Stop            (rrr_rpc_backend.cc:673): RrrRpcBackend::Stop: END
[SHUTDOWN] First stop() completed
[SHUTDOWN] Joining 6 worker threads
[SHUTDOWN] Joining worker 0
[SHUTDOWN] Worker 0 joined
[SHUTDOWN] Joining worker 1
[SHUTDOWN] Worker 1 joined
[SHUTDOWN] Joining worker 2
[SHUTDOWN] Worker 2 joined
[SHUTDOWN] Joining worker 3
[SHUTDOWN] Worker 3 joined
[SHUTDOWN] Joining worker 4
[SHUTDOWN] Worker 4 joined
[SHUTDOWN] Joining worker 5
[SHUTDOWN] Worker 5 joined
[SHUTDOWN] All workers joined
[SHUTDOWN] Calling stop_erpc_server()
[STOP_SERVER] Stopping 2 server transports
[STOP_SERVER] Stopping server transport 0
20251026-00:56.28-219741(us) 62038 * Stop            (rrr_rpc_backend.cc:589): RrrRpcBackend::Stop: BEGIN - Setting stop flag
20251026-00:56.28-219766(us) 62038 * Stop            (rrr_rpc_backend.cc:592): RrrRpcBackend::Stop: Waiting for event loop to exit...
20251026-00:56.28-219790(us) 62038 * RunEventLoop    (rrr_rpc_backend.cc:573): RrrRpcBackend::RunEventLoop: Stop flag detected, exiting event loop
20251026-00:56.28-219815(us) 62038 * RunEventLoop    (rrr_rpc_backend.cc:577): RrrRpcBackend::RunEventLoop: Exited cleanly
20251026-00:56.28-219830(us) 62038 * erpc_server     (rpc_setup.cc:121): the erpc_server is terminated on shardIdx:0, alpha:0!
20251026-00:56.28-229861(us) 62038 * Stop            (rrr_rpc_backend.cc:608): RrrRpcBackend::Stop: Event loop exited successfully
20251026-00:56.28-229894(us) 62038 * Stop            (rrr_rpc_backend.cc:612): RrrRpcBackend::Stop: Signaling 0 request queues to stop
20251026-00:56.28-229910(us) 62038 * Stop            (rrr_rpc_backend.cc:620): RrrRpcBackend::Stop: Signaling 0 response queues to stop
20251026-00:56.28-229924(us) 62038 * Stop            (rrr_rpc_backend.cc:631): RrrRpcBackend::Stop: Server cleanup deferred to destructor
20251026-00:56.28-229938(us) 62038 * Stop            (rrr_rpc_backend.cc:634): RrrRpcBackend::Stop: Closing client connections
20251026-00:56.28-229952(us) 62038 * Stop            (rrr_rpc_backend.cc:638): RrrRpcBackend::Stop: Found 0 client connections to close
20251026-00:56.28-229987(us) 62038 * Stop            (rrr_rpc_backend.cc:658): RrrRpcBackend::Stop: Closed 0 client connections
20251026-00:56.28-230001(us) 62038 * Stop            (rrr_rpc_backend.cc:670): RrrRpcBackend stats: msg_size_resp_sent: 0 bytes, counter: 0, avg: -nan
20251026-00:56.28-230017(us) 62038 * Stop            (rrr_rpc_backend.cc:673): RrrRpcBackend::Stop: END
[STOP_SERVER] Server transport 0 stopped
[STOP_SERVER] Stopping server transport 1
20251026-00:56.28-230047(us) 62038 * Stop            (rrr_rpc_backend.cc:589): RrrRpcBackend::Stop: BEGIN - Setting stop flag
20251026-00:56.28-230077(us) 62038 * Stop            (rrr_rpc_backend.cc:592): RrrRpcBackend::Stop: Waiting for event loop to exit...
20251026-00:56.28-230106(us) 62038 * RunEventLoop    (rrr_rpc_backend.cc:573): RrrRpcBackend::RunEventLoop: Stop flag detected, exiting event loop
20251026-00:56.28-230132(us) 62038 * RunEventLoop    (rrr_rpc_backend.cc:577): RrrRpcBackend::RunEventLoop: Exited cleanly
20251026-00:56.28-230147(us) 62038 * erpc_server     (rpc_setup.cc:121): the erpc_server is terminated on shardIdx:0, alpha:1!
20251026-00:56.28-240162(us) 62038 * Stop            (rrr_rpc_backend.cc:608): RrrRpcBackend::Stop: Event loop exited successfully
20251026-00:56.28-240197(us) 62038 * Stop            (rrr_rpc_backend.cc:612): RrrRpcBackend::Stop: Signaling 0 request queues to stop
20251026-00:56.28-240216(us) 62038 * Stop            (rrr_rpc_backend.cc:620): RrrRpcBackend::Stop: Signaling 0 response queues to stop
20251026-00:56.28-240232(us) 62038 * Stop            (rrr_rpc_backend.cc:631): RrrRpcBackend::Stop: Server cleanup deferred to destructor
20251026-00:56.28-240246(us) 62038 * Stop            (rrr_rpc_backend.cc:634): RrrRpcBackend::Stop: Closing client connections
20251026-00:56.28-240260(us) 62038 * Stop            (rrr_rpc_backend.cc:638): RrrRpcBackend::Stop: Found 0 client connections to close
20251026-00:56.28-240274(us) 62038 * Stop            (rrr_rpc_backend.cc:658): RrrRpcBackend::Stop: Closed 0 client connections
20251026-00:56.28-240288(us) 62038 * Stop            (rrr_rpc_backend.cc:670): RrrRpcBackend stats: msg_size_resp_sent: 0 bytes, counter: 0, avg: -nan
20251026-00:56.28-240303(us) 62038 * Stop            (rrr_rpc_backend.cc:673): RrrRpcBackend::Stop: END
[STOP_SERVER] Server transport 1 stopped
[STOP_SERVER] All server transports stopped
[SHUTDOWN] stop_erpc_server() completed
[SHUTDOWN] Calling second stop()
20251026-00:56.28-240345(us) 62038 ! stop            (bench.cc:332):     stop all erpc clients. set stop=false
[SHUTDOWN] Second stop() completed
[SHUTDOWN] Calling do_txn_finish()
[SHUTDOWN] do_txn_finish() completed
--- n_commits per partition ---
 par_id: 0, n_commits: 1512889
 par_id: 1, n_commits: 1563458
 par_id: 2, n_commits: 1505628
 par_id: 3, n_commits: 1534425
 par_id: 4, n_commits: 1588831
 par_id: 5, n_commits: 1558014
--- benchmark statistics ---
runtime: 30.2629 sec
memory delta: 5897.87 MB
n_commits: 9263245
latency_numer_us: 176042175
latency_numer_us_remote: 0
memory delta rate: 194.888 MB/sec
logical memory delta: 587.634 MB
logical memory delta rate: 19.4176 MB/sec
agg_nosync_throughput: 306093 ops/sec
avg_nosync_per_core_throughput: 51015.5 ops/sec/core
agg_throughput: 306092 ops/sec
avg_per_core_throughput: 51015.4 ops/sec/core
agg_persist_throughput: 306092 ops/sec
avg_per_core_persist_throughput: 51015.4 ops/sec/core
avg_latency: 0.0190044 ms
avg_persist_latency: 0 ms
agg_abort_rate: 60.2057 aborts/sec
avg_per_core_abort_rate: 10.0343 aborts/sec/core
  NewOrder_local_commit_latency: 0.0194178 ms
  NewOrder_local_abort_latency: 0.0393036 ms
  NewOrder_local_abort_ratio: 8.41973e-05
  Payment_local_commit_latency: 0.00596697 ms
  Payment_local_abort_latency: 0.0239739 ms
  Payment_local_abort_ratio: 4.76903e-06
  Delivery_local_commit_latency: 0.0788741 ms
  Delivery_local_abort_latency: -nan ms
  Delivery_local_abort_ratio: 0
  OrderStatus_local_commit_latency: 0.00638551 ms
  OrderStatus_local_abort_latency: 0.02297 ms
  OrderStatus_local_abort_ratio: 2.69548e-06
  StockLevel_local_commit_latency: 0.120121 ms
  StockLevel_local_abort_latency: 0.137552 ms
  StockLevel_local_abort_ratio: 0.00391758
  NewOrder_remote_ratio: 0 %
  NewOrder_remote_abort_ratio: -nan %
  NewOrder_remote_commit_latency: -nan ms
  NewOrder_remote_abort_latency: -nan ms
  Payment_remote_ratio: 0 %
  Payment_remote_abort_ratio: -nan %
  Payment_remote_commit_latency: -nan ms
  Payment_remote_abort_latency: -nan ms
--- system counters (for benchmark) ---
--- perf counters (if enabled, for benchmark) ---
TxnPayment:      tsc           
  avg            16497.1       
  total          65725175740   
  count          3984042       
TxnNewOrder:     tsc           
  avg            54144.8       
  total          225717710008  
  count          4168781       
TxnStockLevel:   tsc           
  avg            336133        
  total          124497654344  
  count          370382        
TxnOrderStatus:  tsc           
  avg            17616.8       
  total          6535689608    
  count          370991        
StockLevelOrderLineScan:tod-usec      
  avg            19.9535       
  total          7390403       
  count          370382        
StockLevelLoopJoinIter:tod-usec      
  avg            0.431771      
  total          31438378      
  count          72812570      
StockLevelLoopJoinGet:tod-usec      
  avg            0.36499       
  total          26575866      
  count          72812570      
TxnDelivery:     tsc           
  avg            220433        
  total          81752031816   
  count          370871        
DeliverNewOrderScan:tod-usec      
  avg            0.497893      
  total          1846542       
  count          3708710       
--- allocator stats ---
[allocator] ncpus=6
[allocator] cpu=0 fully_faulted?=0 remaining=180355072 bytes
[allocator] cpu=1 fully_faulted?=0 remaining=180355072 bytes
[allocator] cpu=2 fully_faulted?=0 remaining=180355072 bytes
[allocator] cpu=3 fully_faulted?=0 remaining=180355072 bytes
[allocator] cpu=4 fully_faulted?=0 remaining=180355072 bytes
[allocator] cpu=5 fully_faulted?=0 remaining=180355072 bytes
---------------------------------------
--- system counters for n_comits ---
[STOP_SERVER] Stopping 2 server transports
[STOP_SERVER] Stopping server transport 0
20251026-00:56.28-241351(us) 62038 * Stop            (rrr_rpc_backend.cc:585): RrrRpcBackend::Stop: Already stopped, returning
[STOP_SERVER] Server transport 0 stopped
[STOP_SERVER] Stopping server transport 1
20251026-00:56.28-241384(us) 62038 * Stop            (rrr_rpc_backend.cc:585): RrrRpcBackend::Stop: Already stopped, returning
[STOP_SERVER] Server transport 1 stopped
[STOP_SERVER] All server transports stopped
