20251026-00:57.09-955883(us) 62707 * ParseNewFormat  (configuration.cc:99): Using new configuration format
20251026-00:57.09-955984(us) 62707 * ParseNewFormat  (configuration.cc:159): Loaded 1 sites in 1 shards
20251026-00:57.09-956010(us) 62707 * handle_new_config_format (dbtest.cc:131):    Site local_s0: shard=0, replica_idx=0, is_leader=1, cluster=localhost
allocator::Initialize()
  hugepgsize: 2097152
  use MADV_WILLNEED: 1
  mmap() region [0x7f1500600000, 0x7f1540800000)
cpu0 owns [0x7f1500600000, 0x7f1508600000)
cpu1 owns [0x7f1508600000, 0x7f1510600000)
cpu2 owns [0x7f1510600000, 0x7f1518600000)
cpu3 owns [0x7f1518600000, 0x7f1520600000)
cpu4 owns [0x7f1520600000, 0x7f1528600000)
cpu5 owns [0x7f1528600000, 0x7f1530600000)
cpu6 owns [0x7f1530600000, 0x7f1538600000)
cpu7 owns [0x7f1538600000, 0x7f1540600000)
Database Benchmark:
  pid: 62707
settings:
  num-cpus    : 8
  num-threads : 8
  shardIndex  : 0
  paxos_proc_name  : localhost
  nshards     : 1
  is_micro    : 0
  is_replicated : 0
  var-encode  : yes
  allocator   : jemalloc
system properties:
  tuple_prefetch          : no
  btree_node_prefetch     : yes
tpcc settings:
  cross_partition_transactions : 1
  read_only_snapshots          : 1
  partition_locks              : 0
  separate_tree_per_partition  : 1
  new_order_remote_item_pct    : 1
  new_order_fast_id_gen        : 1
  uniform_item_dist            : 0
  order_status_scan_hack       : 0
  workload_mix                 : [45, 43, 4, 4, 4]
new table is createded with name: customer_0, table-id: 1, on shard-server id:0
new table is createded with name: customer_1, table-id: 2, on shard-server id:0
new table is createded with name: customer_2, table-id: 3, on shard-server id:0
new table is createded with name: customer_3, table-id: 4, on shard-server id:0
new table is createded with name: customer_4, table-id: 5, on shard-server id:0
new table is createded with name: customer_5, table-id: 6, on shard-server id:0
new table is createded with name: customer_6, table-id: 7, on shard-server id:0
new table is createded with name: customer_7, table-id: 8, on shard-server id:0
new table is createded with name: customer_name_idx_0, table-id: 9, on shard-server id:0
new table is createded with name: customer_name_idx_1, table-id: 10, on shard-server id:0
new table is createded with name: customer_name_idx_2, table-id: 11, on shard-server id:0
new table is createded with name: customer_name_idx_3, table-id: 12, on shard-server id:0
new table is createded with name: customer_name_idx_4, table-id: 13, on shard-server id:0
new table is createded with name: customer_name_idx_5, table-id: 14, on shard-server id:0
new table is createded with name: customer_name_idx_6, table-id: 15, on shard-server id:0
new table is createded with name: customer_name_idx_7, table-id: 16, on shard-server id:0
new table is createded with name: district_0, table-id: 17, on shard-server id:0
new table is createded with name: district_1, table-id: 18, on shard-server id:0
new table is createded with name: district_2, table-id: 19, on shard-server id:0
new table is createded with name: district_3, table-id: 20, on shard-server id:0
new table is createded with name: district_4, table-id: 21, on shard-server id:0
new table is createded with name: district_5, table-id: 22, on shard-server id:0
new table is createded with name: district_6, table-id: 23, on shard-server id:0
new table is createded with name: district_7, table-id: 24, on shard-server id:0
new table is createded with name: history_0, table-id: 25, on shard-server id:0
new table is createded with name: history_1, table-id: 26, on shard-server id:0
new table is createded with name: history_2, table-id: 27, on shard-server id:0
new table is createded with name: history_3, table-id: 28, on shard-server id:0
new table is createded with name: history_4, table-id: 29, on shard-server id:0
new table is createded with name: history_5, table-id: 30, on shard-server id:0
new table is createded with name: history_6, table-id: 31, on shard-server id:0
new table is createded with name: history_7, table-id: 32, on shard-server id:0
new table is createded with name: new_order_0, table-id: 33, on shard-server id:0
new table is createded with name: new_order_1, table-id: 34, on shard-server id:0
new table is createded with name: new_order_2, table-id: 35, on shard-server id:0
new table is createded with name: new_order_3, table-id: 36, on shard-server id:0
new table is createded with name: new_order_4, table-id: 37, on shard-server id:0
new table is createded with name: new_order_5, table-id: 38, on shard-server id:0
new table is createded with name: new_order_6, table-id: 39, on shard-server id:0
new table is createded with name: new_order_7, table-id: 40, on shard-server id:0
new table is createded with name: oorder_0, table-id: 41, on shard-server id:0
new table is createded with name: oorder_1, table-id: 42, on shard-server id:0
new table is createded with name: oorder_2, table-id: 43, on shard-server id:0
new table is createded with name: oorder_3, table-id: 44, on shard-server id:0
new table is createded with name: oorder_4, table-id: 45, on shard-server id:0
new table is createded with name: oorder_5, table-id: 46, on shard-server id:0
new table is createded with name: oorder_6, table-id: 47, on shard-server id:0
new table is createded with name: oorder_7, table-id: 48, on shard-server id:0
new table is createded with name: oorder_c_id_idx_0, table-id: 49, on shard-server id:0
new table is createded with name: oorder_c_id_idx_1, table-id: 50, on shard-server id:0
new table is createded with name: oorder_c_id_idx_2, table-id: 51, on shard-server id:0
new table is createded with name: oorder_c_id_idx_3, table-id: 52, on shard-server id:0
new table is createded with name: oorder_c_id_idx_4, table-id: 53, on shard-server id:0
new table is createded with name: oorder_c_id_idx_5, table-id: 54, on shard-server id:0
new table is createded with name: oorder_c_id_idx_6, table-id: 55, on shard-server id:0
new table is createded with name: oorder_c_id_idx_7, table-id: 56, on shard-server id:0
new table is createded with name: order_line_0, table-id: 57, on shard-server id:0
new table is createded with name: order_line_1, table-id: 58, on shard-server id:0
new table is createded with name: order_line_2, table-id: 59, on shard-server id:0
new table is createded with name: order_line_3, table-id: 60, on shard-server id:0
new table is createded with name: order_line_4, table-id: 61, on shard-server id:0
new table is createded with name: order_line_5, table-id: 62, on shard-server id:0
new table is createded with name: order_line_6, table-id: 63, on shard-server id:0
new table is createded with name: order_line_7, table-id: 64, on shard-server id:0
new table is createded with name: stock_0, table-id: 65, on shard-server id:0
new table is createded with name: stock_1, table-id: 66, on shard-server id:0
new table is createded with name: stock_2, table-id: 67, on shard-server id:0
new table is createded with name: stock_3, table-id: 68, on shard-server id:0
new table is createded with name: stock_4, table-id: 69, on shard-server id:0
new table is createded with name: stock_5, table-id: 70, on shard-server id:0
new table is createded with name: stock_6, table-id: 71, on shard-server id:0
new table is createded with name: stock_7, table-id: 72, on shard-server id:0
new table is createded with name: stock_data_0, table-id: 73, on shard-server id:0
new table is createded with name: stock_data_1, table-id: 74, on shard-server id:0
new table is createded with name: stock_data_2, table-id: 75, on shard-server id:0
new table is createded with name: stock_data_3, table-id: 76, on shard-server id:0
new table is createded with name: stock_data_4, table-id: 77, on shard-server id:0
new table is createded with name: stock_data_5, table-id: 78, on shard-server id:0
new table is createded with name: stock_data_6, table-id: 79, on shard-server id:0
new table is createded with name: stock_data_7, table-id: 80, on shard-server id:0
new table is createded with name: warehouse_0, table-id: 81, on shard-server id:0
new table is createded with name: warehouse_1, table-id: 82, on shard-server id:0
new table is createded with name: warehouse_2, table-id: 83, on shard-server id:0
new table is createded with name: warehouse_3, table-id: 84, on shard-server id:0
new table is createded with name: warehouse_4, table-id: 85, on shard-server id:0
new table is createded with name: warehouse_5, table-id: 86, on shard-server id:0
new table is createded with name: warehouse_6, table-id: 87, on shard-server id:0
new table is createded with name: warehouse_7, table-id: 88, on shard-server id:0
new table is createded with name: item, table-id: 89, on shard-server id:0
20251026-00:57.09-957630(us) 62707 * ParseNewFormat  (configuration.cc:99): Using new configuration format
20251026-00:57.09-957693(us) 62707 * ParseNewFormat  (configuration.cc:159): Loaded 1 sites in 1 shards
20251026-00:57.09-957733(us) 62707 * ParseNewFormat  (configuration.cc:99): Using new configuration format
[TRANSPORT] Using default: rrr
20251026-00:57.09-957793(us) 62707 * ParseNewFormat  (configuration.cc:159): Loaded 1 sites in 1 shards
[TRANSPORT] Using default: rrr
20251026-00:57.09-957963(us) 62707 * Initialize      (rrr_rpc_backend.cc:85): RrrRpcBackend initialized on 127.0.0.1:31014 (listening on 0.0.0.0:31014)
20251026-00:57.09-958001(us) 62707 * FastTransport   (fasttransport.cc:116): FastTransport initialized with rrr/rpc backend on 127.0.0.1:31014
20251026-00:57.09-958024(us) 62707 * RunEventLoop    (rrr_rpc_backend.cc:508): RrrRpcBackend::RunEventLoop: Starting event loop
20251026-00:57.09-958053(us) 62707 * Initialize      (rrr_rpc_backend.cc:85): RrrRpcBackend initialized on 127.0.0.1:31013 (listening on 0.0.0.0:31013)
20251026-00:57.09-958076(us) 62707 * FastTransport   (fasttransport.cc:116): FastTransport initialized with rrr/rpc backend on 127.0.0.1:31013
20251026-00:57.09-958091(us) 62707 * RunEventLoop    (rrr_rpc_backend.cc:508): RrrRpcBackend::RunEventLoop: Starting event loop
20251026-00:57.09-959666(us) 62707 ! run             (bench.cc:357):     # of loaders size:6
start worker:1463
PinToWarehouseId(): coreid=2 pinned to whse=1 (partid=0)
[INFO] finished loading warehouse
[INFO]   * average warehouse record length: 97 bytes
PinToWarehouseId(): coreid=3 pinned to whse=1 (partid=0)
PinToWarehouseId(): coreid=3 pinned to whse=2 (partid=1)
PinToWarehouseId(): coreid=3 pinned to whse=3 (partid=2)
num batches: 30
PinToWarehouseId(): coreid=4 pinned to whse=1 (partid=0)
PinToWarehouseId(): coreid=3 pinned to whse=4 (partid=3)
PinToWarehouseId(): coreid=5 pinned to whse=1 (partid=PinToWarehouseId(): coreid=3 pinned to whse=5 (partid=4)
0)
PinToWarehouseId(): coreid=3 pinned to whse=6 (partid=5)
PinToWarehouseId(): coreid=3 pinned to whse=7 (partid=6)
PinToWarehouseId(): coreid=3 pinned to whse=8 (partid=7)
[INFO] finished loading district
[INFO]   * average district record length: 99 bytes
PinToWarehouseId(): coreid=5 pinned to whse=2 (partid=1)
[INFO] finished loading item
[INFO]   * average item record length: 84.1739 bytes
PinToWarehouseId(): coreid=5 pinned to whse=3 (partid=2)
PinToWarehouseId(): coreid=4 pinned to whse=2 (partid=1)
PinToWarehouseId(): coreid=5 pinned to whse=4 (partid=3)
PinToWarehouseId(): coreid=5 pinned to whse=5 (partid=4)
PinToWarehouseId(): coreid=4 pinned to whse=3 (partid=2)
PinToWarehouseId(): coreid=5 pinned to whse=6 (partid=5)
PinToWarehouseId(): coreid=5 pinned to whse=7 (partid=6)
PinToWarehouseId(): coreid=2 pinned to whse=2 (partid=1)
PinToWarehouseId(): coreid=5 pinned to whse=8 (partid=7)
PinToWarehouseId(): coreid=4 pinned to whse=4 (partid=3)
[INFO] finished loading order
[INFO]   * average order_line record length: 11.2675 bytes
[INFO]   * average oorder record length: 7.9102 bytes
[INFO]   * average new_order record length: 12 bytes
PinToWarehouseId(): coreid=4 pinned to whse=5 (partid=4)
PinToWarehouseId(): coreid=4 pinned to whse=6 (partid=5)
PinToWarehouseId(): coreid=2 pinned to whse=3 (partid=2)
PinToWarehouseId(): coreid=4 pinned to whse=7 (partid=6)
PinToWarehouseId(): coreid=4 pinned to whse=8 (partid=7)
[INFO] finished loading customer
[INFO]   * average customer record length: 153.966 bytes 
PinToWarehouseId(): coreid=2 pinned to whse=4 (partid=3)
PinToWarehouseId(): coreid=2 pinned to whse=5 (partid=4)
PinToWarehouseId(): coreid=2 pinned to whse=6 (partid=5)
PinToWarehouseId(): coreid=2 pinned to whse=7 (partid=6)
PinToWarehouseId(): coreid=2 pinned to whse=8 (partid=7)
[INFO] finished loading stock
[INFO]   * average stock record length: 8 bytes
timed region dataloading took 5901.71 ms
DB size: 807.652 MB
[0, 0, 0] txns persisted in loading phase
20251026-00:57.15-861466(us) 62707 ! run             (bench.cc:410):     # of nthreads:8
starting benchmark...
--------------Finish loading data and wait for others completing load phase ------------
tpcc: worker id 8 => warehouses [1, 2)
tpcc: worker id 9 => warehouses [2, 3)
tpcc: worker id 10 => warehouses [3, 4)
tpcc: worker id 11 => warehouses [4, 5)
tpcc: worker id 12 => warehouses [5, 6)
tpcc: worker id 13 => warehouses [6, 7)
tpcc: worker id 14 => warehouses [7, 8)
tpcc: worker id 15 => warehouses [8, 9)
No JEMALLOC_NO_RENAME
No JEMALLOC_NO_RENAME
No JEMALLOC_NO_RENAME
No JEMALLOC_NO_RENAME
No JEMALLOC_NO_RENAME
No JEMALLOC_NO_RENAME
20251026-00:57.15-865026(us) 62707 * ParseNewFormat  (configuration.cc:99): Using new configuration format
20251026-00:57.15-865100(us) 62707 * ParseNewFormat  (configuration.cc:99): No JEMALLOC_NO_RENAME
Using new configuration format
20251026-00:57.15-865196(us) 62707 No JEMALLOC_NO_RENAME
* ParseNewFormat  (configuration.cc:159): Loaded 1 sites in 1 shards
20251026-00:57.15-865262(us) 62707 * ParseNewFormat  (configuration.cc:99): Using new configuration format
20251026-00:57.15-865319(us) 62707 * ParseNewFormat  (configuration.cc:99): Using new configuration format
20251026-00:57.15-865382(us) 62707 * ParseNewFormat  (configuration.cc:159): Loaded 1 sites in 1 shards
20251026-00:57.15-865434(us) 62707 * ParseNewFormat  (configuration.cc:159): Loaded 1 sites in 1 shards
20251026-00:57.15-865479(us) 62707 * ParseNewFormat  (configuration.cc:99): Using new configuration format
20251026-00:57.15-865515(us) 62707 * ParseNewFormat  (configuration.cc:99): Using new configuration format
20251026-00:57.15-865578(us) 62707 * ParseNewFormat  (configuration.cc:99): Using new configuration format
20251026-00:57.15-865660(us) 62707 * ParseNewFormat  (configuration.cc:159): Loaded 1 sites in 1 shards
20251026-00:57.15-865697(us) 62707 * ParseNewFormat  (configuration.cc:99): Using new configuration format
20251026-00:57.15-865762(us) 62707 * ParseNewFormat  (configuration.cc:159): Loaded 1 sites in 1 shards
20251026-00:57.15-865924(us) 62707 * ParseNewFormat  (configuration.cc:99): Using new configuration format
20251026-00:57.15-865995(us) 62707 * ParseNewFormat  (configuration.cc:159): Loaded 1 sites in 1 shards
20251026-00:57.15-866040(us) 62707 * ParseNewFormat  (configuration.cc:99): Using new configuration format
20251026-00:57.15-866098(us) 62707 * ParseNewFormat  (configuration.cc:159): Loaded 1 sites in 1 shards
20251026-00:57.15-866203(us) 62707 * ParseNewFormat  (configuration.cc:99): Using new configuration format
[TRANSPORT] Using default: rrr
20251026-00:57.15-866255(us) 62707 * ParseNewFormat  (configuration.cc:99): Using new configuration format
20251026-00:57.15-866308(us) 62707 * ParseNewFormat  (configuration.cc:159): Loaded 1 sites in 1 shards
20251026-00:57.15-866366(us) 62707 * ParseNewFormat  (configuration.cc:159): Loaded 1 sites in 1 shards[TRANSPORT] Using default: rrr

20251026-00:57.15-866417(us) 62707 * ParseNewFormat  (configuration.cc:99): Using new configuration format
20251026-00:57.15-866470(us) 62707 * ParseNewFormat  (configuration.cc:99): Using new configuration format
20251026-00:57.15-866528(us) 62707 * ParseNewFormat  (configuration.cc:159): Loaded 1 sites in 1 shards
20251026-00:57.15-866579(us) 62707 * ParseNewFormat  (configuration.cc:159): Loaded 1 sites in 1 shards
[TRANSPORT] Using default: rrr
20251026-00:57.15-866650(us) 62707 * ParseNewFormat  (configuration.cc:159): Loaded 1 sites in 1 shards
[TRANSPORT] Using default: rrr
20251026-00:57.15-866700(us) 62707 * Initialize      (rrr_rpc_backend.cc:85): RrrRpcBackend initialized on 127.0.0.1:31003 (listening on 0.0.0.0:31003)
[TRANSPORT] Using default: rrr
20251026-00:57.15-866745(us) 62707 * FastTransport   (fasttransport.cc:116): FastTransport initialized with rrr/rpc backend on 127.0.0.1:31003
20251026-00:57.15-866765(us) 62707 * ParseNewFormat  (configuration.cc:159): Loaded 1 sites in 1 shards
20251026-00:57.15-866805(us) 62707 * Initialize      (rrr_rpc_backend.cc:85): RrrRpcBackend initialized on 127.0.0.1:31000 (listening on 0.0.0.0:31000)
20251026-00:57.15-866839(us) 62707 * FastTransport   (fasttransport.cc:116): FastTransport initialized with rrr/rpc backend on 127.0.0.1:31000
20251026-00:57.15-866879(us) 62707 * ParseNewFormat  (configuration.cc:99): Using new configuration format
20251026-00:57.15-866935(us) 62707 * Initialize      (rrr_rpc_backend.cc:85): RrrRpcBackend initialized on 127.0.0.1:31004 (listening on 0.0.0.0:31004)
20251026-00:57.15-866971(us) 62707 * FastTransport   (fasttransport.cc:116): FastTransport initialized with rrr/rpc backend on 127.0.0.1:31004
20251026-00:57.15-867005(us) 62707 * ParseNewFormat  (configuration.cc:159): Loaded 1 sites in 1 shards
20251026-00:57.15-867045(us) 62707 * ParseNewFormat  (configuration.cc:99): Using new configuration format
[TRANSPORT] Using default: rrr
20251026-00:57.15-867083(us) 62707 * ParseNewFormat  (configuration.cc:159): Loaded 1 sites in 1 shards
20251026-00:57.15-867200(us) 62707 * ParseNewFormat  (configuration.cc:99): Using new configuration format
20251026-00:57.15-867246(us) 62707 * ParseNewFormat  (configuration.cc:159): Loaded 1 sites in 1 shards
20251026-00:57.15-867325(us) 62707 * Initialize      (rrr_rpc_backend.cc:85): RrrRpcBackend initialized on 127.0.0.1:31002 (listening on 0.0.0.0:31002)
20251026-00:57.15-867357(us) 62707 * FastTransport   (fasttransport.cc:116): FastTransport initialized with rrr/rpc backend on 127.0.0.1:31002
20251026-00:57.15-867388(us) 62707 * ParseNewFormat  (configuration.cc:159): Loaded 1 sites in 1 shards
20251026-00:57.15-867438(us) 62707 * ParseNewFormat  (configuration.cc:99): Using new configuration format
20251026-00:57.15-867495(us) 62707 * Initialize      (rrr_rpc_backend.cc:85): RrrRpcBackend initialized on 127.0.0.1:31005 (listening on 0.0.0.0:31005)
20251026-00:57.15-867526(us) 62707 * FastTransport   (fasttransport.cc:116): FastTransport initialized with rrr/rpc backend on 127.0.0.1:31005
20251026-00:57.15-867555(us) 62707 * ParseNewFormat  (configuration.cc:159): Loaded 1 sites in 1 shards
20251026-00:57.15-867587(us) 62707 * ParseNewFormat  (configuration.cc:99): Using new configuration format
20251026-00:57.15-867626(us) 62707 * ParseNewFormat  (configuration.cc:99): Using new configuration format
20251026-00:57.15-867677(us) 62707 * ParseNewFormat  (configuration.cc:159): Loaded 1 sites in 1 shards
20251026-00:57.15-867708(us) 62707 * ParseNewFormat  (configuration.cc:159): Loaded 1 sites in 1 shards
[TRANSPORT] Using default: rrr
[TRANSPORT] Using default: rrr
20251026-00:57.15-872297(us) 62707 * Initialize      (rrr_rpc_backend.cc:85): RrrRpcBackend initialized on 127.0.0.1:31001 (listening on 0.0.0.0:31001)
20251026-00:57.15-872320(us) 62707 * FastTransport   (fasttransport.cc:116): FastTransport initialized with rrr/rpc backend on 127.0.0.1:31001
20251026-00:57.15-872359(us) 62707 * ParseNewFormat  (configuration.cc:99): Using new configuration format
20251026-00:57.15-872391(us) 62707 * Initialize      (rrr_rpc_backend.cc:85): RrrRpcBackend initialized on 127.0.0.1:31007 (listening on 0.0.0.0:31007)
20251026-00:57.15-872426(us) 62707 * FastTransport   (fasttransport.cc:116): FastTransport initialized with rrr/rpc backend on 127.0.0.1:31007
20251026-00:57.15-872507(us) 62707 * ParseNewFormat  (configuration.cc:99): Using new configuration format
20251026-00:57.15-872543(us) 62707 * ParseNewFormat  (configuration.cc:159): Loaded 1 sites in 1 shards
20251026-00:57.15-872587(us) 62707 * ParseNewFormat  (configuration.cc:99): Using new configuration format
20251026-00:57.15-872629(us) 62707 * ParseNewFormat  (configuration.cc:159): Loaded 1 sites in 1 shards
20251026-00:57.15-872724(us) 62707 * ParseNewFormat  (configuration.cc:159): Loaded 1 sites in 1 shards
20251026-00:57.15-872878(us) 62707 * Initialize      (rrr_rpc_backend.cc:85): RrrRpcBackend initialized on 127.0.0.1:31006 (listening on 0.0.0.0:31006)
20251026-00:57.15-872902(us) 62707 * FastTransport   (fasttransport.cc:116): FastTransport initialized with rrr/rpc backend on 127.0.0.1:31006
20251026-00:57.15-873063(us) 62707 * ParseNewFormat  (configuration.cc:99): Using new configuration format
20251026-00:57.15-873094(us) 62707 * ParseNewFormat  (configuration.cc:159): Loaded 1 sites in 1 shards
20251026-00:57.15-873176(us) 62707 ! run             (bench.cc:461):     start the running time, runTime:30
20251026-00:57.15-873216(us) 62707 ! run             (bench.cc:473):     runtime time left:30000 ms, bool:1
20251026-00:57.16-882302(us) 62707 ! run             (bench.cc:473):     runtime time left:29000 ms, bool:1
20251026-00:57.17-891726(us) 62707 ! run             (bench.cc:473):     runtime time left:28000 ms, bool:1
20251026-00:57.18-900243(us) 62707 ! run             (bench.cc:473):     runtime time left:27000 ms, bool:1
20251026-00:57.19-908174(us) 62707 ! run             (bench.cc:473):     runtime time left:26000 ms, bool:1
20251026-00:57.20-915919(us) 62707 ! run             (bench.cc:473):     runtime time left:25000 ms, bool:1
20251026-00:57.21-925144(us) 62707 ! run             (bench.cc:473):     runtime time left:24000 ms, bool:1
20251026-00:57.22-932536(us) 62707 ! run             (bench.cc:473):     runtime time left:23000 ms, bool:1
20251026-00:57.23-947175(us) 62707 ! run             (bench.cc:473):     runtime time left:22000 ms, bool:1
20251026-00:57.24-954347(us) 62707 ! run             (bench.cc:473):     runtime time left:21000 ms, bool:1
20251026-00:57.25-961678(us) 62707 ! run             (bench.cc:473):     runtime time left:20000 ms, bool:1
20251026-00:57.26-968973(us) 62707 ! run             (bench.cc:473):     runtime time left:19000 ms, bool:1
20251026-00:57.27-976065(us) 62707 ! run             (bench.cc:473):     runtime time left:18000 ms, bool:1
20251026-00:57.28-986903(us) 62707 ! run             (bench.cc:473):     runtime time left:17000 ms, bool:1
20251026-00:57.29-995094(us) 62707 ! run             (bench.cc:473):     runtime time left:16000 ms, bool:1
20251026-00:57.31-2451(us) 62707 ! run             (bench.cc:473):     runtime time left:15000 ms, bool:1
20251026-00:57.32-8823(us) 62707 ! run             (bench.cc:473):     runtime time left:14000 ms, bool:1
20251026-00:57.33-15241(us) 62707 ! run             (bench.cc:473):     runtime time left:13000 ms, bool:1
20251026-00:57.34-24393(us) 62707 ! run             (bench.cc:473):     runtime time left:12000 ms, bool:1
20251026-00:57.35-35916(us) 62707 ! run             (bench.cc:473):     runtime time left:11000 ms, bool:1
20251026-00:57.36-43064(us) 62707 ! run             (bench.cc:473):     runtime time left:10000 ms, bool:1
20251026-00:57.37-49992(us) 62707 ! run             (bench.cc:473):     runtime time left:9000 ms, bool:1
20251026-00:57.38-56634(us) 62707 ! run             (bench.cc:473):     runtime time left:8000 ms, bool:1
20251026-00:57.39-63785(us) 62707 ! run             (bench.cc:473):     runtime time left:7000 ms, bool:1
20251026-00:57.40-72133(us) 62707 ! run             (bench.cc:473):     runtime time left:6000 ms, bool:1
20251026-00:57.41-79823(us) 62707 ! run             (bench.cc:473):     runtime time left:5000 ms, bool:1
20251026-00:57.42-87174(us) 62707 ! run             (bench.cc:473):     runtime time left:4000 ms, bool:1
20251026-00:57.43-94828(us) 62707 ! run             (bench.cc:473):     runtime time left:3000 ms, bool:1
20251026-00:57.44-101488(us) 62707 ! run             (bench.cc:473):     runtime time left:2000 ms, bool:1
20251026-00:57.45-111947(us) 62707 ! run             (bench.cc:473):     runtime time left:1000 ms, bool:1
20251026-00:57.46-118669(us) 62707 ! run             (bench.cc:483):     runtime_plus:0
[SHUTDOWN] Setting running=false to stop database worker threads
[SHUTDOWN] Calling first stop() to stop client transports
jump out the while loop
20251026-00:57.46-118772(us) 62707 ! stop            (bench.cc:332):     jump out the while loop
stop all erpc clients. set stop=false
jump out the while loopjump out the while loop

20251026-00:57.46-118812(us) 62707 * PrintStats      (rrr_rpc_backend.cc:679): RrrRpcBackend request stats: msg_size_req_sent: 0 bytes, counter: 0, avg: -nan
jump out the while loop
20251026-00:57.46-118852(us) 62707 * PrintStats      (rrr_rpc_backend.cc:679): RrrRpcBackend request stats: msg_size_req_sent: 0 bytes, counter: 0, avg: -nan
jump out the while loop
jump out the while loopjump out the while loop

20251026-00:57.46-118880(us) 62707 * PrintStats      (rrr_rpc_backend.cc:679): RrrRpcBackend request stats: msg_size_req_sent: 0 bytes, counter: 0, avg: -nan
20251026-00:57.46-118917(us) 62707 * PrintStats      (rrr_rpc_backend.cc:679): RrrRpcBackend request stats: msg_size_req_sent: 0 bytes, counter: 0, avg: -nan
20251026-00:57.46-118968(us) 62707 * Stop            (rrr_rpc_backend.cc:589): RrrRpcBackend::Stop: BEGIN - Setting stop flag
20251026-00:57.46-119012(us) 62707 * Stop            (rrr_rpc_backend.cc:592): RrrRpcBackend::Stop: Waiting for event loop to exit...
20251026-00:57.46-119028(us) 62707 * Stop            (rrr_rpc_backend.cc:608): RrrRpcBackend::Stop: Event loop exited successfully
20251026-00:57.46-119049(us) 62707 * Stop            (rrr_rpc_backend.cc:612): RrrRpcBackend::Stop: Signaling 0 request queues to stop
20251026-00:57.46-119065(us) 62707 * Stop            (rrr_rpc_backend.cc:620): RrrRpcBackend::Stop: Signaling 0 response queues to stop
20251026-00:57.46-119086(us) 62707 * Stop            (rrr_rpc_backend.cc:631): RrrRpcBackend::Stop: Server cleanup deferred to destructor
20251026-00:57.46-119107(us) 62707 * Stop            (rrr_rpc_backend.cc:634): RrrRpcBackend::Stop: Closing client connections
20251026-00:57.46-119128(us) 62707 * Stop            (rrr_rpc_backend.cc:638): RrrRpcBackend::Stop: Found 0 client connections to close
20251026-00:57.46-119158(us) 62707 * PrintStats      (rrr_rpc_backend.cc:679): RrrRpcBackend request stats: msg_size_req_sent: 0 bytes, counter: 0, avg: -nan
20251026-00:57.46-119200(us) 62707 * Stop            (rrr_rpc_backend.cc:658): RrrRpcBackend::Stop: Closed 0 client connections
20251026-00:57.46-119233(us) 62707 * Stop            (rrr_rpc_backend.cc:670): RrrRpcBackend stats: msg_size_resp_sent: 0 bytes, counter: 0, avg: -nan
20251026-00:57.46-119255(us) 62707 * Stop            (rrr_rpc_backend.cc:673): RrrRpcBackend::Stop: END
20251026-00:57.46-119277(us) 62707 * Stop            (rrr_rpc_backend.cc:589): RrrRpcBackend::Stop: BEGIN - Setting stop flag
20251026-00:57.46-119298(us) 62707 * Stop            (rrr_rpc_backend.cc:592): RrrRpcBackend::Stop: Waiting for event loop to exit...
20251026-00:57.46-119319(us) 62707 * Stop            (rrr_rpc_backend.cc:608): RrrRpcBackend::Stop: Event loop exited successfully
20251026-00:57.46-119343(us) 62707 * Stop            (rrr_rpc_backend.cc:612): RrrRpcBackend::Stop: Signaling 0 request queues to stop
20251026-00:57.46-119369(us) 62707 * Stop            (rrr_rpc_backend.cc:620): RrrRpcBackend::Stop: Signaling 0 response queues to stop
20251026-00:57.46-119393(us) 62707 * Stop            (rrr_rpc_backend.cc:631): RrrRpcBackend::Stop: Server cleanup deferred to destructor
20251026-00:57.46-119416(us) 62707 * Stop            (rrr_rpc_backend.cc:634): RrrRpcBackend::Stop: Closing client connections
20251026-00:57.46-119439(us) 62707 * Stop            (rrr_rpc_backend.cc:638): RrrRpcBackend::Stop: Found 0 client connections to close
20251026-00:57.46-119461(us) 62707 * Stop            (rrr_rpc_backend.cc:658): RrrRpcBackend::Stop: Closed 0 client connections
20251026-00:57.46-119484(us) 62707 * Stop            (rrr_rpc_backend.cc:670): RrrRpcBackend stats: msg_size_resp_sent: 0 bytes, counter: 0, avg: -nan
20251026-00:57.46-119510(us) 62707 * Stop            (rrr_rpc_backend.cc:673): RrrRpcBackend::Stop: END
20251026-00:57.46-119543(us) 62707 * Stop            (rrr_rpc_backend.cc:589): RrrRpcBackend::Stop: BEGIN - Setting stop flag
20251026-00:57.46-119567(us) 62707 * Stop            (rrr_rpc_backend.cc:592): RrrRpcBackend::Stop: Waiting for event loop to exit...
20251026-00:57.46-119587(us) 62707 * Stop            (rrr_rpc_backend.cc:608): RrrRpcBackend::Stop: Event loop exited successfully
20251026-00:57.46-119608(us) 62707 * Stop            (rrr_rpc_backend.cc:612): RrrRpcBackend::Stop: Signaling 0 request queues to stop
20251026-00:57.46-119628(us) 62707 * Stop            (rrr_rpc_backend.cc:620): RrrRpcBackend::Stop: Signaling 0 response queues to stop
20251026-00:57.46-119649(us) 62707 * Stop            (rrr_rpc_backend.cc:631): RrrRpcBackend::Stop: Server cleanup deferred to destructor
20251026-00:57.46-119669(us) 62707 * Stop            (rrr_rpc_backend.cc:634): RrrRpcBackend::Stop: Closing client connections
20251026-00:57.46-119691(us) 62707 * Stop            (rrr_rpc_backend.cc:638): RrrRpcBackend::Stop: Found 0 client connections to close
20251026-00:57.46-119717(us) 62707 * Stop            (rrr_rpc_backend.cc:658): RrrRpcBackend::Stop: Closed 0 client connections
20251026-00:57.46-119739(us) 62707 * Stop            (rrr_rpc_backend.cc:670): RrrRpcBackend stats: msg_size_resp_sent: 0 bytes, counter: 0, avg: -nan
20251026-00:57.46-119761(us) 62707 * Stop            (rrr_rpc_backend.cc:673): RrrRpcBackend::Stop: END
20251026-00:57.46-119809(us) 62707 * Stop            (rrr_rpc_backend.cc:589): RrrRpcBackend::Stop: BEGIN - Setting stop flag
20251026-00:57.46-119839(us) 62707 * PrintStats      (rrr_rpc_backend.cc:679): RrrRpcBackend request stats: msg_size_req_sent: 0 bytes, counter: 0, avg: -nan
20251026-00:57.46-119882(us) 62707 * PrintStats      (rrr_rpc_backend.cc:679): RrrRpcBackend request stats: msg_size_req_sent: 0 bytes, counter: 0, avg: -nan
20251026-00:57.46-119936(us) 62707 * PrintStats      (rrr_rpc_backend.cc:679): RrrRpcBackend request stats: msg_size_req_sent: 0 bytes, counter: 0, avg: -nan
20251026-00:57.46-119983(us) 62707 * Stop            (rrr_rpc_backend.cc:592): RrrRpcBackend::Stop: Waiting for event loop to exit...
20251026-00:57.46-120003(us) 62707 * Stop            (rrr_rpc_backend.cc:608): RrrRpcBackend::Stop: Event loop exited successfully
20251026-00:57.46-120018(us) 62707 * Stop            (rrr_rpc_backend.cc:612): RrrRpcBackend::Stop: Signaling 0 request queues to stop
20251026-00:57.46-120034(us) 62707 * Stop            (rrr_rpc_backend.cc:620): RrrRpcBackend::Stop: Signaling 0 response queues to stop
20251026-00:57.46-120051(us) 62707 * Stop            (rrr_rpc_backend.cc:631): RrrRpcBackend::Stop: Server cleanup deferred to destructor
20251026-00:57.46-120066(us) 62707 * Stop            (rrr_rpc_backend.cc:634): RrrRpcBackend::Stop: Closing client connections
20251026-00:57.46-120080(us) 62707 * Stop            (rrr_rpc_backend.cc:638): RrrRpcBackend::Stop: Found 0 client connections to close
20251026-00:57.46-120094(us) 62707 * Stop            (rrr_rpc_backend.cc:658): RrrRpcBackend::Stop: Closed 0 client connections
20251026-00:57.46-120108(us) 62707 * Stop            (rrr_rpc_backend.cc:670): RrrRpcBackend stats: msg_size_resp_sent: 0 bytes, counter: 0, avg: -nan
20251026-00:57.46-120123(us) 62707 * Stop            (rrr_rpc_backend.cc:673): RrrRpcBackend::Stop: END
20251026-00:57.46-120137(us) 62707 * Stop            (rrr_rpc_backend.cc:589): RrrRpcBackend::Stop: BEGIN - Setting stop flag
20251026-00:57.46-120176(us) 62707 * Stop            (rrr_rpc_backend.cc:592): RrrRpcBackend::Stop: Waiting for event loop to exit...
20251026-00:57.46-120197(us) 62707 * Stop            (rrr_rpc_backend.cc:608): RrrRpcBackend::Stop: Event loop exited successfully
20251026-00:57.46-120213(us) 62707 * Stop            (rrr_rpc_backend.cc:612): RrrRpcBackend::Stop: Signaling 0 request queues to stop
20251026-00:57.46-120228(us) 62707 * Stop            (rrr_rpc_backend.cc:620): RrrRpcBackend::Stop: Signaling 0 response queues to stop
20251026-00:57.46-120242(us) 62707 * Stop            (rrr_rpc_backend.cc:631): RrrRpcBackend::Stop: Server cleanup deferred to destructor
20251026-00:57.46-120261(us) 62707 * Stop            (rrr_rpc_backend.cc:634): RrrRpcBackend::Stop: Closing client connections
20251026-00:57.46-120275(us) 62707 * Stop            (rrr_rpc_backend.cc:638): RrrRpcBackend::Stop: Found 0 client connections to close
20251026-00:57.46-120290(us) 62707 * Stop            (rrr_rpc_backend.cc:658): RrrRpcBackend::Stop: Closed 0 client connections
20251026-00:57.46-120304(us) 62707 * Stop            (rrr_rpc_backend.cc:670): RrrRpcBackend stats: msg_size_resp_sent: 0 bytes, counter: 0, avg: -nan
20251026-00:57.46-120318(us) 62707 * Stop            (rrr_rpc_backend.cc:673): RrrRpcBackend::Stop: END
20251026-00:57.46-120332(us) 62707 * Stop            (rrr_rpc_backend.cc:589): RrrRpcBackend::Stop: BEGIN - Setting stop flag
20251026-00:57.46-120347(us) 62707 * Stop            (rrr_rpc_backend.cc:592): RrrRpcBackend::Stop: Waiting for event loop to exit...
20251026-00:57.46-120364(us) 62707 * Stop            (rrr_rpc_backend.cc:608): RrrRpcBackend::Stop: Event loop exited successfully
20251026-00:57.46-120381(us) 62707 * Stop            (rrr_rpc_backend.cc:612): RrrRpcBackend::Stop: Signaling 0 request queues to stop
20251026-00:57.46-120395(us) 62707 * Stop            (rrr_rpc_backend.cc:620): RrrRpcBackend::Stop: Signaling 0 response queues to stop
20251026-00:57.46-120409(us) 62707 * Stop            (rrr_rpc_backend.cc:631): RrrRpcBackend::Stop: Server cleanup deferred to destructor
20251026-00:57.46-120423(us) 62707 * Stop            (rrr_rpc_backend.cc:634): RrrRpcBackend::Stop: Closing client connections
20251026-00:57.46-120437(us) 62707 * Stop            (rrr_rpc_backend.cc:638): RrrRpcBackend::Stop: Found 0 client connections to close
20251026-00:57.46-120451(us) 62707 * Stop            (rrr_rpc_backend.cc:658): RrrRpcBackend::Stop: Closed 0 client connections
20251026-00:57.46-120465(us) 62707 * Stop            (rrr_rpc_backend.cc:670): RrrRpcBackend stats: msg_size_resp_sent: 0 bytes, counter: 0, avg: -nan
20251026-00:57.46-120479(us) 62707 * Stop            (rrr_rpc_backend.cc:673): RrrRpcBackend::Stop: END
20251026-00:57.46-120494(us) 62707 * Stop            (rrr_rpc_backend.cc:589): RrrRpcBackend::Stop: BEGIN - Setting stop flag
20251026-00:57.46-120508(us) 62707 * Stop            (rrr_rpc_backend.cc:592): RrrRpcBackend::Stop: Waiting for event loop to exit...
20251026-00:57.46-120523(us) 62707 * Stop            (rrr_rpc_backend.cc:608): RrrRpcBackend::Stop: Event loop exited successfully
20251026-00:57.46-120541(us) 62707 * Stop            (rrr_rpc_backend.cc:612): RrrRpcBackend::Stop: Signaling 0 request queues to stop
20251026-00:57.46-120559(us) 62707 * Stop            (rrr_rpc_backend.cc:620): RrrRpcBackend::Stop: Signaling 0 response queues to stop
20251026-00:57.46-120573(us) 62707 * Stop            (rrr_rpc_backend.cc:631): RrrRpcBackend::Stop: Server cleanup deferred to destructor
20251026-00:57.46-120590(us) 62707 * Stop            (rrr_rpc_backend.cc:634): RrrRpcBackend::Stop: Closing client connections
20251026-00:57.46-120608(us) 62707 * Stop            (rrr_rpc_backend.cc:638): RrrRpcBackend::Stop: Found 0 client connections to close
20251026-00:57.46-120622(us) 62707 * Stop            (rrr_rpc_backend.cc:658): RrrRpcBackend::Stop: Closed 0 client connections
20251026-00:57.46-120636(us) 62707 * Stop            (rrr_rpc_backend.cc:670): RrrRpcBackend stats: msg_size_resp_sent: 0 bytes, counter: 0, avg: -nan
20251026-00:57.46-120651(us) 62707 * Stop            (rrr_rpc_backend.cc:673): RrrRpcBackend::Stop: END
20251026-00:57.46-120665(us) 62707 * Stop            (rrr_rpc_backend.cc:589): RrrRpcBackend::Stop: BEGIN - Setting stop flag
20251026-00:57.46-120679(us) 62707 * Stop            (rrr_rpc_backend.cc:592): RrrRpcBackend::Stop: Waiting for event loop to exit...
20251026-00:57.46-120693(us) 62707 * Stop            (rrr_rpc_backend.cc:608): RrrRpcBackend::Stop: Event loop exited successfully
20251026-00:57.46-120709(us) 62707 * Stop            (rrr_rpc_backend.cc:612): RrrRpcBackend::Stop: Signaling 0 request queues to stop
20251026-00:57.46-120732(us) 62707 * Stop            (rrr_rpc_backend.cc:620): RrrRpcBackend::Stop: Signaling 0 response queues to stop
20251026-00:57.46-120747(us) 62707 * Stop            (rrr_rpc_backend.cc:631): RrrRpcBackend::Stop: Server cleanup deferred to destructor
20251026-00:57.46-120761(us) 62707 * Stop            (rrr_rpc_backend.cc:634): RrrRpcBackend::Stop: Closing client connections
20251026-00:57.46-120775(us) 62707 * Stop            (rrr_rpc_backend.cc:638): RrrRpcBackend::Stop: Found 0 client connections to close
20251026-00:57.46-120789(us) 62707 * Stop            (rrr_rpc_backend.cc:658): RrrRpcBackend::Stop: Closed 0 client connections
20251026-00:57.46-120803(us) 62707 * Stop            (rrr_rpc_backend.cc:670): RrrRpcBackend stats: msg_size_resp_sent: 0 bytes, counter: 0, avg: -nan
20251026-00:57.46-120818(us) 62707 * Stop            (rrr_rpc_backend.cc:673): RrrRpcBackend::Stop: END
[SHUTDOWN] First stop() completed
[SHUTDOWN] Joining 8 worker threads
[SHUTDOWN] Joining worker 0
[SHUTDOWN] Worker 0 joined
[SHUTDOWN] Joining worker 1
[SHUTDOWN] Worker 1 joined
[SHUTDOWN] Joining worker 2
[SHUTDOWN] Worker 2 joined
[SHUTDOWN] Joining worker 3
[SHUTDOWN] Worker 3 joined
[SHUTDOWN] Joining worker 4
[SHUTDOWN] Worker 4 joined
[SHUTDOWN] Joining worker 5
[SHUTDOWN] Worker 5 joined
[SHUTDOWN] Joining worker 6
[SHUTDOWN] Worker 6 joined
[SHUTDOWN] Joining worker 7
[SHUTDOWN] Worker 7 joined
[SHUTDOWN] All workers joined
[SHUTDOWN] Calling stop_erpc_server()
[STOP_SERVER] Stopping 2 server transports
[STOP_SERVER] Stopping server transport 0
20251026-00:57.47-120469(us) 62707 * Stop            (rrr_rpc_backend.cc:589): RrrRpcBackend::Stop: BEGIN - Setting stop flag
20251026-00:57.47-120494(us) 62707 * Stop            (rrr_rpc_backend.cc:592): RrrRpcBackend::Stop: Waiting for event loop to exit...
20251026-00:57.47-120527(us) 62707 * RunEventLoop    (rrr_rpc_backend.cc:573): RrrRpcBackend::RunEventLoop: Stop flag detected, exiting event loop
20251026-00:57.47-120563(us) 62707 * RunEventLoop    (rrr_rpc_backend.cc:577): RrrRpcBackend::RunEventLoop: Exited cleanly
20251026-00:57.47-120594(us) 62707 * erpc_server     (rpc_setup.cc:121): the erpc_server is terminated on shardIdx:0, alpha:0!
20251026-00:57.47-130588(us) 62707 * Stop            (rrr_rpc_backend.cc:608): RrrRpcBackend::Stop: Event loop exited successfully
20251026-00:57.47-130624(us) 62707 * Stop            (rrr_rpc_backend.cc:612): RrrRpcBackend::Stop: Signaling 0 request queues to stop
20251026-00:57.47-130643(us) 62707 * Stop            (rrr_rpc_backend.cc:620): RrrRpcBackend::Stop: Signaling 0 response queues to stop
20251026-00:57.47-130660(us) 62707 * Stop            (rrr_rpc_backend.cc:631): RrrRpcBackend::Stop: Server cleanup deferred to destructor
20251026-00:57.47-130678(us) 62707 * Stop            (rrr_rpc_backend.cc:634): RrrRpcBackend::Stop: Closing client connections
20251026-00:57.47-130695(us) 62707 * Stop            (rrr_rpc_backend.cc:638): RrrRpcBackend::Stop: Found 0 client connections to close
20251026-00:57.47-130713(us) 62707 * Stop            (rrr_rpc_backend.cc:658): RrrRpcBackend::Stop: Closed 0 client connections
20251026-00:57.47-130730(us) 62707 * Stop            (rrr_rpc_backend.cc:670): RrrRpcBackend stats: msg_size_resp_sent: 0 bytes, counter: 0, avg: -nan
20251026-00:57.47-130750(us) 62707 * Stop            (rrr_rpc_backend.cc:673): RrrRpcBackend::Stop: END
[STOP_SERVER] Server transport 0 stopped
[STOP_SERVER] Stopping server transport 1
20251026-00:57.47-130788(us) 62707 * Stop            (rrr_rpc_backend.cc:589): RrrRpcBackend::Stop: BEGIN - Setting stop flag
20251026-00:57.47-130806(us) 62707 * Stop            (rrr_rpc_backend.cc:592): RrrRpcBackend::Stop: Waiting for event loop to exit...
20251026-00:57.47-130832(us) 62707 * RunEventLoop    (rrr_rpc_backend.cc:573): RrrRpcBackend::RunEventLoop: Stop flag detected, exiting event loop
20251026-00:57.47-130857(us) 62707 * RunEventLoop    (rrr_rpc_backend.cc:577): RrrRpcBackend::RunEventLoop: Exited cleanly
20251026-00:57.47-130892(us) 62707 * erpc_server     (rpc_setup.cc:121): the erpc_server is terminated on shardIdx:0, alpha:1!
20251026-00:57.47-140895(us) 62707 * Stop            (rrr_rpc_backend.cc:608): RrrRpcBackend::Stop: Event loop exited successfully
20251026-00:57.47-140930(us) 62707 * Stop            (rrr_rpc_backend.cc:612): RrrRpcBackend::Stop: Signaling 0 request queues to stop
20251026-00:57.47-140949(us) 62707 * Stop            (rrr_rpc_backend.cc:620): RrrRpcBackend::Stop: Signaling 0 response queues to stop
20251026-00:57.47-140966(us) 62707 * Stop            (rrr_rpc_backend.cc:631): RrrRpcBackend::Stop: Server cleanup deferred to destructor
20251026-00:57.47-140983(us) 62707 * Stop            (rrr_rpc_backend.cc:634): RrrRpcBackend::Stop: Closing client connections
20251026-00:57.47-141017(us) 62707 * Stop            (rrr_rpc_backend.cc:638): RrrRpcBackend::Stop: Found 0 client connections to close
20251026-00:57.47-141035(us) 62707 * Stop            (rrr_rpc_backend.cc:658): RrrRpcBackend::Stop: Closed 0 client connections
20251026-00:57.47-141052(us) 62707 * Stop            (rrr_rpc_backend.cc:670): RrrRpcBackend stats: msg_size_resp_sent: 0 bytes, counter: 0, avg: -nan
20251026-00:57.47-141070(us) 62707 * Stop            (rrr_rpc_backend.cc:673): RrrRpcBackend::Stop: END
[STOP_SERVER] Server transport 1 stopped
[STOP_SERVER] All server transports stopped
[SHUTDOWN] stop_erpc_server() completed
[SHUTDOWN] Calling second stop()
20251026-00:57.47-141131(us) 62707 ! stop            (bench.cc:332):     stop all erpc clients. set stop=false
[SHUTDOWN] Second stop() completed
[SHUTDOWN] Calling do_txn_finish()
[SHUTDOWN] do_txn_finish() completed
--- n_commits per partition ---
 par_id: 0, n_commits: 1324465
 par_id: 1, n_commits: 1305627
 par_id: 2, n_commits: 1290583
 par_id: 3, n_commits: 1320173
 par_id: 4, n_commits: 1356458
 par_id: 5, n_commits: 1342475
 par_id: 6, n_commits: 1319600
 par_id: 7, n_commits: 1299276
--- benchmark statistics ---
runtime: 30.2681 sec
memory delta: 6803.4 MB
n_commits: 10558657
latency_numer_us: 235598583
latency_numer_us_remote: 0
memory delta rate: 224.771 MB/sec
logical memory delta: 669.627 MB
logical memory delta rate: 22.1232 MB/sec
agg_nosync_throughput: 348839 ops/sec
avg_nosync_per_core_throughput: 43604.9 ops/sec/core
agg_throughput: 348837 ops/sec
avg_per_core_throughput: 43604.7 ops/sec/core
agg_persist_throughput: 348837 ops/sec
avg_per_core_persist_throughput: 43604.7 ops/sec/core
avg_latency: 0.0223133 ms
avg_persist_latency: 0 ms
agg_abort_rate: 71.3952 aborts/sec
avg_per_core_abort_rate: 8.9244 aborts/sec/core
  NewOrder_local_commit_latency: 0.0225964 ms
  NewOrder_local_abort_latency: 0.0732987 ms
  NewOrder_local_abort_ratio: 7.89316e-05
  Payment_local_commit_latency: 0.0069566 ms
  Payment_local_abort_latency: 0.0376809 ms
  Payment_local_abort_ratio: 5.9451e-06
  Delivery_local_commit_latency: 0.0911122 ms
  Delivery_local_abort_latency: -nan ms
  Delivery_local_abort_ratio: 0
  OrderStatus_local_commit_latency: 0.00743488 ms
  OrderStatus_local_abort_latency: 0.0226855 ms
  OrderStatus_local_abort_ratio: 4.7277e-06
  StockLevel_local_commit_latency: 0.143283 ms
  StockLevel_local_abort_latency: 0.186331 ms
  StockLevel_local_abort_ratio: 0.00416583
  NewOrder_remote_ratio: 0 %
  NewOrder_remote_abort_ratio: -nan %
  NewOrder_remote_commit_latency: -nan ms
  NewOrder_remote_abort_latency: -nan ms
  Payment_remote_ratio: 0 %
  Payment_remote_abort_ratio: -nan %
  Payment_remote_commit_latency: -nan ms
  Payment_remote_abort_latency: -nan ms
--- system counters (for benchmark) ---
--- perf counters (if enabled, for benchmark) ---
TxnPayment:      tsc           
  avg            19235.8       
  total          87360556220   
  count          4541557       
TxnStockLevel:   tsc           
  avg            401239        
  total          169228593492  
  count          421765        
StockLevelOrderLineScan:tod-usec      
  avg            23.0969       
  total          9741466       
  count          421765        
StockLevelLoopJoinIter:tod-usec      
  avg            0.521609      
  total          43235718      
  count          82889186      
StockLevelLoopJoinGet:tod-usec      
  avg            0.447838      
  total          37120951      
  count          82889186      
TxnNewOrder:     tsc           
  avg            62996         
  total          299290570208  
  count          4750949       
TxnDelivery:     tsc           
  avg            254583        
  total          107817902444  
  count          423508        
DeliverNewOrderScan:tod-usec      
  avg            0.603642      
  total          2556473       
  count          4235080       
TxnOrderStatus:  tsc           
  avg            20481.8       
  total          8664612236    
  count          423039        
--- allocator stats ---
[allocator] ncpus=8
[allocator] cpu=0 fully_faulted?=0 remaining=134217728 bytes
[allocator] cpu=1 fully_faulted?=0 remaining=134217728 bytes
[allocator] cpu=2 fully_faulted?=0 remaining=134217728 bytes
[allocator] cpu=3 fully_faulted?=0 remaining=134217728 bytes
[allocator] cpu=4 fully_faulted?=0 remaining=134217728 bytes
[allocator] cpu=5 fully_faulted?=0 remaining=134217728 bytes
[allocator] cpu=6 fully_faulted?=0 remaining=134217728 bytes
[allocator] cpu=7 fully_faulted?=0 remaining=134217728 bytes
---------------------------------------
--- system counters for n_comits ---
[STOP_SERVER] Stopping 2 server transports
[STOP_SERVER] Stopping server transport 0
20251026-00:57.47-142445(us) 62707 * Stop            (rrr_rpc_backend.cc:585): RrrRpcBackend::Stop: Already stopped, returning
[STOP_SERVER] Server transport 0 stopped
[STOP_SERVER] Stopping server transport 1
20251026-00:57.47-142485(us) 62707 * Stop            (rrr_rpc_backend.cc:585): RrrRpcBackend::Stop: Already stopped, returning
[STOP_SERVER] Server transport 1 stopped
[STOP_SERVER] All server transports stopped
