20251026-00:55.14-448066(us) 61719 * ParseNewFormat  (configuration.cc:99): Using new configuration format
20251026-00:55.14-448181(us) 61719 * ParseNewFormat  (configuration.cc:159): Loaded 1 sites in 1 shards
20251026-00:55.14-448212(us) 61719 * handle_new_config_format (dbtest.cc:131):    Site local_s0: shard=0, replica_idx=0, is_leader=1, cluster=localhost
allocator::Initialize()
  hugepgsize: 2097152
  use MADV_WILLNEED: 1
  mmap() region [0x7e3d33200000, 0x7e3d73a00000)
cpu0 owns [0x7e3d33200000, 0x7e3d40000000)
cpu1 owns [0x7e3d40000000, 0x7e3d4ce00000)
cpu2 owns [0x7e3d4ce00000, 0x7e3d59c00000)
cpu3 owns [0x7e3d59c00000, 0x7e3d66a00000)
cpu4 owns [0x7e3d66a00000, 0x7e3d73800000)
Database Benchmark:
  pid: 61719
settings:
  num-cpus    : 8
  num-threads : 5
  shardIndex  : 0
  paxos_proc_name  : localhost
  nshards     : 1
  is_micro    : 0
  is_replicated : 0
  var-encode  : yes
  allocator   : jemalloc
system properties:
  tuple_prefetch          : no
  btree_node_prefetch     : yes
tpcc settings:
  cross_partition_transactions : 1
  read_only_snapshots          : 1
  partition_locks              : 0
  separate_tree_per_partition  : 1
  new_order_remote_item_pct    : 1
  new_order_fast_id_gen        : 1
  uniform_item_dist            : 0
  order_status_scan_hack       : 0
  workload_mix                 : [45, 43, 4, 4, 4]
new table is createded with name: customer_0, table-id: 1, on shard-server id:0
new table is createded with name: customer_1, table-id: 2, on shard-server id:0
new table is createded with name: customer_2, table-id: 3, on shard-server id:0
new table is createded with name: customer_3, table-id: 4, on shard-server id:0
new table is createded with name: customer_4, table-id: 5, on shard-server id:0
new table is createded with name: customer_name_idx_0, table-id: 6, on shard-server id:0
new table is createded with name: customer_name_idx_1, table-id: 7, on shard-server id:0
new table is createded with name: customer_name_idx_2, table-id: 8, on shard-server id:0
new table is createded with name: customer_name_idx_3, table-id: 9, on shard-server id:0
new table is createded with name: customer_name_idx_4, table-id: 10, on shard-server id:0
new table is createded with name: district_0, table-id: 11, on shard-server id:0
new table is createded with name: district_1, table-id: 12, on shard-server id:0
new table is createded with name: district_2, table-id: 13, on shard-server id:0
new table is createded with name: district_3, table-id: 14, on shard-server id:0
new table is createded with name: district_4, table-id: 15, on shard-server id:0
new table is createded with name: history_0, table-id: 16, on shard-server id:0
new table is createded with name: history_1, table-id: 17, on shard-server id:0
new table is createded with name: history_2, table-id: 18, on shard-server id:0
new table is createded with name: history_3, table-id: 19, on shard-server id:0
new table is createded with name: history_4, table-id: 20, on shard-server id:0
new table is createded with name: new_order_0, table-id: 21, on shard-server id:0
new table is createded with name: new_order_1, table-id: 22, on shard-server id:0
new table is createded with name: new_order_2, table-id: 23, on shard-server id:0
new table is createded with name: new_order_3, table-id: 24, on shard-server id:0
new table is createded with name: new_order_4, table-id: 25, on shard-server id:0
new table is createded with name: oorder_0, table-id: 26, on shard-server id:0
new table is createded with name: oorder_1, table-id: 27, on shard-server id:0
new table is createded with name: oorder_2, table-id: 28, on shard-server id:0
new table is createded with name: oorder_3, table-id: 29, on shard-server id:0
new table is createded with name: oorder_4, table-id: 30, on shard-server id:0
new table is createded with name: oorder_c_id_idx_0, table-id: 31, on shard-server id:0
new table is createded with name: oorder_c_id_idx_1, table-id: 32, on shard-server id:0
new table is createded with name: oorder_c_id_idx_2, table-id: 33, on shard-server id:0
new table is createded with name: oorder_c_id_idx_3, table-id: 34, on shard-server id:0
new table is createded with name: oorder_c_id_idx_4, table-id: 35, on shard-server id:0
new table is createded with name: order_line_0, table-id: 36, on shard-server id:0
new table is createded with name: order_line_1, table-id: 37, on shard-server id:0
new table is createded with name: order_line_2, table-id: 38, on shard-server id:0
new table is createded with name: order_line_3, table-id: 39, on shard-server id:0
new table is createded with name: order_line_4, table-id: 40, on shard-server id:0
new table is createded with name: stock_0, table-id: 41, on shard-server id:0
new table is createded with name: stock_1, table-id: 42, on shard-server id:0
new table is createded with name: stock_2, table-id: 43, on shard-server id:0
new table is createded with name: stock_3, table-id: 44, on shard-server id:0
new table is createded with name: stock_4, table-id: 45, on shard-server id:0
new table is createded with name: stock_data_0, table-id: 46, on shard-server id:0
new table is createded with name: stock_data_1, table-id: 47, on shard-server id:0
new table is createded with name: stock_data_2, table-id: 48, on shard-server id:0
new table is createded with name: stock_data_3, table-id: 49, on shard-server id:0
new table is createded with name: stock_data_4, table-id: 50, on shard-server id:0
new table is createded with name: warehouse_0, table-id: 51, on shard-server id:0
new table is createded with name: warehouse_1, table-id: 52, on shard-server id:0
new table is createded with name: warehouse_2, table-id: 53, on shard-server id:0
new table is createded with name: warehouse_3, table-id: 54, on shard-server id:0
new table is createded with name: warehouse_4, table-id: 55, on shard-server id:0
new table is createded with name: item, table-id: 56, on shard-server id:0
20251026-00:55.14-449439(us) 61719 * ParseNewFormat  (configuration.cc:99): Using new configuration format
20251026-00:55.14-449525(us) 61719 * ParseNewFormat  (configuration.cc:159): Loaded 1 sites in 1 shards
20251026-00:55.14-449548(us) 61719 * ParseNewFormat  (configuration.cc:99): Using new configuration format
20251026-00:55.14-449593(us) 61719 * ParseNewFormat  (configuration.cc:159): Loaded 1 sites in 1 shards
[TRANSPORT] Using default: rrr
[TRANSPORT] Using default: rrr
20251026-00:55.14-449815(us) 61719 * Initialize      (rrr_rpc_backend.cc:85): RrrRpcBackend initialized on 127.0.0.1:31011 (listening on 0.0.0.0:31011)
20251026-00:55.14-449853(us) 61719 * FastTransport   (fasttransport.cc:116): FastTransport initialized with rrr/rpc backend on 127.0.0.1:31011
20251026-00:55.14-449875(us) 61719 * RunEventLoop    (rrr_rpc_backend.cc:508): RrrRpcBackend::RunEventLoop: Starting event loop
20251026-00:55.14-449903(us) 61719 * Initialize      (rrr_rpc_backend.cc:85): RrrRpcBackend initialized on 127.0.0.1:31010 (listening on 0.0.0.0:31010)
20251026-00:55.14-449930(us) 61719 * FastTransport   (fasttransport.cc:116): FastTransport initialized with rrr/rpc backend on 127.0.0.1:31010
20251026-00:55.14-449949(us) 61719 * RunEventLoop    (rrr_rpc_backend.cc:508): RrrRpcBackend::RunEventLoop: Starting event loop
20251026-00:55.14-451510(us) 61719 ! run             (bench.cc:357):     # of loaders size:6
start worker:1206
[INFO] finished loading warehouse
[INFO]   * average warehouse record length: 97 bytes
PinToWarehouseId(): coreid=2 pinned to whse=1 (partid=0)
num batches: 30
PinToWarehouseId(): coreid=4 pinned to whse=1 (partid=0)
PinToWarehouseId(): coreid=3 pinned to whse=1 (partid=0)
PinToWarehouseId(): coreid=3 pinned to whse=2 (partid=1)
PinToWarehouseId(): coreid=3 pinned to whse=3 (partid=2)
PinToWarehouseId(): coreid=3 pinned to whse=4 (partid=3)
PinToWarehouseId(): coreid=3 pinned to whse=5 (partid=4)
[INFO] finished loading district
[INFO]   * average district record length: 99 bytes
[INFO] finished loading item
[INFO]   * average item record length: 84.1739 bytes
PinToWarehouseId(): coreid=4 pinned to whse=2 (partid=1)
PinToWarehouseId(): coreid=4 pinned to whse=3 (partid=2)
PinToWarehouseId(): coreid=2 pinned to whse=2 (partid=1)
PinToWarehouseId(): coreid=4 pinned to whse=4 (partid=3)
PinToWarehouseId(): coreid=4 pinned to whse=5 (partid=4)
[INFO] finished loading customer
[INFO]   * average customer record length: 153.945 bytes 
PinToWarehouseId(): coreid=2 pinned to whse=3 (partid=2)
PinToWarehouseId(): coreid=2 pinned to whse=4 (partid=3)
PinToWarehouseId(): coreid=2 pinned to whse=5 (partid=4)
[INFO] finished loading stock
[INFO]   * average stock record length: 8 bytes
PinToWarehouseId(): coreid=5 pinned to whse=1 (partid=0)
PinToWarehouseId(): coreid=5 pinned to whse=2 (partid=1)
PinToWarehouseId(): coreid=5 pinned to whse=3 (partid=2)
PinToWarehouseId(): coreid=5 pinned to whse=4 (partid=3)
PinToWarehouseId(): coreid=5 pinned to whse=5 (partid=4)
[INFO] finished loading order
[INFO]   * average order_line record length: 11.2381 bytes
[INFO]   * average oorder record length: 7.86892 bytes
[INFO]   * average new_order record length: 12 bytes
timed region dataloading took 4275.01 ms
DB size: 577.684 MB
[0, 0, 0] txns persisted in loading phase
20251026-00:55.18-726608(us) 61719 ! run             (bench.cc:410):     # of nthreads:5
starting benchmark...
--------------Finish loading data and wait for others completing load phase ------------
tpcc: worker id 8 => warehouses [1, 2)
tpcc: worker id 9 => warehouses [2, 3)
tpcc: worker id 10 => warehouses [3, 4)
tpcc: worker id 11 => warehouses [4, 5)
tpcc: worker id 12 => warehouses [5, 6)
No JEMALLOC_NO_RENAME
No JEMALLOC_NO_RENAME
No JEMALLOC_NO_RENAME
No JEMALLOC_NO_RENAME
No JEMALLOC_NO_RENAME
20251026-00:55.18-729466(us) 61719 * ParseNewFormat  (configuration.cc:99): Using new configuration format
20251026-00:55.18-729549(us) 61719 * ParseNewFormat  (configuration.cc:159): Loaded 1 sites in 1 shards
20251026-00:55.18-729582(us) 61719 * ParseNewFormat  (configuration.cc:99): Using new configuration format
20251026-00:55.18-729640(us) 61719 * ParseNewFormat  (configuration.cc:159): Loaded 1 sites in 1 shards
20251026-00:55.18-729749(us) 61719 * ParseNewFormat  (configuration.cc:99): Using new configuration format
20251026-00:55.18-729795(us) 61719 * ParseNewFormat  (configuration.cc:99): Using new configuration format
20251026-00:55.18-729840(us) 61719 * ParseNewFormat  (configuration.cc:99): Using new configuration format
20251026-00:55.18-729872(us) 61719 * ParseNewFormat  (configuration.cc:159): Loaded 1 sites in 1 shards
20251026-00:55.18-729916(us) 61719 * ParseNewFormat  (configuration.cc:99): Using new configuration format
20251026-00:55.18-729962(us) 61719 * ParseNewFormat  (configuration.cc:159): Loaded 1 sites in 1 shards
20251026-00:55.18-730014(us) 61719 * ParseNewFormat  (configuration.cc:159): Loaded 1 sites in 1 shards
[TRANSPORT] Using default: rrr
20251026-00:55.18-730064(us) 61719 * ParseNewFormat  (configuration.cc:159): Loaded 1 sites in 1 shards[TRANSPORT] Using default: rrr

20251026-00:55.18-730120(us) 61719 * ParseNewFormat  (configuration.cc:99): Using new configuration format
20251026-00:55.18-730194(us) 61719 * Initialize      (rrr_rpc_backend.cc:85): RrrRpcBackend initialized on 127.0.0.1:31001 (listening on 0.0.0.0:31001)
20251026-00:55.18-730232(us) 61719 * FastTransport   (fasttransport.cc:116): FastTransport initialized with rrr/rpc backend on 127.0.0.1:31001
20251026-00:55.18-730268(us) 61719 * ParseNewFormat  (configuration.cc:99): Using new configuration format
20251026-00:55.18-730318(us) 61719 * Initialize      (rrr_rpc_backend.cc:85): RrrRpcBackend initialized on 127.0.0.1:31002 (listening on 0.0.0.0:31002)
20251026-00:55.18-730358(us) 61719 * FastTransport   (fasttransport.cc:116): FastTransport initialized with rrr/rpc backend on 127.0.0.1:31002
20251026-00:55.18-730400(us) 61719 * ParseNewFormat  (configuration.cc:159): Loaded 1 sites in 1 shards
20251026-00:55.18-730444(us) 61719 * ParseNewFormat  (configuration.cc:159): Loaded 1 sites in 1 shards[TRANSPORT] Using default: rrr

20251026-00:55.18-730519(us) 61719 * ParseNewFormat  (configuration.cc:99): Using new configuration format
20251026-00:55.18-730580(us) 61719 * ParseNewFormat  (configuration.cc:99): Using new configuration format
20251026-00:55.18-730630(us) 61719 * ParseNewFormat  (configuration.cc:99): Using new configuration format
20251026-00:55.18-730670(us) 61719 * Initialize      (rrr_rpc_backend.cc:85): RrrRpcBackend initialized on 127.0.0.1:31004 (listening on 0.0.0.0:31004)
20251026-00:55.18-730697(us) 61719 * FastTransport   (fasttransport.cc:116): FastTransport initialized with rrr/rpc backend on 127.0.0.1:31004
20251026-00:55.18-730724(us) 61719 * ParseNewFormat  (configuration.cc:159): Loaded 1 sites in 1 shards
20251026-00:55.18-730762(us) 61719 * ParseNewFormat  (configuration.cc:99): Using new configuration format
20251026-00:55.18-730790(us) 61719 * ParseNewFormat  (configuration.cc:159): Loaded 1 sites in 1 shards
20251026-00:55.18-730833(us) 61719 * ParseNewFormat  (configuration.cc:159): Loaded 1 sites in 1 shards
20251026-00:55.18-730869(us) 61719 * ParseNewFormat  (configuration.cc:99): Using new configuration format
20251026-00:55.18-730912(us) 61719 * ParseNewFormat  (configuration.cc:159): Loaded 1 sites in 1 shards
20251026-00:55.18-730945(us) 61719 * ParseNewFormat  (configuration.cc:159): Loaded 1 sites in 1 shards
[TRANSPORT] Using default: rrr
20251026-00:55.18-731070(us) 61719 * Initialize      (rrr_rpc_backend.cc:85): RrrRpcBackend initialized on 127.0.0.1:31000 (listening on 0.0.0.0:31000)
20251026-00:55.18-731089(us) 61719 * FastTransport   (fasttransport.cc:116): FastTransport initialized with rrr/rpc backend on 127.0.0.1:31000
20251026-00:55.18-731269(us) 61719 * ParseNewFormat  (configuration.cc:99): Using new configuration format
20251026-00:55.18-731316(us) 61719 * ParseNewFormat  (configuration.cc:159): Loaded 1 sites in 1 shards
[TRANSPORT] Using default: rrr
20251026-00:55.18-731497(us) 61719 * Initialize      (rrr_rpc_backend.cc:85): RrrRpcBackend initialized on 127.0.0.1:31003 (listening on 0.0.0.0:31003)
20251026-00:55.18-731519(us) 61719 * FastTransport   (fasttransport.cc:116): FastTransport initialized with rrr/rpc backend on 127.0.0.1:31003
20251026-00:55.18-731699(us) 61719 * ParseNewFormat  (configuration.cc:99): Using new configuration format
20251026-00:55.18-731739(us) 61719 * ParseNewFormat  (configuration.cc:159): Loaded 1 sites in 1 shards
20251026-00:55.18-731968(us) 61719 ! run             (bench.cc:461):     start the running time, runTime:30
20251026-00:55.18-732015(us) 61719 ! run             (bench.cc:473):     runtime time left:30000 ms, bool:1
20251026-00:55.19-743345(us) 61719 ! run             (bench.cc:473):     runtime time left:29000 ms, bool:1
20251026-00:55.20-750680(us) 61719 ! run             (bench.cc:473):     runtime time left:28000 ms, bool:1
20251026-00:55.21-758236(us) 61719 ! run             (bench.cc:473):     runtime time left:27000 ms, bool:1
20251026-00:55.22-765327(us) 61719 ! run             (bench.cc:473):     runtime time left:26000 ms, bool:1
20251026-00:55.23-772519(us) 61719 ! run             (bench.cc:473):     runtime time left:25000 ms, bool:1
20251026-00:55.24-779372(us) 61719 ! run             (bench.cc:473):     runtime time left:24000 ms, bool:1
20251026-00:55.25-786443(us) 61719 ! run             (bench.cc:473):     runtime time left:23000 ms, bool:1
20251026-00:55.26-793248(us) 61719 ! run             (bench.cc:473):     runtime time left:22000 ms, bool:1
20251026-00:55.27-799841(us) 61719 ! run             (bench.cc:473):     runtime time left:21000 ms, bool:1
20251026-00:55.28-806865(us) 61719 ! run             (bench.cc:473):     runtime time left:20000 ms, bool:1
20251026-00:55.29-814136(us) 61719 ! run             (bench.cc:473):     runtime time left:19000 ms, bool:1
20251026-00:55.30-821247(us) 61719 ! run             (bench.cc:473):     runtime time left:18000 ms, bool:1
20251026-00:55.31-828470(us) 61719 ! run             (bench.cc:473):     runtime time left:17000 ms, bool:1
20251026-00:55.32-835954(us) 61719 ! run             (bench.cc:473):     runtime time left:16000 ms, bool:1
20251026-00:55.33-843088(us) 61719 ! run             (bench.cc:473):     runtime time left:15000 ms, bool:1
20251026-00:55.34-850374(us) 61719 ! run             (bench.cc:473):     runtime time left:14000 ms, bool:1
20251026-00:55.35-857179(us) 61719 ! run             (bench.cc:473):     runtime time left:13000 ms, bool:1
20251026-00:55.36-864171(us) 61719 ! run             (bench.cc:473):     runtime time left:12000 ms, bool:1
20251026-00:55.37-871182(us) 61719 ! run             (bench.cc:473):     runtime time left:11000 ms, bool:1
20251026-00:55.38-880635(us) 61719 ! run             (bench.cc:473):     runtime time left:10000 ms, bool:1
20251026-00:55.39-887607(us) 61719 ! run             (bench.cc:473):     runtime time left:9000 ms, bool:1
20251026-00:55.40-894467(us) 61719 ! run             (bench.cc:473):     runtime time left:8000 ms, bool:1
20251026-00:55.41-901471(us) 61719 ! run             (bench.cc:473):     runtime time left:7000 ms, bool:1
20251026-00:55.42-908518(us) 61719 ! run             (bench.cc:473):     runtime time left:6000 ms, bool:1
20251026-00:55.43-915569(us) 61719 ! run             (bench.cc:473):     runtime time left:5000 ms, bool:1
20251026-00:55.44-922754(us) 61719 ! run             (bench.cc:473):     runtime time left:4000 ms, bool:1
20251026-00:55.45-929597(us) 61719 ! run             (bench.cc:473):     runtime time left:3000 ms, bool:1
20251026-00:55.46-936814(us) 61719 ! run             (bench.cc:473):     runtime time left:2000 ms, bool:1
20251026-00:55.47-943764(us) 61719 ! run             (bench.cc:473):     runtime time left:1000 ms, bool:1
20251026-00:55.48-950487(us) 61719 ! run             (bench.cc:483):     runtime_plus:0
[SHUTDOWN] Setting running=false to stop database worker threads
[SHUTDOWN] Calling first stop() to stop client transports
jump out the while loop
jump out the while loop
20251026-00:55.48-950639(us) 61719 * PrintStats      (rrr_rpc_backend.cc:679): RrrRpcBackend request stats: msg_size_req_sent: 0 bytes, counter: 0, avg: -nanjump out the while loop

20251026-00:55.48-950690(us) 61719 * PrintStats      (rrr_rpc_backend.cc:679): jump out the while loop
RrrRpcBackend request stats: msg_size_req_sent: 0 bytes, counter: 0, avg: -nan
jump out the while loop
20251026-00:55.48-950751(us) 61719 ! stop            (bench.cc:332):     stop all erpc clients. set stop=false
20251026-00:55.48-950823(us) 61719 * Stop            (rrr_rpc_backend.cc:589): RrrRpcBackend::Stop: BEGIN - Setting stop flag
20251026-00:55.48-950860(us) 61719 * Stop            (rrr_rpc_backend.cc:592): RrrRpcBackend::Stop: Waiting for event loop to exit...
20251026-00:55.48-950898(us) 61719 * Stop            (rrr_rpc_backend.cc:608): RrrRpcBackend::Stop: Event loop exited successfully
20251026-00:55.48-950934(us) 61719 * Stop            (rrr_rpc_backend.cc:612): RrrRpcBackend::Stop: Signaling 0 request queues to stop
20251026-00:55.48-950971(us) 61719 * Stop            (rrr_rpc_backend.cc:620): RrrRpcBackend::Stop: Signaling 0 response queues to stop
20251026-00:55.48-951006(us) 61719 * Stop            (rrr_rpc_backend.cc:631): RrrRpcBackend::Stop: Server cleanup deferred to destructor
20251026-00:55.48-951041(us) 61719 * Stop            (rrr_rpc_backend.cc:634): RrrRpcBackend::Stop: Closing client connections
20251026-00:55.48-951077(us) 61719 * Stop            (rrr_rpc_backend.cc:638): RrrRpcBackend::Stop: Found 0 client connections to close
20251026-00:55.48-951113(us) 61719 * Stop            (rrr_rpc_backend.cc:658): RrrRpcBackend::Stop: Closed 0 client connections
20251026-00:55.48-951155(us) 61719 * PrintStats      (rrr_rpc_backend.cc:679): RrrRpcBackend request stats: msg_size_req_sent: 0 bytes, counter: 0, avg: -nan
20251026-00:55.48-951207(us) 61719 * PrintStats      (rrr_rpc_backend.cc:679): RrrRpcBackend request stats: msg_size_req_sent: 0 bytes, counter: 0, avg: -nan
20251026-00:55.48-951260(us) 61719 * PrintStats      (rrr_rpc_backend.cc:679): RrrRpcBackend request stats: msg_size_req_sent: 0 bytes, counter: 0, avg: -nan
20251026-00:55.48-951315(us) 61719 * Stop            (rrr_rpc_backend.cc:670): RrrRpcBackend stats: msg_size_resp_sent: 0 bytes, counter: 0, avg: -nan
20251026-00:55.48-951357(us) 61719 * Stop            (rrr_rpc_backend.cc:673): RrrRpcBackend::Stop: END
20251026-00:55.48-951394(us) 61719 * Stop            (rrr_rpc_backend.cc:589): RrrRpcBackend::Stop: BEGIN - Setting stop flag
20251026-00:55.48-951411(us) 61719 * Stop            (rrr_rpc_backend.cc:592): RrrRpcBackend::Stop: Waiting for event loop to exit...
20251026-00:55.48-951429(us) 61719 * Stop            (rrr_rpc_backend.cc:608): RrrRpcBackend::Stop: Event loop exited successfully
20251026-00:55.48-951446(us) 61719 * Stop            (rrr_rpc_backend.cc:612): RrrRpcBackend::Stop: Signaling 0 request queues to stop
20251026-00:55.48-951464(us) 61719 * Stop            (rrr_rpc_backend.cc:620): RrrRpcBackend::Stop: Signaling 0 response queues to stop
20251026-00:55.48-951481(us) 61719 * Stop            (rrr_rpc_backend.cc:631): RrrRpcBackend::Stop: Server cleanup deferred to destructor
20251026-00:55.48-951498(us) 61719 * Stop            (rrr_rpc_backend.cc:634): RrrRpcBackend::Stop: Closing client connections
20251026-00:55.48-951515(us) 61719 * Stop            (rrr_rpc_backend.cc:638): RrrRpcBackend::Stop: Found 0 client connections to close
20251026-00:55.48-951533(us) 61719 * Stop            (rrr_rpc_backend.cc:658): RrrRpcBackend::Stop: Closed 0 client connections
20251026-00:55.48-951550(us) 61719 * Stop            (rrr_rpc_backend.cc:670): RrrRpcBackend stats: msg_size_resp_sent: 0 bytes, counter: 0, avg: -nan
20251026-00:55.48-951568(us) 61719 * Stop            (rrr_rpc_backend.cc:673): RrrRpcBackend::Stop: END
20251026-00:55.48-951585(us) 61719 * Stop            (rrr_rpc_backend.cc:589): RrrRpcBackend::Stop: BEGIN - Setting stop flag
20251026-00:55.48-951602(us) 61719 * Stop            (rrr_rpc_backend.cc:592): RrrRpcBackend::Stop: Waiting for event loop to exit...
20251026-00:55.48-951619(us) 61719 * Stop            (rrr_rpc_backend.cc:608): RrrRpcBackend::Stop: Event loop exited successfully
20251026-00:55.48-951636(us) 61719 * Stop            (rrr_rpc_backend.cc:612): RrrRpcBackend::Stop: Signaling 0 request queues to stop
20251026-00:55.48-951654(us) 61719 * Stop            (rrr_rpc_backend.cc:620): RrrRpcBackend::Stop: Signaling 0 response queues to stop
20251026-00:55.48-951671(us) 61719 * Stop            (rrr_rpc_backend.cc:631): RrrRpcBackend::Stop: Server cleanup deferred to destructor
20251026-00:55.48-951715(us) 61719 * Stop            (rrr_rpc_backend.cc:634): RrrRpcBackend::Stop: Closing client connections
20251026-00:55.48-951733(us) 61719 * Stop            (rrr_rpc_backend.cc:638): RrrRpcBackend::Stop: Found 0 client connections to close
20251026-00:55.48-951750(us) 61719 * Stop            (rrr_rpc_backend.cc:658): RrrRpcBackend::Stop: Closed 0 client connections
20251026-00:55.48-951767(us) 61719 * Stop            (rrr_rpc_backend.cc:670): RrrRpcBackend stats: msg_size_resp_sent: 0 bytes, counter: 0, avg: -nan
20251026-00:55.48-951785(us) 61719 * Stop            (rrr_rpc_backend.cc:673): RrrRpcBackend::Stop: END
20251026-00:55.48-951802(us) 61719 * Stop            (rrr_rpc_backend.cc:589): RrrRpcBackend::Stop: BEGIN - Setting stop flag
20251026-00:55.48-951819(us) 61719 * Stop            (rrr_rpc_backend.cc:592): RrrRpcBackend::Stop: Waiting for event loop to exit...
20251026-00:55.48-951836(us) 61719 * Stop            (rrr_rpc_backend.cc:608): RrrRpcBackend::Stop: Event loop exited successfully
20251026-00:55.48-951853(us) 61719 * Stop            (rrr_rpc_backend.cc:612): RrrRpcBackend::Stop: Signaling 0 request queues to stop
20251026-00:55.48-951870(us) 61719 * Stop            (rrr_rpc_backend.cc:620): RrrRpcBackend::Stop: Signaling 0 response queues to stop
20251026-00:55.48-951888(us) 61719 * Stop            (rrr_rpc_backend.cc:631): RrrRpcBackend::Stop: Server cleanup deferred to destructor
20251026-00:55.48-951905(us) 61719 * Stop            (rrr_rpc_backend.cc:634): RrrRpcBackend::Stop: Closing client connections
20251026-00:55.48-951922(us) 61719 * Stop            (rrr_rpc_backend.cc:638): RrrRpcBackend::Stop: Found 0 client connections to close
20251026-00:55.48-951939(us) 61719 * Stop            (rrr_rpc_backend.cc:658): RrrRpcBackend::Stop: Closed 0 client connections
20251026-00:55.48-951962(us) 61719 * Stop            (rrr_rpc_backend.cc:670): RrrRpcBackend stats: msg_size_resp_sent: 0 bytes, counter: 0, avg: -nan
20251026-00:55.48-951980(us) 61719 * Stop            (rrr_rpc_backend.cc:673): RrrRpcBackend::Stop: END
20251026-00:55.48-951997(us) 61719 * Stop            (rrr_rpc_backend.cc:589): RrrRpcBackend::Stop: BEGIN - Setting stop flag
20251026-00:55.48-952014(us) 61719 * Stop            (rrr_rpc_backend.cc:592): RrrRpcBackend::Stop: Waiting for event loop to exit...
20251026-00:55.48-952032(us) 61719 * Stop            (rrr_rpc_backend.cc:608): RrrRpcBackend::Stop: Event loop exited successfully
20251026-00:55.48-952049(us) 61719 * Stop            (rrr_rpc_backend.cc:612): RrrRpcBackend::Stop: Signaling 0 request queues to stop
20251026-00:55.48-952066(us) 61719 * Stop            (rrr_rpc_backend.cc:620): RrrRpcBackend::Stop: Signaling 0 response queues to stop
20251026-00:55.48-952083(us) 61719 * Stop            (rrr_rpc_backend.cc:631): RrrRpcBackend::Stop: Server cleanup deferred to destructor
20251026-00:55.48-952100(us) 61719 * Stop            (rrr_rpc_backend.cc:634): RrrRpcBackend::Stop: Closing client connections
20251026-00:55.48-952117(us) 61719 * Stop            (rrr_rpc_backend.cc:638): RrrRpcBackend::Stop: Found 0 client connections to close
20251026-00:55.48-952134(us) 61719 * Stop            (rrr_rpc_backend.cc:658): RrrRpcBackend::Stop: Closed 0 client connections
20251026-00:55.48-952171(us) 61719 * Stop            (rrr_rpc_backend.cc:670): RrrRpcBackend stats: msg_size_resp_sent: 0 bytes, counter: 0, avg: -nan
20251026-00:55.48-952190(us) 61719 * Stop            (rrr_rpc_backend.cc:673): RrrRpcBackend::Stop: END
[SHUTDOWN] First stop() completed
[SHUTDOWN] Joining 5 worker threads
[SHUTDOWN] Joining worker 0
[SHUTDOWN] Worker 0 joined
[SHUTDOWN] Joining worker 1
[SHUTDOWN] Worker 1 joined
[SHUTDOWN] Joining worker 2
[SHUTDOWN] Worker 2 joined
[SHUTDOWN] Joining worker 3
[SHUTDOWN] Worker 3 joined
[SHUTDOWN] Joining worker 4
[SHUTDOWN] Worker 4 joined
[SHUTDOWN] All workers joined
[SHUTDOWN] Calling stop_erpc_server()
[STOP_SERVER] Stopping 2 server transports
[STOP_SERVER] Stopping server transport 0
20251026-00:55.49-951572(us) 61719 * Stop            (rrr_rpc_backend.cc:589): RrrRpcBackend::Stop: BEGIN - Setting stop flag
20251026-00:55.49-951594(us) 61719 * Stop            (rrr_rpc_backend.cc:592): RrrRpcBackend::Stop: Waiting for event loop to exit...
20251026-00:55.49-951627(us) 61719 * RunEventLoop    (rrr_rpc_backend.cc:573): RrrRpcBackend::RunEventLoop: Stop flag detected, exiting event loop
20251026-00:55.49-951653(us) 61719 * RunEventLoop    (rrr_rpc_backend.cc:577): RrrRpcBackend::RunEventLoop: Exited cleanly
20251026-00:55.49-951668(us) 61719 * erpc_server     (rpc_setup.cc:121): the erpc_server is terminated on shardIdx:0, alpha:0!
20251026-00:55.49-961691(us) 61719 * Stop            (rrr_rpc_backend.cc:608): RrrRpcBackend::Stop: Event loop exited successfully
20251026-00:55.49-961727(us) 61719 * Stop            (rrr_rpc_backend.cc:612): RrrRpcBackend::Stop: Signaling 0 request queues to stop
20251026-00:55.49-961753(us) 61719 * Stop            (rrr_rpc_backend.cc:620): RrrRpcBackend::Stop: Signaling 0 response queues to stop
20251026-00:55.49-961767(us) 61719 * Stop            (rrr_rpc_backend.cc:631): RrrRpcBackend::Stop: Server cleanup deferred to destructor
20251026-00:55.49-961796(us) 61719 * Stop            (rrr_rpc_backend.cc:634): RrrRpcBackend::Stop: Closing client connections
20251026-00:55.49-961828(us) 61719 * Stop            (rrr_rpc_backend.cc:638): RrrRpcBackend::Stop: Found 0 client connections to close
20251026-00:55.49-961844(us) 61719 * Stop            (rrr_rpc_backend.cc:658): RrrRpcBackend::Stop: Closed 0 client connections
20251026-00:55.49-961859(us) 61719 * Stop            (rrr_rpc_backend.cc:670): RrrRpcBackend stats: msg_size_resp_sent: 0 bytes, counter: 0, avg: -nan
20251026-00:55.49-961874(us) 61719 * Stop            (rrr_rpc_backend.cc:673): RrrRpcBackend::Stop: END
[STOP_SERVER] Server transport 0 stopped
[STOP_SERVER] Stopping server transport 1
20251026-00:55.49-961913(us) 61719 * Stop            (rrr_rpc_backend.cc:589): RrrRpcBackend::Stop: BEGIN - Setting stop flag
20251026-00:55.49-961927(us) 61719 * Stop            (rrr_rpc_backend.cc:592): RrrRpcBackend::Stop: Waiting for event loop to exit...
20251026-00:55.49-961986(us) 61719 * RunEventLoop    (rrr_rpc_backend.cc:573): RrrRpcBackend::RunEventLoop: Stop flag detected, exiting event loop
20251026-00:55.49-962012(us) 61719 * RunEventLoop    (rrr_rpc_backend.cc:577): RrrRpcBackend::RunEventLoop: Exited cleanly
20251026-00:55.49-962031(us) 61719 * erpc_server     (rpc_setup.cc:121): the erpc_server is terminated on shardIdx:0, alpha:1!
20251026-00:55.49-972011(us) 61719 * Stop            (rrr_rpc_backend.cc:608): RrrRpcBackend::Stop: Event loop exited successfully
20251026-00:55.49-972045(us) 61719 * Stop            (rrr_rpc_backend.cc:612): RrrRpcBackend::Stop: Signaling 0 request queues to stop
20251026-00:55.49-972060(us) 61719 * Stop            (rrr_rpc_backend.cc:620): RrrRpcBackend::Stop: Signaling 0 response queues to stop
20251026-00:55.49-972074(us) 61719 * Stop            (rrr_rpc_backend.cc:631): RrrRpcBackend::Stop: Server cleanup deferred to destructor
20251026-00:55.49-972088(us) 61719 * Stop            (rrr_rpc_backend.cc:634): RrrRpcBackend::Stop: Closing client connections
20251026-00:55.49-972102(us) 61719 * Stop            (rrr_rpc_backend.cc:638): RrrRpcBackend::Stop: Found 0 client connections to close
20251026-00:55.49-972116(us) 61719 * Stop            (rrr_rpc_backend.cc:658): RrrRpcBackend::Stop: Closed 0 client connections
20251026-00:55.49-972130(us) 61719 * Stop            (rrr_rpc_backend.cc:670): RrrRpcBackend stats: msg_size_resp_sent: 0 bytes, counter: 0, avg: -nan
20251026-00:55.49-972144(us) 61719 * Stop            (rrr_rpc_backend.cc:673): RrrRpcBackend::Stop: END
[STOP_SERVER] Server transport 1 stopped
[STOP_SERVER] All server transports stopped
[SHUTDOWN] stop_erpc_server() completed
[SHUTDOWN] Calling second stop()
20251026-00:55.49-972212(us) 61719 ! stop            (bench.cc:332):     stop all erpc clients. set stop=false
[SHUTDOWN] Second stop() completed
[SHUTDOWN] Calling do_txn_finish()
[SHUTDOWN] do_txn_finish() completed
--- n_commits per partition ---
 par_id: 0, n_commits: 1529651
 par_id: 1, n_commits: 1556855
 par_id: 2, n_commits: 1563366
 par_id: 3, n_commits: 1847988
 par_id: 4, n_commits: 1530680
--- benchmark statistics ---
runtime: 30.2403 sec
memory delta: 5206.04 MB
n_commits: 8028540
latency_numer_us: 146424462
latency_numer_us_remote: 0
memory delta rate: 172.155 MB/sec
logical memory delta: 509.313 MB
logical memory delta rate: 16.8422 MB/sec
agg_nosync_throughput: 265492 ops/sec
avg_nosync_per_core_throughput: 53098.3 ops/sec/core
agg_throughput: 265491 ops/sec
avg_per_core_throughput: 53098.2 ops/sec/core
agg_persist_throughput: 265491 ops/sec
avg_per_core_persist_throughput: 53098.2 ops/sec/core
avg_latency: 0.018238 ms
avg_persist_latency: 0 ms
agg_abort_rate: 51.6528 aborts/sec
avg_per_core_abort_rate: 10.3306 aborts/sec/core
  NewOrder_local_commit_latency: 0.018834 ms
  NewOrder_local_abort_latency: 0.0381538 ms
  NewOrder_local_abort_ratio: 8.08069e-05
  Payment_local_commit_latency: 0.00567683 ms
  Payment_local_abort_latency: 0.0201937 ms
  Payment_local_abort_ratio: 6.08396e-06
  Delivery_local_commit_latency: 0.0762288 ms
  Delivery_local_abort_latency: -nan ms
  Delivery_local_abort_ratio: 0
  OrderStatus_local_commit_latency: 0.00613761 ms
  OrderStatus_local_abort_latency: 0.021825 ms
  OrderStatus_local_abort_ratio: 6.2124e-06
  StockLevel_local_commit_latency: 0.113409 ms
  StockLevel_local_abort_latency: 0.130827 ms
  StockLevel_local_abort_ratio: 0.00388428
  NewOrder_remote_ratio: 0 %
  NewOrder_remote_abort_ratio: -nan %
  NewOrder_remote_commit_latency: -nan ms
  NewOrder_remote_abort_latency: -nan ms
  Payment_remote_ratio: 0 %
  Payment_remote_abort_ratio: -nan %
  Payment_remote_commit_latency: -nan ms
  Payment_remote_abort_latency: -nan ms
--- system counters (for benchmark) ---
--- perf counters (if enabled, for benchmark) ---
TxnPayment:      tsc           
  avg            15693.8       
  total          54170249980   
  count          3451699       
TxnNewOrder:     tsc           
  avg            52513.9       
  total          189761719308  
  count          3613551       
TxnOrderStatus:  tsc           
  avg            16923.9       
  total          5448434824    
  count          321937        
StockLevelOrderLineScan:tod-usec      
  avg            19.1558       
  total          6149731       
  count          321038        
StockLevelLoopJoinIter:tod-usec      
  avg            0.403688      
  total          25474033      
  count          63103215      
DeliverNewOrderScan:tod-usec      
  avg            0.479318      
  total          1542816       
  count          3218770       
StockLevelLoopJoinGet:tod-usec      
  avg            0.337588      
  total          21302888      
  count          63103215      
--- allocator stats ---
[allocator] ncpus=5
[allocator] cpu=0 fully_faulted?=0 remaining=216006656 bytes
[allocator] cpu=1 fully_faulted?=0 remaining=216006656 bytes
[allocator] cpu=2 fully_faulted?=0 remaining=216006656 bytes
[allocator] cpu=3 fully_faulted?=0 remaining=216006656 bytes
[allocator] cpu=4 fully_faulted?=0 remaining=216006656 bytes
---------------------------------------
--- system counters for n_comits ---
[STOP_SERVER] Stopping 2 server transports
[STOP_SERVER] Stopping server transport 0
20251026-00:55.49-973119(us) 61719 * Stop            (rrr_rpc_backend.cc:585): RrrRpcBackend::Stop: Already stopped, returning
[STOP_SERVER] Server transport 0 stopped
[STOP_SERVER] Stopping server transport 1
20251026-00:55.49-973173(us) 61719 * Stop            (rrr_rpc_backend.cc:585): RrrRpcBackend::Stop: Already stopped, returning
[STOP_SERVER] Server transport 1 stopped
[STOP_SERVER] All server transports stopped
