20251026-00:56.30-808902(us) 62424 * ParseNewFormat  (configuration.cc:99): Using new configuration format
20251026-00:56.30-809012(us) 62424 * ParseNewFormat  (configuration.cc:159): Loaded 1 sites in 1 shards
20251026-00:56.30-809038(us) 62424 * handle_new_config_format (dbtest.cc:131):    Site local_s0: shard=0, replica_idx=0, is_leader=1, cluster=localhost
allocator::Initialize()
  hugepgsize: 2097152
  use MADV_WILLNEED: 1
  mmap() region [0x71ff66e00000, 0x71ffa7c00000)
cpu0 owns [0x71ff66e00000, 0x71ff70200000)
cpu1 owns [0x71ff70200000, 0x71ff79600000)
cpu2 owns [0x71ff79600000, 0x71ff82a00000)
cpu3 owns [0x71ff82a00000, 0x71ff8be00000)
cpu4 owns [0x71ff8be00000, 0x71ff95200000)
cpu5 owns [0x71ff95200000, 0x71ff9e600000)
cpu6 owns [0x71ff9e600000, 0x71ffa7a00000)
Database Benchmark:
  pid: 62424
settings:
  num-cpus    : 8
  num-threads : 7
  shardIndex  : 0
  paxos_proc_name  : localhost
  nshards     : 1
  is_micro    : 0
  is_replicated : 0
  var-encode  : yes
  allocator   : jemalloc
system properties:
  tuple_prefetch          : no
  btree_node_prefetch     : yes
tpcc settings:
  cross_partition_transactions : 1
  read_only_snapshots          : 1
  partition_locks              : 0
  separate_tree_per_partition  : 1
  new_order_remote_item_pct    : 1
  new_order_fast_id_gen        : 1
  uniform_item_dist            : 0
  order_status_scan_hack       : 0
  workload_mix                 : [45, 43, 4, 4, 4]
new table is createded with name: customer_0, table-id: 1, on shard-server id:0
new table is createded with name: customer_1, table-id: 2, on shard-server id:0
new table is createded with name: customer_2, table-id: 3, on shard-server id:0
new table is createded with name: customer_3, table-id: 4, on shard-server id:0
new table is createded with name: customer_4, table-id: 5, on shard-server id:0
new table is createded with name: customer_5, table-id: 6, on shard-server id:0
new table is createded with name: customer_6, table-id: 7, on shard-server id:0
new table is createded with name: customer_name_idx_0, table-id: 8, on shard-server id:0
new table is createded with name: customer_name_idx_1, table-id: 9, on shard-server id:0
new table is createded with name: customer_name_idx_2, table-id: 10, on shard-server id:0
new table is createded with name: customer_name_idx_3, table-id: 11, on shard-server id:0
new table is createded with name: customer_name_idx_4, table-id: 12, on shard-server id:0
new table is createded with name: customer_name_idx_5, table-id: 13, on shard-server id:0
new table is createded with name: customer_name_idx_6, table-id: 14, on shard-server id:0
new table is createded with name: district_0, table-id: 15, on shard-server id:0
new table is createded with name: district_1, table-id: 16, on shard-server id:0
new table is createded with name: district_2, table-id: 17, on shard-server id:0
new table is createded with name: district_3, table-id: 18, on shard-server id:0
new table is createded with name: district_4, table-id: 19, on shard-server id:0
new table is createded with name: district_5, table-id: 20, on shard-server id:0
new table is createded with name: district_6, table-id: 21, on shard-server id:0
new table is createded with name: history_0, table-id: 22, on shard-server id:0
new table is createded with name: history_1, table-id: 23, on shard-server id:0
new table is createded with name: history_2, table-id: 24, on shard-server id:0
new table is createded with name: history_3, table-id: 25, on shard-server id:0
new table is createded with name: history_4, table-id: 26, on shard-server id:0
new table is createded with name: history_5, table-id: 27, on shard-server id:0
new table is createded with name: history_6, table-id: 28, on shard-server id:0
new table is createded with name: new_order_0, table-id: 29, on shard-server id:0
new table is createded with name: new_order_1, table-id: 30, on shard-server id:0
new table is createded with name: new_order_2, table-id: 31, on shard-server id:0
new table is createded with name: new_order_3, table-id: 32, on shard-server id:0
new table is createded with name: new_order_4, table-id: 33, on shard-server id:0
new table is createded with name: new_order_5, table-id: 34, on shard-server id:0
new table is createded with name: new_order_6, table-id: 35, on shard-server id:0
new table is createded with name: oorder_0, table-id: 36, on shard-server id:0
new table is createded with name: oorder_1, table-id: 37, on shard-server id:0
new table is createded with name: oorder_2, table-id: 38, on shard-server id:0
new table is createded with name: oorder_3, table-id: 39, on shard-server id:0
new table is createded with name: oorder_4, table-id: 40, on shard-server id:0
new table is createded with name: oorder_5, table-id: 41, on shard-server id:0
new table is createded with name: oorder_6, table-id: 42, on shard-server id:0
new table is createded with name: oorder_c_id_idx_0, table-id: 43, on shard-server id:0
new table is createded with name: oorder_c_id_idx_1, table-id: 44, on shard-server id:0
new table is createded with name: oorder_c_id_idx_2, table-id: 45, on shard-server id:0
new table is createded with name: oorder_c_id_idx_3, table-id: 46, on shard-server id:0
new table is createded with name: oorder_c_id_idx_4, table-id: 47, on shard-server id:0
new table is createded with name: oorder_c_id_idx_5, table-id: 48, on shard-server id:0
new table is createded with name: oorder_c_id_idx_6, table-id: 49, on shard-server id:0
new table is createded with name: order_line_0, table-id: 50, on shard-server id:0
new table is createded with name: order_line_1, table-id: 51, on shard-server id:0
new table is createded with name: order_line_2, table-id: 52, on shard-server id:0
new table is createded with name: order_line_3, table-id: 53, on shard-server id:0
new table is createded with name: order_line_4, table-id: 54, on shard-server id:0
new table is createded with name: order_line_5, table-id: 55, on shard-server id:0
new table is createded with name: order_line_6, table-id: 56, on shard-server id:0
new table is createded with name: stock_0, table-id: 57, on shard-server id:0
new table is createded with name: stock_1, table-id: 58, on shard-server id:0
new table is createded with name: stock_2, table-id: 59, on shard-server id:0
new table is createded with name: stock_3, table-id: 60, on shard-server id:0
new table is createded with name: stock_4, table-id: 61, on shard-server id:0
new table is createded with name: stock_5, table-id: 62, on shard-server id:0
new table is createded with name: stock_6, table-id: 63, on shard-server id:0
new table is createded with name: stock_data_0, table-id: 64, on shard-server id:0
new table is createded with name: stock_data_1, table-id: 65, on shard-server id:0
new table is createded with name: stock_data_2, table-id: 66, on shard-server id:0
new table is createded with name: stock_data_3, table-id: 67, on shard-server id:0
new table is createded with name: stock_data_4, table-id: 68, on shard-server id:0
new table is createded with name: stock_data_5, table-id: 69, on shard-server id:0
new table is createded with name: stock_data_6, table-id: 70, on shard-server id:0
new table is createded with name: warehouse_0, table-id: 71, on shard-server id:0
new table is createded with name: warehouse_1, table-id: 72, on shard-server id:0
new table is createded with name: warehouse_2, table-id: 73, on shard-server id:0
new table is createded with name: warehouse_3, table-id: 74, on shard-server id:0
new table is createded with name: warehouse_4, table-id: 75, on shard-server id:0
new table is createded with name: warehouse_5, table-id: 76, on shard-server id:0
new table is createded with name: warehouse_6, table-id: 77, on shard-server id:0
new table is createded with name: item, table-id: 78, on shard-server id:0
20251026-00:56.30-810459(us) 62424 * ParseNewFormat  (configuration.cc:99): Using new configuration format
20251026-00:56.30-810519(us) 62424 * ParseNewFormat  (configuration.cc:159): Loaded 1 sites in 1 shards
[TRANSPORT] Using default: rrr
20251026-00:56.30-810590(us) 62424 * ParseNewFormat  (configuration.cc:99): Using new configuration format
20251026-00:56.30-810650(us) 62424 * ParseNewFormat  (configuration.cc:159): Loaded 1 sites in 1 shards
[TRANSPORT] Using default: rrr
20251026-00:56.30-810784(us) 62424 * Initialize      (rrr_rpc_backend.cc:85): RrrRpcBackend initialized on 127.0.0.1:31012 (listening on 0.0.0.0:31012)
20251026-00:56.30-810816(us) 62424 * FastTransport   (fasttransport.cc:116): FastTransport initialized with rrr/rpc backend on 127.0.0.1:31012
20251026-00:56.30-810845(us) 62424 * Initialize      (rrr_rpc_backend.cc:85): RrrRpcBackend initialized on 127.0.0.1:31013 (listening on 0.0.0.0:31013)
20251026-00:56.30-810881(us) 62424 * FastTransport   (fasttransport.cc:116): FastTransport initialized with rrr/rpc backend on 127.0.0.1:31013
20251026-00:56.30-810905(us) 62424 * RunEventLoop    (rrr_rpc_backend.cc:508): RrrRpcBackend::RunEventLoop: Starting event loop
20251026-00:56.30-810932(us) 62424 * RunEventLoop    (rrr_rpc_backend.cc:508): RrrRpcBackend::RunEventLoop: Starting event loop
20251026-00:56.30-812407(us) 62424 ! run             (bench.cc:357):     # of loaders size:6
start worker:1276
PinToWarehouseId(): coreid=2 pinned to whse=1 (partid=0)[INFO] finished loading warehouse

PinToWarehouseId(): coreid=[INFO]   * average warehouse record length: 3 pinned to whse=1 (partid=97 bytes
0)
PinToWarehouseId(): coreid=3 pinned to whse=2 (partid=1)
PinToWarehouseId(): coreid=3 pinned to whse=3 (partid=2)
PinToWarehouseId(): coreid=3 pinned to whse=4 (partid=3)
PinToWarehouseId(): coreid=3 pinned to whse=5 (partid=4)
num batches: 30
PinToWarehouseId(): coreid=PinToWarehouseId(): coreid=3 pinned to whse=6 (partid=5)PinToWarehouseId(): coreid=5
 pinned to whse=1 (partid=0)
PinToWarehouseId(): coreid=3 pinned to whse=4 pinned to whse=1 (partid=0)
7 (partid=6)
[INFO] finished loading district
[INFO]   * average district record length: 99 bytes
PinToWarehouseId(): coreid=5 pinned to whse=2 (partid=1)
[INFO] finished loading item
[INFO]   * average item record length: 84.1739 bytes
PinToWarehouseId(): coreid=5 pinned to whse=3 (partid=2)
PinToWarehouseId(): coreid=4 pinned to whse=2 (partid=1)
PinToWarehouseId(): coreid=5 pinned to whse=4 (partid=3)
PinToWarehouseId(): coreid=5 pinned to whse=5 (partid=4)
PinToWarehouseId(): coreid=4 pinned to whse=3 (partid=2)
PinToWarehouseId(): coreid=5 pinned to whse=6 (partid=5)
PinToWarehouseId(): coreid=5 pinned to whse=7 (partid=6)
PinToWarehouseId(): coreid=2 pinned to whse=2 (partid=1)
PinToWarehouseId(): coreid=4 pinned to whse=4 (partid=3)
[INFO] finished loading order
[INFO]   * average order_line record length: 11.2605 bytes
[INFO]   * average oorder record length: 7.90037 bytes
[INFO]   * average new_order record length: 12 bytes
PinToWarehouseId(): coreid=4 pinned to whse=5 (partid=4)
PinToWarehouseId(): coreid=4 pinned to whse=6 (partid=5)
PinToWarehouseId(): coreid=2 pinned to whse=3 (partid=2)
PinToWarehouseId(): coreid=4 pinned to whse=7 (partid=6)
[INFO] finished loading customer
[INFO]   * average customer record length: 153.961 bytes 
PinToWarehouseId(): coreid=2 pinned to whse=4 (partid=3)
PinToWarehouseId(): coreid=2 pinned to whse=5 (partid=4)
PinToWarehouseId(): coreid=2 pinned to whse=6 (partid=5)
PinToWarehouseId(): coreid=2 pinned to whse=7 (partid=6)
[INFO] finished loading stock
[INFO]   * average stock record length: 8 bytes
timed region dataloading took 5194.68 ms
DB size: 751.852 MB
[0, 0, 0] txns persisted in loading phase
20251026-00:56.36-7193(us) 62424 ! run             (bench.cc:410):     # of nthreads:7
starting benchmark...
--------------Finish loading data and wait for others completing load phase ------------
tpcc: worker id 8 => warehouses [1, 2)
tpcc: worker id 9 => warehouses [2, 3)
tpcc: worker id 10 => warehouses [3, 4)
tpcc: worker id 11 => warehouses [4, 5)
tpcc: worker id 12 => warehouses [5, 6)
tpcc: worker id 13 => warehouses [6, 7)
tpcc: worker id 14 => warehouses [7, 8)
No JEMALLOC_NO_RENAME
No JEMALLOC_NO_RENAME
No JEMALLOC_NO_RENAME
No JEMALLOC_NO_RENAME
No JEMALLOC_NO_RENAME
20251026-00:56.36-10532(us) 62424 * ParseNewFormat  (configuration.cc:99): Using new configuration format
20251026-00:56.36-10595(us) 62424 * ParseNewFormat  (configuration.cc:99): Using new configuration format
20251026-00:56.36-10625(us) 62424 * ParseNewFormat  (configuration.cc:159): Loaded 1 sites in 1 shards
20251026-00:56.36-10646(us) 62424 * ParseNewFormat  (configuration.cc:99): Using new configuration format
20251026-00:56.36-10691(us) 62424 * ParseNewFormat  (configuration.cc:159): Loaded 1 sites in 1 shards
No JEMALLOC_NO_RENAME
20251026-00:56.36-10754(us) 62424 * ParseNewFormat  (configuration.cc:99): Using new configuration format
20251026-00:56.36-10799(us) 62424 * ParseNewFormat  (configuration.cc:159): Loaded 1 sites in 1 shards
20251026-00:56.36-10845(us) 62424 * ParseNewFormat  (configuration.cc:99): Using new configuration format
20251026-00:56.36-10901(us) 62424 * ParseNewFormat  (configuration.cc:99): Using new configuration format
20251026-00:56.36-10945(us) 62424 No JEMALLOC_NO_RENAME
* ParseNewFormat  (configuration.cc:99): Using new configuration format
20251026-00:56.36-10998(us) 62424 * ParseNewFormat  (configuration.cc:159): Loaded 1 sites in 1 shards
20251026-00:56.36-11044(us) 62424 * ParseNewFormat  (configuration.cc:99): Using new configuration format
20251026-00:56.36-11090(us) 62424 * ParseNewFormat  (configuration.cc:159): Loaded 1 sites in 1 shards
[TRANSPORT] Using default: rrr
20251026-00:56.36-11253(us) 62424 * ParseNewFormat  (configuration.cc:99): Using new configuration format
20251026-00:56.36-11324(us) 62424 * Initialize      (rrr_rpc_backend.cc:85): RrrRpcBackend initialized on 127.0.0.1:31003 (listening on 0.0.0.0:31003)
20251026-00:56.36-11351(us) 62424 * ParseNewFormat  (configuration.cc:159): Loaded 1 sites in 1 shards
20251026-00:56.36-11387(us) 62424 * ParseNewFormat  (configuration.cc:159): Loaded 1 sites in 1 shards
20251026-00:56.36-11432(us) 62424 [TRANSPORT] Using default: rrr
* ParseNewFormat  (configuration.cc:159): Loaded 1 sites in 1 shards
20251026-00:56.36-11502(us) 62424 * FastTransport   (fasttransport.cc:116): FastTransport initialized with rrr/rpc backend on 127.0.0.1:31003
[TRANSPORT] Using default: rrr
20251026-00:56.36-11564(us) 62424 * Initialize      (rrr_rpc_backend.cc:85): RrrRpcBackend initialized on 127.0.0.1:31000 (listening on 0.0.0.0:31000)
20251026-00:56.36-11589(us) 62424 * FastTransport   (fasttransport.cc:116): FastTransport initialized with rrr/rpc backend on 127.0.0.1:31000
20251026-00:56.36-11619(us) 62424 * ParseNewFormat  (configuration.cc:99): Using new configuration format
20251026-00:56.36-11663(us) 62424 * ParseNewFormat  (configuration.cc:159): Loaded 1 sites in 1 shards
20251026-00:56.36-11691(us) 62424 * ParseNewFormat  (configuration.cc:99): Using new configuration format
[TRANSPORT] Using default: rrr
20251026-00:56.36-11732(us) 62424 * ParseNewFormat  (configuration.cc:159): Loaded 1 sites in 1 shards
20251026-00:56.36-11775(us) 62424 * ParseNewFormat  (configuration.cc:99): Using new configuration format
20251026-00:56.36-11815(us) 62424 * ParseNewFormat  (configuration.cc:159): Loaded 1 sites in 1 shards
20251026-00:56.36-11834(us) 62424 * Initialize      (rrr_rpc_backend.cc:85): RrrRpcBackend initialized on 127.0.0.1:31002 (listening on 0.0.0.0:31002)
20251026-00:56.36-11887(us) 62424 * FastTransport   (fasttransport.cc:116): FastTransport initialized with rrr/rpc backend on 127.0.0.1:31002
20251026-00:56.36-11923(us) 62424 * ParseNewFormat  (configuration.cc:159): Loaded 1 sites in 1 shards
20251026-00:56.36-11967(us) 62424 * Initialize      (rrr_rpc_backend.cc:85): RrrRpcBackend initialized on 127.0.0.1:31004 (listening on 0.0.0.0:31004)
[TRANSPORT] Using default: rrr
20251026-00:56.36-11998(us) 62424 * FastTransport   (fasttransport.cc:116): FastTransport initialized with rrr/rpc backend on 127.0.0.1:31004
20251026-00:56.36-12085(us) 62424 * Initialize      (rrr_rpc_backend.cc:85): RrrRpcBackend initialized on 127.0.0.1:31001 (listening on 0.0.0.0:31001)
20251026-00:56.36-12116(us) 62424 * FastTransport   (fasttransport.cc:116): FastTransport initialized with rrr/rpc backend on 127.0.0.1:31001
20251026-00:56.36-12173(us) 62424 * ParseNewFormat  (configuration.cc:99): Using new configuration format
20251026-00:56.36-12226(us) 62424 * ParseNewFormat  (configuration.cc:99): Using new configuration format
20251026-00:56.36-12276(us) 62424 * ParseNewFormat  (configuration.cc:159): Loaded 1 sites in 1 shards
20251026-00:56.36-12324(us) 62424 * ParseNewFormat  (configuration.cc:99): Using new configuration format
20251026-00:56.36-12354(us) 62424 * ParseNewFormat  (configuration.cc:99): Using new configuration format
20251026-00:56.36-12382(us) 62424 * ParseNewFormat  (configuration.cc:159): Loaded 1 sites in 1 shards
20251026-00:56.36-12409(us) 62424 * ParseNewFormat  (configuration.cc:159): Loaded 1 sites in 1 shards
20251026-00:56.36-12431(us) 62424 * ParseNewFormat  (configuration.cc:99): Using new configuration format
20251026-00:56.36-12468(us) 62424 * ParseNewFormat  (configuration.cc:159): Loaded 1 sites in 1 shards
20251026-00:56.36-12570(us) 62424 * ParseNewFormat  (configuration.cc:99): Using new configuration format
20251026-00:56.36-12600(us) 62424 * ParseNewFormat  (configuration.cc:159): Loaded 1 sites in 1 shards
20251026-00:56.36-12634(us) 62424 * ParseNewFormat  (configuration.cc:99): Using new configuration format[TRANSPORT] Using default: rrr

20251026-00:56.36-12665(us) 62424 * ParseNewFormat  (configuration.cc:159): Loaded 1 sites in 1 shards
20251026-00:56.36-12731(us) 62424 * ParseNewFormat  (configuration.cc:159): Loaded 1 sites in 1 shards
[TRANSPORT] Using default: rrr
20251026-00:56.36-24206(us) 62424 * Initialize      (rrr_rpc_backend.cc:85): RrrRpcBackend initialized on 127.0.0.1:31006 (listening on 0.0.0.0:31006)
20251026-00:56.36-24243(us) 62424 * FastTransport   (fasttransport.cc:116): FastTransport initialized with rrr/rpc backend on 127.0.0.1:31006
20251026-00:56.36-24322(us) 62424 * Initialize      (rrr_rpc_backend.cc:85): RrrRpcBackend initialized on 127.0.0.1:31005 (listening on 0.0.0.0:31005)
20251026-00:56.36-24345(us) 62424 * FastTransport   (fasttransport.cc:116): FastTransport initialized with rrr/rpc backend on 127.0.0.1:31005
20251026-00:56.36-24419(us) 62424 * ParseNewFormat  (configuration.cc:99): Using new configuration format
20251026-00:56.36-24452(us) 62424 * ParseNewFormat  (configuration.cc:159): Loaded 1 sites in 1 shards
20251026-00:56.36-24528(us) 62424 * ParseNewFormat  (configuration.cc:99): Using new configuration format
20251026-00:56.36-24560(us) 62424 * ParseNewFormat  (configuration.cc:159): Loaded 1 sites in 1 shards
20251026-00:56.36-25218(us) 62424 ! run             (bench.cc:461):     start the running time, runTime:30
20251026-00:56.36-25263(us) 62424 ! run             (bench.cc:473):     runtime time left:30000 ms, bool:1
20251026-00:56.37-33064(us) 62424 ! run             (bench.cc:473):     runtime time left:29000 ms, bool:1
20251026-00:56.38-40916(us) 62424 ! run             (bench.cc:473):     runtime time left:28000 ms, bool:1
20251026-00:56.39-48977(us) 62424 ! run             (bench.cc:473):     runtime time left:27000 ms, bool:1
20251026-00:56.40-57641(us) 62424 ! run             (bench.cc:473):     runtime time left:26000 ms, bool:1
20251026-00:56.41-65257(us) 62424 ! run             (bench.cc:473):     runtime time left:25000 ms, bool:1
20251026-00:56.42-73711(us) 62424 ! run             (bench.cc:473):     runtime time left:24000 ms, bool:1
20251026-00:56.43-81749(us) 62424 ! run             (bench.cc:473):     runtime time left:23000 ms, bool:1
20251026-00:56.44-89627(us) 62424 ! run             (bench.cc:473):     runtime time left:22000 ms, bool:1
20251026-00:56.45-97764(us) 62424 ! run             (bench.cc:473):     runtime time left:21000 ms, bool:1
20251026-00:56.46-107401(us) 62424 ! run             (bench.cc:473):     runtime time left:20000 ms, bool:1
20251026-00:56.47-115545(us) 62424 ! run             (bench.cc:473):     runtime time left:19000 ms, bool:1
20251026-00:56.48-123879(us) 62424 ! run             (bench.cc:473):     runtime time left:18000 ms, bool:1
20251026-00:56.49-137068(us) 62424 ! run             (bench.cc:473):     runtime time left:17000 ms, bool:1
20251026-00:56.50-147846(us) 62424 ! run             (bench.cc:473):     runtime time left:16000 ms, bool:1
20251026-00:56.51-155560(us) 62424 ! run             (bench.cc:473):     runtime time left:15000 ms, bool:1
20251026-00:56.52-163192(us) 62424 ! run             (bench.cc:473):     runtime time left:14000 ms, bool:1
20251026-00:56.53-171682(us) 62424 ! run             (bench.cc:473):     runtime time left:13000 ms, bool:1
20251026-00:56.54-181122(us) 62424 ! run             (bench.cc:473):     runtime time left:12000 ms, bool:1
20251026-00:56.55-191628(us) 62424 ! run             (bench.cc:473):     runtime time left:11000 ms, bool:1
20251026-00:56.56-199507(us) 62424 ! run             (bench.cc:473):     runtime time left:10000 ms, bool:1
20251026-00:56.57-208470(us) 62424 ! run             (bench.cc:473):     runtime time left:9000 ms, bool:1
20251026-00:56.58-216711(us) 62424 ! run             (bench.cc:473):     runtime time left:8000 ms, bool:1
20251026-00:56.59-226611(us) 62424 ! run             (bench.cc:473):     runtime time left:7000 ms, bool:1
20251026-00:57.00-234459(us) 62424 ! run             (bench.cc:473):     runtime time left:6000 ms, bool:1
20251026-00:57.01-242710(us) 62424 ! run             (bench.cc:473):     runtime time left:5000 ms, bool:1
20251026-00:57.02-250648(us) 62424 ! run             (bench.cc:473):     runtime time left:4000 ms, bool:1
20251026-00:57.03-258322(us) 62424 ! run             (bench.cc:473):     runtime time left:3000 ms, bool:1
20251026-00:57.04-269002(us) 62424 ! run             (bench.cc:473):     runtime time left:2000 ms, bool:1
20251026-00:57.05-277305(us) 62424 ! run             (bench.cc:473):     runtime time left:1000 ms, bool:1
20251026-00:57.06-285553(us) 62424 ! run             (bench.cc:483):     runtime_plus:0
[SHUTDOWN] Setting running=false to stop database worker threads
[SHUTDOWN] Calling first stop() to stop client transports
jump out the while loop
20251026-00:57.06-286351(us) 62424 ! stop            (bench.cc:332):     stop all erpc clients. set stop=false
jump out the while loop
jump out the while loop
20251026-00:57.06-286411(us) 62424 * jump out the while loop
PrintStats      (rrr_rpc_backend.cc:679): jump out the while loop
RrrRpcBackend request stats: msg_size_req_sent: 0 bytes, counter: 0, avg: -nan
jump out the while loop
jump out the while loop
20251026-00:57.06-286475(us) 62424 * Stop            (rrr_rpc_backend.cc:589): RrrRpcBackend::Stop: BEGIN - Setting stop flag
20251026-00:57.06-286527(us) 62424 * Stop            (rrr_rpc_backend.cc:592): RrrRpcBackend::Stop: Waiting for event loop to exit...
20251026-00:57.06-286563(us) 62424 * Stop            (rrr_rpc_backend.cc:608): RrrRpcBackend::Stop: Event loop exited successfully
20251026-00:57.06-286597(us) 62424 * Stop            (rrr_rpc_backend.cc:612): RrrRpcBackend::Stop: Signaling 0 request queues to stop
20251026-00:57.06-286633(us) 62424 * Stop            (rrr_rpc_backend.cc:620): RrrRpcBackend::Stop: Signaling 0 response queues to stop
20251026-00:57.06-286668(us) 62424 * Stop            (rrr_rpc_backend.cc:631): RrrRpcBackend::Stop: Server cleanup deferred to destructor
20251026-00:57.06-286703(us) 62424 * Stop            (rrr_rpc_backend.cc:634): RrrRpcBackend::Stop: Closing client connections
20251026-00:57.06-286736(us) 62424 * Stop            (rrr_rpc_backend.cc:638): RrrRpcBackend::Stop: Found 0 client connections to close
20251026-00:57.06-286772(us) 62424 * Stop            (rrr_rpc_backend.cc:658): RrrRpcBackend::Stop: Closed 0 client connections
20251026-00:57.06-286807(us) 62424 * Stop            (rrr_rpc_backend.cc:670): RrrRpcBackend stats: msg_size_resp_sent: 0 bytes, counter: 0, avg: -nan
20251026-00:57.06-286841(us) 62424 * Stop            (rrr_rpc_backend.cc:673): RrrRpcBackend::Stop: END
20251026-00:57.06-286876(us) 62424 * Stop            (rrr_rpc_backend.cc:589): RrrRpcBackend::Stop: BEGIN - Setting stop flag
20251026-00:57.06-286912(us) 62424 * Stop            (rrr_rpc_backend.cc:592): RrrRpcBackend::Stop: Waiting for event loop to exit...
20251026-00:57.06-286958(us) 62424 * Stop            (rrr_rpc_backend.cc:608): RrrRpcBackend::Stop: Event loop exited successfully
20251026-00:57.06-286984(us) 62424 * Stop            (rrr_rpc_backend.cc:612): RrrRpcBackend::Stop: Signaling 0 request queues to stop
20251026-00:57.06-287010(us) 62424 * Stop            (rrr_rpc_backend.cc:620): RrrRpcBackend::Stop: Signaling 0 response queues to stop
20251026-00:57.06-287036(us) 62424 * Stop            (rrr_rpc_backend.cc:631): RrrRpcBackend::Stop: Server cleanup deferred to destructor
20251026-00:57.06-287062(us) 62424 * Stop            (rrr_rpc_backend.cc:634): RrrRpcBackend::Stop: Closing client connections
20251026-00:57.06-287089(us) 62424 * Stop            (rrr_rpc_backend.cc:638): RrrRpcBackend::Stop: Found 0 client connections to close
20251026-00:57.06-287114(us) 62424 * Stop            (rrr_rpc_backend.cc:658): RrrRpcBackend::Stop: Closed 0 client connections
20251026-00:57.06-287140(us) 62424 * Stop            (rrr_rpc_backend.cc:670): RrrRpcBackend stats: msg_size_resp_sent: 0 bytes, counter: 0, avg: -nan
20251026-00:57.06-287189(us) 62424 * Stop            (rrr_rpc_backend.cc:673): RrrRpcBackend::Stop: END
20251026-00:57.06-287219(us) 62424 * Stop            (rrr_rpc_backend.cc:589): RrrRpcBackend::Stop: BEGIN - Setting stop flag
20251026-00:57.06-287248(us) 62424 * Stop            (rrr_rpc_backend.cc:592): RrrRpcBackend::Stop: Waiting for event loop to exit...
20251026-00:57.06-287279(us) 62424 * Stop            (rrr_rpc_backend.cc:608): RrrRpcBackend::Stop: Event loop exited successfully
20251026-00:57.06-287305(us) 62424 * Stop            (rrr_rpc_backend.cc:612): RrrRpcBackend::Stop: Signaling 0 request queues to stop
20251026-00:57.06-287330(us) 62424 * Stop            (rrr_rpc_backend.cc:620): RrrRpcBackend::Stop: Signaling 0 response queues to stop
20251026-00:57.06-287357(us) 62424 * Stop            (rrr_rpc_backend.cc:631): RrrRpcBackend::Stop: Server cleanup deferred to destructor
20251026-00:57.06-287384(us) 62424 * Stop            (rrr_rpc_backend.cc:634): RrrRpcBackend::Stop: Closing client connections
20251026-00:57.06-287411(us) 62424 * Stop            (rrr_rpc_backend.cc:638): RrrRpcBackend::Stop: Found 0 client connections to close
20251026-00:57.06-287437(us) 62424 * Stop            (rrr_rpc_backend.cc:658): RrrRpcBackend::Stop: Closed 0 client connections
20251026-00:57.06-287463(us) 62424 * Stop            (rrr_rpc_backend.cc:670): RrrRpcBackend stats: msg_size_resp_sent: 0 bytes, counter: 0, avg: -nan
20251026-00:57.06-287489(us) 62424 * Stop            (rrr_rpc_backend.cc:673): RrrRpcBackend::Stop: END
20251026-00:57.06-287544(us) 62424 * Stop            (rrr_rpc_backend.cc:589): RrrRpcBackend::Stop: BEGIN - Setting stop flag
20251026-00:57.06-287573(us) 62424 * Stop            (rrr_rpc_backend.cc:592): RrrRpcBackend::Stop: Waiting for event loop to exit...
20251026-00:57.06-287598(us) 62424 * Stop            (rrr_rpc_backend.cc:608): RrrRpcBackend::Stop: Event loop exited successfully
20251026-00:57.06-287624(us) 62424 * Stop            (rrr_rpc_backend.cc:612): RrrRpcBackend::Stop: Signaling 0 request queues to stop
20251026-00:57.06-287650(us) 62424 * Stop            (rrr_rpc_backend.cc:620): RrrRpcBackend::Stop: Signaling 0 response queues to stop
20251026-00:57.06-287675(us) 62424 * Stop            (rrr_rpc_backend.cc:631): RrrRpcBackend::Stop: Server cleanup deferred to destructor
20251026-00:57.06-287702(us) 62424 * Stop            (rrr_rpc_backend.cc:634): RrrRpcBackend::Stop: Closing client connections
20251026-00:57.06-287727(us) 62424 * Stop            (rrr_rpc_backend.cc:638): RrrRpcBackend::Stop: Found 0 client connections to close
20251026-00:57.06-287753(us) 62424 * Stop            (rrr_rpc_backend.cc:658): RrrRpcBackend::Stop: Closed 0 client connections
20251026-00:57.06-287779(us) 62424 * Stop            (rrr_rpc_backend.cc:670): RrrRpcBackend stats: msg_size_resp_sent: 0 bytes, counter: 0, avg: -nan
20251026-00:57.06-287805(us) 62424 * Stop            (rrr_rpc_backend.cc:673): RrrRpcBackend::Stop: END
20251026-00:57.06-287837(us) 62424 * Stop            (rrr_rpc_backend.cc:589): RrrRpcBackend::Stop: BEGIN - Setting stop flag
20251026-00:57.06-287863(us) 62424 * Stop            (rrr_rpc_backend.cc:592): RrrRpcBackend::Stop: Waiting for event loop to exit...
20251026-00:57.06-287889(us) 62424 * Stop            (rrr_rpc_backend.cc:608): RrrRpcBackend::Stop: Event loop exited successfully
20251026-00:57.06-287914(us) 62424 * Stop            (rrr_rpc_backend.cc:612): RrrRpcBackend::Stop: Signaling 0 request queues to stop
20251026-00:57.06-287940(us) 62424 * Stop            (rrr_rpc_backend.cc:620): RrrRpcBackend::Stop: Signaling 0 response queues to stop
20251026-00:57.06-287967(us) 62424 * Stop            (rrr_rpc_backend.cc:631): RrrRpcBackend::Stop: Server cleanup deferred to destructor
20251026-00:57.06-287993(us) 62424 * Stop            (rrr_rpc_backend.cc:634): RrrRpcBackend::Stop: Closing client connections
20251026-00:57.06-288019(us) 62424 * Stop            (rrr_rpc_backend.cc:638): RrrRpcBackend::Stop: Found 0 client connections to close
20251026-00:57.06-288044(us) 62424 * Stop            (rrr_rpc_backend.cc:658): RrrRpcBackend::Stop: Closed 0 client connections
20251026-00:57.06-288070(us) 62424 * Stop            (rrr_rpc_backend.cc:670): RrrRpcBackend stats: msg_size_resp_sent: 0 bytes, counter: 0, avg: -nan
20251026-00:57.06-288096(us) 62424 * Stop            (rrr_rpc_backend.cc:673): RrrRpcBackend::Stop: END
20251026-00:57.06-288121(us) 62424 * Stop            (rrr_rpc_backend.cc:589): RrrRpcBackend::Stop: BEGIN - Setting stop flag
20251026-00:57.06-288147(us) 62424 * Stop            (rrr_rpc_backend.cc:592): RrrRpcBackend::Stop: Waiting for event loop to exit...
20251026-00:57.06-288195(us) 62424 * Stop            (rrr_rpc_backend.cc:608): RrrRpcBackend::Stop: Event loop exited successfully
20251026-00:57.06-288220(us) 62424 * Stop            (rrr_rpc_backend.cc:612): RrrRpcBackend::Stop: Signaling 0 request queues to stop
20251026-00:57.06-288246(us) 62424 * Stop            (rrr_rpc_backend.cc:620): RrrRpcBackend::Stop: Signaling 0 response queues to stop
20251026-00:57.06-288271(us) 62424 * Stop            (rrr_rpc_backend.cc:631): RrrRpcBackend::Stop: Server cleanup deferred to destructor
20251026-00:57.06-288296(us) 62424 * Stop            (rrr_rpc_backend.cc:634): RrrRpcBackend::Stop: Closing client connections
20251026-00:57.06-288322(us) 62424 * Stop            (rrr_rpc_backend.cc:638): RrrRpcBackend::Stop: Found 0 client connections to close
20251026-00:57.06-288348(us) 62424 * Stop            (rrr_rpc_backend.cc:658): RrrRpcBackend::Stop: Closed 0 client connections
20251026-00:57.06-288373(us) 62424 * Stop            (rrr_rpc_backend.cc:670): RrrRpcBackend stats: msg_size_resp_sent: 0 bytes, counter: 0, avg: -nan
20251026-00:57.06-288399(us) 62424 * Stop            (rrr_rpc_backend.cc:673): RrrRpcBackend::Stop: END
20251026-00:57.06-288421(us) 62424 * Stop            (rrr_rpc_backend.cc:589): RrrRpcBackend::Stop: BEGIN - Setting stop flag
20251026-00:57.06-288447(us) 62424 * Stop            (rrr_rpc_backend.cc:592): RrrRpcBackend::Stop: Waiting for event loop to exit...
20251026-00:57.06-288473(us) 62424 * Stop            (rrr_rpc_backend.cc:608): RrrRpcBackend::Stop: Event loop exited successfully
20251026-00:57.06-288499(us) 62424 * Stop            (rrr_rpc_backend.cc:612): RrrRpcBackend::Stop: Signaling 0 request queues to stop
20251026-00:57.06-288525(us) 62424 * Stop            (rrr_rpc_backend.cc:620): RrrRpcBackend::Stop: Signaling 0 response queues to stop
20251026-00:57.06-288550(us) 62424 * Stop            (rrr_rpc_backend.cc:631): RrrRpcBackend::Stop: Server cleanup deferred to destructor
20251026-00:57.06-288599(us) 62424 * Stop            (rrr_rpc_backend.cc:634): RrrRpcBackend::Stop: Closing client connections
20251026-00:57.06-288629(us) 62424 * Stop            (rrr_rpc_backend.cc:638): RrrRpcBackend::Stop: Found 0 client connections to close
20251026-00:57.06-288655(us) 62424 * Stop            (rrr_rpc_backend.cc:658): RrrRpcBackend::Stop: Closed 0 client connections
20251026-00:57.06-288680(us) 62424 * Stop            (rrr_rpc_backend.cc:670): RrrRpcBackend stats: msg_size_resp_sent: 0 bytes, counter: 0, avg: -nan
20251026-00:57.06-288713(us) 62424 * Stop            (rrr_rpc_backend.cc:673): RrrRpcBackend::Stop: END
[SHUTDOWN] First stop() completed
[SHUTDOWN] Joining 7 worker threads
[SHUTDOWN] Joining worker 0
20251026-00:57.06-288747(us) 62424 * PrintStats      (rrr_rpc_backend.cc:679): RrrRpcBackend request stats: msg_size_req_sent: 0 bytes, counter: 0, avg: -nan
20251026-00:57.06-288814(us) 62424 * PrintStats      (rrr_rpc_backend.cc:679): RrrRpcBackend request stats: msg_size_req_sent: 0 bytes, counter: 0, avg: -nan
20251026-00:57.06-288857(us) 62424 * PrintStats      (rrr_rpc_backend.cc:679): RrrRpcBackend request stats: msg_size_req_sent: 0 bytes, counter: 0, avg: -nan
20251026-00:57.06-288889(us) 62424 * PrintStats      (rrr_rpc_backend.cc:679): RrrRpcBackend request stats: msg_size_req_sent: 0 bytes, counter: 0, avg: -nan
20251026-00:57.06-288938(us) 62424 * PrintStats      (rrr_rpc_backend.cc:679): RrrRpcBackend request stats: msg_size_req_sent: 0 bytes, counter: 0, avg: -nan
20251026-00:57.06-288982(us) 62424 * PrintStats      (rrr_rpc_backend.cc:679): RrrRpcBackend request stats: msg_size_req_sent: 0 bytes, counter: 0, avg: -nan
[SHUTDOWN] Worker 0 joined
[SHUTDOWN] Joining worker 1
[SHUTDOWN] Worker 1 joined
[SHUTDOWN] Joining worker 2
[SHUTDOWN] Worker 2 joined
[SHUTDOWN] Joining worker 3
[SHUTDOWN] Worker 3 joined
[SHUTDOWN] Joining worker 4
[SHUTDOWN] Worker 4 joined
[SHUTDOWN] Joining worker 5
[SHUTDOWN] Worker 5 joined
[SHUTDOWN] Joining worker 6
[SHUTDOWN] Worker 6 joined
[SHUTDOWN] All workers joined
[SHUTDOWN] Calling stop_erpc_server()
[STOP_SERVER] Stopping 2 server transports
[STOP_SERVER] Stopping server transport 0
20251026-00:57.07-289385(us) 62424 * Stop            (rrr_rpc_backend.cc:589): RrrRpcBackend::Stop: BEGIN - Setting stop flag
20251026-00:57.07-289409(us) 62424 * Stop            (rrr_rpc_backend.cc:592): RrrRpcBackend::Stop: Waiting for event loop to exit...
20251026-00:57.07-289455(us) 62424 * RunEventLoop    (rrr_rpc_backend.cc:573): RrrRpcBackend::RunEventLoop: Stop flag detected, exiting event loop
20251026-00:57.07-289480(us) 62424 * RunEventLoop    (rrr_rpc_backend.cc:577): RrrRpcBackend::RunEventLoop: Exited cleanly
20251026-00:57.07-289495(us) 62424 * erpc_server     (rpc_setup.cc:121): the erpc_server is terminated on shardIdx:0, alpha:0!
20251026-00:57.07-299488(us) 62424 * Stop            (rrr_rpc_backend.cc:608): RrrRpcBackend::Stop: Event loop exited successfully
20251026-00:57.07-299522(us) 62424 * Stop            (rrr_rpc_backend.cc:612): RrrRpcBackend::Stop: Signaling 0 request queues to stop
20251026-00:57.07-299537(us) 62424 * Stop            (rrr_rpc_backend.cc:620): RrrRpcBackend::Stop: Signaling 0 response queues to stop
20251026-00:57.07-299552(us) 62424 * Stop            (rrr_rpc_backend.cc:631): RrrRpcBackend::Stop: Server cleanup deferred to destructor
20251026-00:57.07-299566(us) 62424 * Stop            (rrr_rpc_backend.cc:634): RrrRpcBackend::Stop: Closing client connections
20251026-00:57.07-299580(us) 62424 * Stop            (rrr_rpc_backend.cc:638): RrrRpcBackend::Stop: Found 0 client connections to close
20251026-00:57.07-299594(us) 62424 * Stop            (rrr_rpc_backend.cc:658): RrrRpcBackend::Stop: Closed 0 client connections
20251026-00:57.07-299608(us) 62424 * Stop            (rrr_rpc_backend.cc:670): RrrRpcBackend stats: msg_size_resp_sent: 0 bytes, counter: 0, avg: -nan
20251026-00:57.07-299624(us) 62424 * Stop            (rrr_rpc_backend.cc:673): RrrRpcBackend::Stop: END
[STOP_SERVER] Server transport 0 stopped
[STOP_SERVER] Stopping server transport 1
20251026-00:57.07-299655(us) 62424 * Stop            (rrr_rpc_backend.cc:589): RrrRpcBackend::Stop: BEGIN - Setting stop flag
20251026-00:57.07-299669(us) 62424 * Stop            (rrr_rpc_backend.cc:592): RrrRpcBackend::Stop: Waiting for event loop to exit...
20251026-00:57.07-299699(us) 62424 * RunEventLoop    (rrr_rpc_backend.cc:573): RrrRpcBackend::RunEventLoop: Stop flag detected, exiting event loop
20251026-00:57.07-299739(us) 62424 * RunEventLoop    (rrr_rpc_backend.cc:577): RrrRpcBackend::RunEventLoop: Exited cleanly
20251026-00:57.07-299755(us) 62424 * erpc_server     (rpc_setup.cc:121): the erpc_server is terminated on shardIdx:0, alpha:1!
20251026-00:57.07-309759(us) 62424 * Stop            (rrr_rpc_backend.cc:608): RrrRpcBackend::Stop: Event loop exited successfully
20251026-00:57.07-309796(us) 62424 * Stop            (rrr_rpc_backend.cc:612): RrrRpcBackend::Stop: Signaling 0 request queues to stop
20251026-00:57.07-309810(us) 62424 * Stop            (rrr_rpc_backend.cc:620): RrrRpcBackend::Stop: Signaling 0 response queues to stop
20251026-00:57.07-309825(us) 62424 * Stop            (rrr_rpc_backend.cc:631): RrrRpcBackend::Stop: Server cleanup deferred to destructor
20251026-00:57.07-309839(us) 62424 * Stop            (rrr_rpc_backend.cc:634): RrrRpcBackend::Stop: Closing client connections
20251026-00:57.07-309853(us) 62424 * Stop            (rrr_rpc_backend.cc:638): RrrRpcBackend::Stop: Found 0 client connections to close
20251026-00:57.07-309867(us) 62424 * Stop            (rrr_rpc_backend.cc:658): RrrRpcBackend::Stop: Closed 0 client connections
20251026-00:57.07-309881(us) 62424 * Stop            (rrr_rpc_backend.cc:670): RrrRpcBackend stats: msg_size_resp_sent: 0 bytes, counter: 0, avg: -nan
20251026-00:57.07-309896(us) 62424 * Stop            (rrr_rpc_backend.cc:673): RrrRpcBackend::Stop: END
[STOP_SERVER] Server transport 1 stopped
[STOP_SERVER] All server transports stopped
[SHUTDOWN] stop_erpc_server() completed
[SHUTDOWN] Calling second stop()
20251026-00:57.07-309933(us) 62424 ! stop            (bench.cc:332):     stop all erpc clients. set stop=false
[SHUTDOWN] Second stop() completed
[SHUTDOWN] Calling do_txn_finish()
[SHUTDOWN] do_txn_finish() completed
--- n_commits per partition ---
 par_id: 0, n_commits: 1538138
 par_id: 1, n_commits: 1496886
 par_id: 2, n_commits: 1476543
 par_id: 3, n_commits: 1477286
 par_id: 4, n_commits: 1497974
 par_id: 5, n_commits: 1475047
 par_id: 6, n_commits: 1502852
--- benchmark statistics ---
runtime: 30.2848 sec
memory delta: 6755.09 MB
n_commits: 10464726
latency_numer_us: 205681031
latency_numer_us_remote: 0
memory delta rate: 223.052 MB/sec
logical memory delta: 663.888 MB
logical memory delta rate: 21.9215 MB/sec
agg_nosync_throughput: 345545 ops/sec
avg_nosync_per_core_throughput: 49363.5 ops/sec/core
agg_throughput: 345543 ops/sec
avg_per_core_throughput: 49363.3 ops/sec/core
agg_persist_throughput: 345543 ops/sec
avg_per_core_persist_throughput: 49363.3 ops/sec/core
avg_latency: 0.0196547 ms
avg_persist_latency: 0 ms
agg_abort_rate: 68.6482 aborts/sec
avg_per_core_abort_rate: 9.80689 aborts/sec/core
  NewOrder_local_commit_latency: 0.0200324 ms
  NewOrder_local_abort_latency: 0.0407204 ms
  NewOrder_local_abort_ratio: 7.28237e-05
  Payment_local_commit_latency: 0.00613726 ms
  Payment_local_abort_latency: 0.020056 ms
  Payment_local_abort_ratio: 5.33192e-06
  Delivery_local_commit_latency: 0.0807127 ms
  Delivery_local_abort_latency: -nan ms
  Delivery_local_abort_ratio: 0
  OrderStatus_local_commit_latency: 0.00654318 ms
  OrderStatus_local_abort_latency: 0.02053 ms
  OrderStatus_local_abort_ratio: 2.38889e-06
  StockLevel_local_commit_latency: 0.12573 ms
  StockLevel_local_abort_latency: 0.142829 ms
  StockLevel_local_abort_ratio: 0.00408869
  NewOrder_remote_ratio: 0 %
  NewOrder_remote_abort_ratio: -nan %
  NewOrder_remote_commit_latency: -nan ms
  NewOrder_remote_abort_latency: -nan ms
  Payment_remote_ratio: 0 %
  Payment_remote_abort_ratio: -nan %
  Payment_remote_commit_latency: -nan ms
  Payment_remote_abort_latency: -nan ms
--- system counters (for benchmark) ---
--- perf counters (if enabled, for benchmark) ---
TxnPayment:      tsc           
  avg            16973.3       
  total          76399976100   
  count          4501190       
TxnStockLevel:   tsc           
  avg            351840        
  total          147234815980  
  count          418471        
TxnNewOrder:     tsc           
  avg            55854.6       
  total          263075499680  
  count          4710005       
StockLevelOrderLineScan:tod-usec      
  avg            20.5665       
  total          8606504       
  count          418471        
StockLevelLoopJoinIter:tod-usec      
  avg            0.455996      
  total          37506463      
  count          82251718      
StockLevelLoopJoinGet:tod-usec      
  avg            0.388797      
  total          31979253      
  count          82251718      
TxnOrderStatus:  tsc           
  avg            18039.7       
  total          7551502252    
  count          418604        
TxnDelivery:     tsc           
  avg            225573        
  total          94410108324   
  count          418535        
DeliverNewOrderScan:tod-usec      
  avg            0.519228      
  total          2173152       
  count          4185350       
--- allocator stats ---
[allocator] ncpus=7
[allocator] cpu=0 fully_faulted?=0 remaining=155189248 bytes
[allocator] cpu=1 fully_faulted?=0 remaining=155189248 bytes
[allocator] cpu=2 fully_faulted?=0 remaining=155189248 bytes
[allocator] cpu=3 fully_faulted?=0 remaining=155189248 bytes
[allocator] cpu=4 fully_faulted?=0 remaining=155189248 bytes
[allocator] cpu=5 fully_faulted?=0 remaining=155189248 bytes
[allocator] cpu=6 fully_faulted?=0 remaining=155189248 bytes
---------------------------------------
--- system counters for n_comits ---
[STOP_SERVER] Stopping 2 server transports
[STOP_SERVER] Stopping server transport 0
20251026-00:57.07-310998(us) 62424 * Stop            (rrr_rpc_backend.cc:585): RrrRpcBackend::Stop: Already stopped, returning
[STOP_SERVER] Server transport 0 stopped
[STOP_SERVER] Stopping server transport 1
20251026-00:57.07-311031(us) 62424 * Stop            (rrr_rpc_backend.cc:585): RrrRpcBackend::Stop: Already stopped, returning
[STOP_SERVER] Server transport 1 stopped
[STOP_SERVER] All server transports stopped
