20251026-00:54.00-199251(us) 61004 * ParseNewFormat  (configuration.cc:99): Using new configuration format
20251026-00:54.00-199345(us) 61004 * ParseNewFormat  (configuration.cc:159): Loaded 1 sites in 1 shards
20251026-00:54.00-199371(us) 61004 * handle_new_config_format (dbtest.cc:131):    Site local_s0: shard=0, replica_idx=0, is_leader=1, cluster=localhost
allocator::Initialize()
  hugepgsize: 2097152
  use MADV_WILLNEED: 1
  mmap() region [0x77e921600000, 0x77e961a00000)
cpu0 owns [0x77e921600000, 0x77e936c00000)
cpu1 owns [0x77e936c00000, 0x77e94c200000)
cpu2 owns [0x77e94c200000, 0x77e961800000)
Database Benchmark:
  pid: 61004
settings:
  num-cpus    : 8
  num-threads : 3
  shardIndex  : 0
  paxos_proc_name  : localhost
  nshards     : 1
  is_micro    : 0
  is_replicated : 0
  var-encode  : yes
  allocator   : jemalloc
system properties:
  tuple_prefetch          : no
  btree_node_prefetch     : yes
tpcc settings:
  cross_partition_transactions : 1
  read_only_snapshots          : 1
  partition_locks              : 0
  separate_tree_per_partition  : 1
  new_order_remote_item_pct    : 1
  new_order_fast_id_gen        : 1
  uniform_item_dist            : 0
  order_status_scan_hack       : 0
  workload_mix                 : [45, 43, 4, 4, 4]
new table is createded with name: customer_0, table-id: 1, on shard-server id:0
new table is createded with name: customer_1, table-id: 2, on shard-server id:0
new table is createded with name: customer_2, table-id: 3, on shard-server id:0
new table is createded with name: customer_name_idx_0, table-id: 4, on shard-server id:0
new table is createded with name: customer_name_idx_1, table-id: 5, on shard-server id:0
new table is createded with name: customer_name_idx_2, table-id: 6, on shard-server id:0
new table is createded with name: district_0, table-id: 7, on shard-server id:0
new table is createded with name: district_1, table-id: 8, on shard-server id:0
new table is createded with name: district_2, table-id: 9, on shard-server id:0
new table is createded with name: history_0, table-id: 10, on shard-server id:0
new table is createded with name: history_1, table-id: 11, on shard-server id:0
new table is createded with name: history_2, table-id: 12, on shard-server id:0
new table is createded with name: new_order_0, table-id: 13, on shard-server id:0
new table is createded with name: new_order_1, table-id: 14, on shard-server id:0
new table is createded with name: new_order_2, table-id: 15, on shard-server id:0
new table is createded with name: oorder_0, table-id: 16, on shard-server id:0
new table is createded with name: oorder_1, table-id: 17, on shard-server id:0
new table is createded with name: oorder_2, table-id: 18, on shard-server id:0
new table is createded with name: oorder_c_id_idx_0, table-id: 19, on shard-server id:0
new table is createded with name: oorder_c_id_idx_1, table-id: 20, on shard-server id:0
new table is createded with name: oorder_c_id_idx_2, table-id: 21, on shard-server id:0
new table is createded with name: order_line_0, table-id: 22, on shard-server id:0
new table is createded with name: order_line_1, table-id: 23, on shard-server id:0
new table is createded with name: order_line_2, table-id: 24, on shard-server id:0
new table is createded with name: stock_0, table-id: 25, on shard-server id:0
new table is createded with name: stock_1, table-id: 26, on shard-server id:0
new table is createded with name: stock_2, table-id: 27, on shard-server id:0
new table is createded with name: stock_data_0, table-id: 28, on shard-server id:0
new table is createded with name: stock_data_1, table-id: 29, on shard-server id:0
new table is createded with name: stock_data_2, table-id: 30, on shard-server id:0
new table is createded with name: warehouse_0, table-id: 31, on shard-server id:0
new table is createded with name: warehouse_1, table-id: 32, on shard-server id:0
new table is createded with name: warehouse_2, table-id: 33, on shard-server id:0
new table is createded with name: item, table-id: 34, on shard-server id:0
20251026-00:54.00-200523(us) 61004 * ParseNewFormat  (configuration.cc:99): Using new configuration format
20251026-00:54.00-200593(us) 61004 * ParseNewFormat  (configuration.cc:159): Loaded 1 sites in 1 shards
20251026-00:54.00-200632(us) 61004 * ParseNewFormat  (configuration.cc:99): Using new configuration format
[TRANSPORT] Using default: rrr
20251026-00:54.00-200687(us) 61004 * ParseNewFormat  (configuration.cc:159): Loaded 1 sites in 1 shards
[TRANSPORT] Using default: rrr
20251026-00:54.00-200852(us) 61004 * Initialize      (rrr_rpc_backend.cc:85): RrrRpcBackend initialized on 127.0.0.1:31008 (listening on 0.0.0.0:31008)
20251026-00:54.00-200888(us) 61004 * FastTransport   (fasttransport.cc:116): FastTransport initialized with rrr/rpc backend on 127.0.0.1:31008
20251026-00:54.00-200905(us) 61004 * RunEventLoop    (rrr_rpc_backend.cc:508): RrrRpcBackend::RunEventLoop: Starting event loop
20251026-00:54.00-200932(us) 61004 * Initialize      (rrr_rpc_backend.cc:85): RrrRpcBackend initialized on 127.0.0.1:31009 (listening on 0.0.0.0:31009)
20251026-00:54.00-200954(us) 61004 * FastTransport   (fasttransport.cc:116): FastTransport initialized with rrr/rpc backend on 127.0.0.1:31009
20251026-00:54.00-200970(us) 61004 * RunEventLoop    (rrr_rpc_backend.cc:508): RrrRpcBackend::RunEventLoop: Starting event loop
20251026-00:54.00-202729(us) 61004 ! run             (bench.cc:357):     # of loaders size:6
start worker:1123
PinToWarehouseId(): coreid=2 pinned to whse=1 (partid=0)
[INFO] finished loading warehouse
[INFO]   * average warehouse record length: 97 bytes
[INFO] finished loading item
[INFO]   * average item record length: 84.1739 bytes
PinToWarehouseId(): coreid=2 pinned to whse=2 (partid=1)
PinToWarehouseId(): coreid=2 pinned to whse=3 (partid=2)
[INFO] finished loading stock
[INFO]   * average stock record length: 8 bytes
num batches: PinToWarehouseId(): coreid=5 pinned to whse=1 (partid=0)
PinToWarehouseId(): coreid=4 pinned to whse=1 (partid=0)
30
PinToWarehouseId(): coreid=3 pinned to whse=1 (partid=0)
PinToWarehouseId(): coreid=4 pinned to whse=2 (partid=1)
PinToWarehouseId(): coreid=4 pinned to whse=3 (partid=2)
[INFO] finished loading district
[INFO]   * average district record length: 99 bytes
PinToWarehouseId(): coreid=5 pinned to whse=2 (partid=1)
PinToWarehouseId(): coreid=5 pinned to whse=3 (partid=2)
PinToWarehouseId(): coreid=3 pinned to whse=2 (partid=1)
[INFO] finished loading order
[INFO]   * average order_line record length: 11.1849 bytes
[INFO]   * average oorder record length: 7.79553 bytes
[INFO]   * average new_order record length: 12 bytes
PinToWarehouseId(): coreid=3 pinned to whse=3 (partid=2)
[INFO] finished loading customer
[INFO]   * average customer record length: 153.908 bytes 
timed region dataloading took 2990.02 ms
DB size: 296.742 MB
[0, 0, 0] txns persisted in loading phase
20251026-00:54.03-192818(us) 61004 ! run             (bench.cc:410):     # of nthreads:3
starting benchmark...
--------------Finish loading data and wait for others completing load phase ------------
tpcc: worker id 8 => warehouses [1, 2)
tpcc: worker id 9 => warehouses [2, 3)
tpcc: worker id 10 => warehouses [3, 4)
No JEMALLOC_NO_RENAME
No JEMALLOC_NO_RENAME
20251026-00:54.03-194926(us) 61004 * ParseNewFormat  (configuration.cc:99): Using new configuration format
20251026-00:54.03-194988(us) 61004 * ParseNewFormat  (configuration.cc:159): Loaded 1 sites in 1 shards
20251026-00:54.03-195025(us) 61004 * ParseNewFormat  (configuration.cc:99): Using new configuration format
20251026-00:54.03-195090(us) 61004 * ParseNewFormat  (configuration.cc:159): Loaded 1 sites in 1 shards
20251026-00:54.03-195180(us) 61004 * ParseNewFormat  (configuration.cc:99): Using new configuration format
20251026-00:54.03-195218(us) 61004 * ParseNewFormat  (configuration.cc:159): Loaded 1 sites in 1 shards
[TRANSPORT] Using default: rrr
20251026-00:54.03-195288(us) 61004 * ParseNewFormat  (configuration.cc:99): Using new configuration format
20251026-00:54.03-195344(us) 61004 * ParseNewFormat  (configuration.cc:159): Loaded 1 sites in 1 shards
20251026-00:54.03-195386(us) 61004 [TRANSPORT] Using default: rrr
* Initialize      (rrr_rpc_backend.cc:85): RrrRpcBackend initialized on 127.0.0.1:31000 (listening on 0.0.0.0:31000)
20251026-00:54.03-195412(us) 61004 * FastTransport   (fasttransport.cc:116): FastTransport initialized with rrr/rpc backend on 127.0.0.1:31000
20251026-00:54.03-195525(us) 61004 * Initialize      (rrr_rpc_backend.cc:85): RrrRpcBackend initialized on 127.0.0.1:31001 (listening on 0.0.0.0:31001)
20251026-00:54.03-195556(us) 61004 * FastTransport   (fasttransport.cc:116): FastTransport initialized with rrr/rpc backend on 127.0.0.1:31001
20251026-00:54.03-195571(us) 61004 * ParseNewFormat  (configuration.cc:99): Using new configuration format
20251026-00:54.03-195603(us) 61004 * ParseNewFormat  (configuration.cc:159): Loaded 1 sites in 1 shards
20251026-00:54.03-195721(us) 61004 * ParseNewFormat  (configuration.cc:99): Using new configuration format
20251026-00:54.03-195769(us) 61004 * ParseNewFormat  (configuration.cc:159): Loaded 1 sites in 1 shards
No JEMALLOC_NO_RENAME
20251026-00:54.03-196704(us) 61004 * ParseNewFormat  (configuration.cc:99): Using new configuration format
20251026-00:54.03-196758(us) 61004 * ParseNewFormat  (configuration.cc:159): Loaded 1 sites in 1 shards
20251026-00:54.03-196912(us) 61004 * ParseNewFormat  (configuration.cc:99): Using new configuration format
20251026-00:54.03-196959(us) 61004 * ParseNewFormat  (configuration.cc:159): Loaded 1 sites in 1 shards
[TRANSPORT] Using default: rrr
20251026-00:54.03-197102(us) 61004 * Initialize      (rrr_rpc_backend.cc:85): RrrRpcBackend initialized on 127.0.0.1:31002 (listening on 0.0.0.0:31002)
20251026-00:54.03-197123(us) 61004 * FastTransport   (fasttransport.cc:116): FastTransport initialized with rrr/rpc backend on 127.0.0.1:31002
20251026-00:54.03-197295(us) 61004 * ParseNewFormat  (configuration.cc:99): Using new configuration format
20251026-00:54.03-197342(us) 61004 * ParseNewFormat  (configuration.cc:159): Loaded 1 sites in 1 shards
20251026-00:54.03-197411(us) 61004 ! run             (bench.cc:461):     start the running time, runTime:30
20251026-00:54.03-197440(us) 61004 ! run             (bench.cc:473):     runtime time left:30000 ms, bool:1
20251026-00:54.04-204614(us) 61004 ! run             (bench.cc:473):     runtime time left:29000 ms, bool:1
20251026-00:54.05-211787(us) 61004 ! run             (bench.cc:473):     runtime time left:28000 ms, bool:1
20251026-00:54.06-218965(us) 61004 ! run             (bench.cc:473):     runtime time left:27000 ms, bool:1
20251026-00:54.07-226072(us) 61004 ! run             (bench.cc:473):     runtime time left:26000 ms, bool:1
20251026-00:54.08-233037(us) 61004 ! run             (bench.cc:473):     runtime time left:25000 ms, bool:1
20251026-00:54.09-242698(us) 61004 ! run             (bench.cc:473):     runtime time left:24000 ms, bool:1
20251026-00:54.10-250179(us) 61004 ! run             (bench.cc:473):     runtime time left:23000 ms, bool:1
20251026-00:54.11-258094(us) 61004 ! run             (bench.cc:473):     runtime time left:22000 ms, bool:1
20251026-00:54.12-265549(us) 61004 ! run             (bench.cc:473):     runtime time left:21000 ms, bool:1
20251026-00:54.13-275163(us) 61004 ! run             (bench.cc:473):     runtime time left:20000 ms, bool:1
20251026-00:54.14-282467(us) 61004 ! run             (bench.cc:473):     runtime time left:19000 ms, bool:1
20251026-00:54.15-289649(us) 61004 ! run             (bench.cc:473):     runtime time left:18000 ms, bool:1
20251026-00:54.16-296877(us) 61004 ! run             (bench.cc:473):     runtime time left:17000 ms, bool:1
20251026-00:54.17-304348(us) 61004 ! run             (bench.cc:473):     runtime time left:16000 ms, bool:1
20251026-00:54.18-311966(us) 61004 ! run             (bench.cc:473):     runtime time left:15000 ms, bool:1
20251026-00:54.19-319210(us) 61004 ! run             (bench.cc:473):     runtime time left:14000 ms, bool:1
20251026-00:54.20-326389(us) 61004 ! run             (bench.cc:473):     runtime time left:13000 ms, bool:1
20251026-00:54.21-334125(us) 61004 ! run             (bench.cc:473):     runtime time left:12000 ms, bool:1
20251026-00:54.22-341487(us) 61004 ! run             (bench.cc:473):     runtime time left:11000 ms, bool:1
20251026-00:54.23-348693(us) 61004 ! run             (bench.cc:473):     runtime time left:10000 ms, bool:1
20251026-00:54.24-355835(us) 61004 ! run             (bench.cc:473):     runtime time left:9000 ms, bool:1
20251026-00:54.25-362765(us) 61004 ! run             (bench.cc:473):     runtime time left:8000 ms, bool:1
20251026-00:54.26-369917(us) 61004 ! run             (bench.cc:473):     runtime time left:7000 ms, bool:1
20251026-00:54.27-377099(us) 61004 ! run             (bench.cc:473):     runtime time left:6000 ms, bool:1
20251026-00:54.28-384281(us) 61004 ! run             (bench.cc:473):     runtime time left:5000 ms, bool:1
20251026-00:54.29-391492(us) 61004 ! run             (bench.cc:473):     runtime time left:4000 ms, bool:1
20251026-00:54.30-398782(us) 61004 ! run             (bench.cc:473):     runtime time left:3000 ms, bool:1
20251026-00:54.31-406046(us) 61004 ! run             (bench.cc:473):     runtime time left:2000 ms, bool:1
20251026-00:54.32-413643(us) 61004 ! run             (bench.cc:473):     runtime time left:1000 ms, bool:1
20251026-00:54.33-421182(us) 61004 ! run             (bench.cc:483):     runtime_plus:0
[SHUTDOWN] Setting running=false to stop database worker threads
[SHUTDOWN] Calling first stop() to stop client transportsjump out the while loop

jump out the while loop
20251026-00:54.33-421315(us) 61004 * PrintStats      (rrr_rpc_backend.cc:679): RrrRpcBackend request stats: msg_size_req_sent: 0 bytes, counter: 0, avg: -nanjump out the while loop

20251026-00:54.33-421385(us) 61004 * PrintStats      (rrr_rpc_backend.cc:679): RrrRpcBackend request stats: msg_size_req_sent: 0 bytes, counter: 0, avg: -nan
20251026-00:54.33-421432(us) 61004 ! stop            (bench.cc:332):     stop all erpc clients. set stop=false
20251026-00:54.33-421493(us) 61004 * Stop            (rrr_rpc_backend.cc:589): RrrRpcBackend::Stop: BEGIN - Setting stop flag
20251026-00:54.33-421526(us) 61004 * Stop            (rrr_rpc_backend.cc:592): RrrRpcBackend::Stop: Waiting for event loop to exit...
20251026-00:54.33-421571(us) 61004 * Stop            (rrr_rpc_backend.cc:608): RrrRpcBackend::Stop: Event loop exited successfully
20251026-00:54.33-421602(us) 61004 * Stop            (rrr_rpc_backend.cc:612): RrrRpcBackend::Stop: Signaling 0 request queues to stop
20251026-00:54.33-421630(us) 61004 * Stop            (rrr_rpc_backend.cc:620): RrrRpcBackend::Stop: Signaling 0 response queues to stop
20251026-00:54.33-421659(us) 61004 * Stop            (rrr_rpc_backend.cc:631): RrrRpcBackend::Stop: Server cleanup deferred to destructor
20251026-00:54.33-421687(us) 61004 * Stop            (rrr_rpc_backend.cc:634): RrrRpcBackend::Stop: Closing client connections
20251026-00:54.33-421714(us) 61004 * Stop            (rrr_rpc_backend.cc:638): RrrRpcBackend::Stop: Found 0 client connections to close
20251026-00:54.33-421750(us) 61004 * Stop            (rrr_rpc_backend.cc:658): RrrRpcBackend::Stop: Closed 0 client connections
20251026-00:54.33-421777(us) 61004 * Stop            (rrr_rpc_backend.cc:670): RrrRpcBackend stats: msg_size_resp_sent: 0 bytes, counter: 0, avg: -nan
20251026-00:54.33-421806(us) 61004 * Stop            (rrr_rpc_backend.cc:673): RrrRpcBackend::Stop: END
20251026-00:54.33-421835(us) 61004 * Stop            (rrr_rpc_backend.cc:589): RrrRpcBackend::Stop: BEGIN - Setting stop flag
20251026-00:54.33-421862(us) 61004 * Stop            (rrr_rpc_backend.cc:592): RrrRpcBackend::Stop: Waiting for event loop to exit...
20251026-00:54.33-421890(us) 61004 * Stop            (rrr_rpc_backend.cc:608): RrrRpcBackend::Stop: Event loop exited successfully
20251026-00:54.33-421917(us) 61004 * Stop            (rrr_rpc_backend.cc:612): RrrRpcBackend::Stop: Signaling 0 request queues to stop
20251026-00:54.33-421939(us) 61004 * PrintStats      (rrr_rpc_backend.cc:679): RrrRpcBackend request stats: msg_size_req_sent: 0 bytes, counter: 0, avg: -nan
20251026-00:54.33-421992(us) 61004 * Stop            (rrr_rpc_backend.cc:620): RrrRpcBackend::Stop: Signaling 0 response queues to stop
20251026-00:54.33-422023(us) 61004 * Stop            (rrr_rpc_backend.cc:631): RrrRpcBackend::Stop: Server cleanup deferred to destructor
20251026-00:54.33-422038(us) 61004 * Stop            (rrr_rpc_backend.cc:634): RrrRpcBackend::Stop: Closing client connections
20251026-00:54.33-422052(us) 61004 * Stop            (rrr_rpc_backend.cc:638): RrrRpcBackend::Stop: Found 0 client connections to close
20251026-00:54.33-422076(us) 61004 * Stop            (rrr_rpc_backend.cc:658): RrrRpcBackend::Stop: Closed 0 client connections
20251026-00:54.33-422090(us) 61004 * Stop            (rrr_rpc_backend.cc:670): RrrRpcBackend stats: msg_size_resp_sent: 0 bytes, counter: 0, avg: -nan
20251026-00:54.33-422105(us) 61004 * Stop            (rrr_rpc_backend.cc:673): RrrRpcBackend::Stop: END
20251026-00:54.33-422119(us) 61004 * Stop            (rrr_rpc_backend.cc:589): RrrRpcBackend::Stop: BEGIN - Setting stop flag
20251026-00:54.33-422133(us) 61004 * Stop            (rrr_rpc_backend.cc:592): RrrRpcBackend::Stop: Waiting for event loop to exit...
20251026-00:54.33-422147(us) 61004 * Stop            (rrr_rpc_backend.cc:608): RrrRpcBackend::Stop: Event loop exited successfully
20251026-00:54.33-422191(us) 61004 * Stop            (rrr_rpc_backend.cc:612): RrrRpcBackend::Stop: Signaling 0 request queues to stop
20251026-00:54.33-422205(us) 61004 * Stop            (rrr_rpc_backend.cc:620): RrrRpcBackend::Stop: Signaling 0 response queues to stop
20251026-00:54.33-422220(us) 61004 * Stop            (rrr_rpc_backend.cc:631): RrrRpcBackend::Stop: Server cleanup deferred to destructor
20251026-00:54.33-422234(us) 61004 * Stop            (rrr_rpc_backend.cc:634): RrrRpcBackend::Stop: Closing client connections
20251026-00:54.33-422248(us) 61004 * Stop            (rrr_rpc_backend.cc:638): RrrRpcBackend::Stop: Found 0 client connections to close
20251026-00:54.33-422262(us) 61004 * Stop            (rrr_rpc_backend.cc:658): RrrRpcBackend::Stop: Closed 0 client connections
20251026-00:54.33-422276(us) 61004 * Stop            (rrr_rpc_backend.cc:670): RrrRpcBackend stats: msg_size_resp_sent: 0 bytes, counter: 0, avg: -nan
20251026-00:54.33-422290(us) 61004 * Stop            (rrr_rpc_backend.cc:673): RrrRpcBackend::Stop: END
[SHUTDOWN] First stop() completed
[SHUTDOWN] Joining 3 worker threads
[SHUTDOWN] Joining worker 0
[SHUTDOWN] Worker 0 joined
[SHUTDOWN] Joining worker 1
[SHUTDOWN] Worker 1 joined
[SHUTDOWN] Joining worker 2
[SHUTDOWN] Worker 2 joined
[SHUTDOWN] All workers joined
[SHUTDOWN] Calling stop_erpc_server()
[STOP_SERVER] Stopping 2 server transports
[STOP_SERVER] Stopping server transport 0
20251026-00:54.34-422180(us) 61004 * Stop            (rrr_rpc_backend.cc:589): RrrRpcBackend::Stop: BEGIN - Setting stop flag
20251026-00:54.34-422203(us) 61004 * Stop            (rrr_rpc_backend.cc:592): RrrRpcBackend::Stop: Waiting for event loop to exit...
20251026-00:54.34-422256(us) 61004 * RunEventLoop    (rrr_rpc_backend.cc:573): RrrRpcBackend::RunEventLoop: Stop flag detected, exiting event loop
20251026-00:54.34-422282(us) 61004 * RunEventLoop    (rrr_rpc_backend.cc:577): RrrRpcBackend::RunEventLoop: Exited cleanly
20251026-00:54.34-422297(us) 61004 * erpc_server     (rpc_setup.cc:121): the erpc_server is terminated on shardIdx:0, alpha:0!
20251026-00:54.34-432302(us) 61004 * Stop            (rrr_rpc_backend.cc:608): RrrRpcBackend::Stop: Event loop exited successfully
20251026-00:54.34-432336(us) 61004 * Stop            (rrr_rpc_backend.cc:612): RrrRpcBackend::Stop: Signaling 0 request queues to stop
20251026-00:54.34-432351(us) 61004 * Stop            (rrr_rpc_backend.cc:620): RrrRpcBackend::Stop: Signaling 0 response queues to stop
20251026-00:54.34-432380(us) 61004 * Stop            (rrr_rpc_backend.cc:631): RrrRpcBackend::Stop: Server cleanup deferred to destructor
20251026-00:54.34-432395(us) 61004 * Stop            (rrr_rpc_backend.cc:634): RrrRpcBackend::Stop: Closing client connections
20251026-00:54.34-432409(us) 61004 * Stop            (rrr_rpc_backend.cc:638): RrrRpcBackend::Stop: Found 0 client connections to close
20251026-00:54.34-432431(us) 61004 * Stop            (rrr_rpc_backend.cc:658): RrrRpcBackend::Stop: Closed 0 client connections
20251026-00:54.34-432446(us) 61004 * Stop            (rrr_rpc_backend.cc:670): RrrRpcBackend stats: msg_size_resp_sent: 0 bytes, counter: 0, avg: -nan
20251026-00:54.34-432460(us) 61004 * Stop            (rrr_rpc_backend.cc:673): RrrRpcBackend::Stop: END
[STOP_SERVER] Server transport 0 stopped
[STOP_SERVER] Stopping server transport 1
20251026-00:54.34-432504(us) 61004 * Stop            (rrr_rpc_backend.cc:589): RrrRpcBackend::Stop: BEGIN - Setting stop flag
20251026-00:54.34-432518(us) 61004 * Stop            (rrr_rpc_backend.cc:592): RrrRpcBackend::Stop: Waiting for event loop to exit...
20251026-00:54.34-432538(us) 61004 * RunEventLoop    (rrr_rpc_backend.cc:573): RrrRpcBackend::RunEventLoop: Stop flag detected, exiting event loop
20251026-00:54.34-432553(us) 61004 * RunEventLoop    (rrr_rpc_backend.cc:577): RrrRpcBackend::RunEventLoop: Exited cleanly
20251026-00:54.34-432568(us) 61004 * erpc_server     (rpc_setup.cc:121): the erpc_server is terminated on shardIdx:0, alpha:1!
20251026-00:54.34-442597(us) 61004 * Stop            (rrr_rpc_backend.cc:608): RrrRpcBackend::Stop: Event loop exited successfully
20251026-00:54.34-442631(us) 61004 * Stop            (rrr_rpc_backend.cc:612): RrrRpcBackend::Stop: Signaling 0 request queues to stop
20251026-00:54.34-442645(us) 61004 * Stop            (rrr_rpc_backend.cc:620): RrrRpcBackend::Stop: Signaling 0 response queues to stop
20251026-00:54.34-442662(us) 61004 * Stop            (rrr_rpc_backend.cc:631): RrrRpcBackend::Stop: Server cleanup deferred to destructor
20251026-00:54.34-442680(us) 61004 * Stop            (rrr_rpc_backend.cc:634): RrrRpcBackend::Stop: Closing client connections
20251026-00:54.34-442695(us) 61004 * Stop            (rrr_rpc_backend.cc:638): RrrRpcBackend::Stop: Found 0 client connections to close
20251026-00:54.34-442709(us) 61004 * Stop            (rrr_rpc_backend.cc:658): RrrRpcBackend::Stop: Closed 0 client connections
20251026-00:54.34-442723(us) 61004 * Stop            (rrr_rpc_backend.cc:670): RrrRpcBackend stats: msg_size_resp_sent: 0 bytes, counter: 0, avg: -nan
20251026-00:54.34-442738(us) 61004 * Stop            (rrr_rpc_backend.cc:673): RrrRpcBackend::Stop: END
[STOP_SERVER] Server transport 1 stopped
[STOP_SERVER] All server transports stopped
[SHUTDOWN] stop_erpc_server() completed
[SHUTDOWN] Calling second stop()
20251026-00:54.34-442775(us) 61004 ! stop            (bench.cc:332):     stop all erpc clients. set stop=false
[SHUTDOWN] Second stop() completed
[SHUTDOWN] Calling do_txn_finish()
[SHUTDOWN] do_txn_finish() completed
--- n_commits per partition ---
 par_id: 0, n_commits: 1970396
 par_id: 1, n_commits: 1965636
 par_id: 2, n_commits: 1952170
--- benchmark statistics ---
runtime: 30.2454 sec
memory delta: 3743.89 MB
n_commits: 5888202
latency_numer_us: 87317600
latency_numer_us_remote: 0
memory delta rate: 123.784 MB/sec
logical memory delta: 373.594 MB
logical memory delta rate: 12.3521 MB/sec
agg_nosync_throughput: 194681 ops/sec
avg_nosync_per_core_throughput: 64893.7 ops/sec/core
agg_throughput: 194681 ops/sec
avg_per_core_throughput: 64893.6 ops/sec/core
agg_persist_throughput: 194681 ops/sec
avg_per_core_persist_throughput: 64893.6 ops/sec/core
avg_latency: 0.0148292 ms
avg_persist_latency: 0 ms
agg_abort_rate: 35.245 aborts/sec
avg_per_core_abort_rate: 11.7483 aborts/sec/core
  NewOrder_local_commit_latency: 0.0156999 ms
  NewOrder_local_abort_latency: 0.0339934 ms
  NewOrder_local_abort_ratio: 7.84828e-05
  Payment_local_commit_latency: 0.00472243 ms
  Payment_local_abort_latency: 0.0191708 ms
  Payment_local_abort_ratio: 5.92372e-06
  Delivery_local_commit_latency: 0.0623034 ms
  Delivery_local_abort_latency: -nan ms
  Delivery_local_abort_ratio: 0
  OrderStatus_local_commit_latency: 0.00525881 ms
  OrderStatus_local_abort_latency: 0.021561 ms
  OrderStatus_local_abort_ratio: 4.23946e-06
  StockLevel_local_commit_latency: 0.0887005 ms
  StockLevel_local_abort_latency: 0.104063 ms
  StockLevel_local_abort_ratio: 0.00358382
  NewOrder_remote_ratio: 0 %
  NewOrder_remote_abort_ratio: -nan %
  NewOrder_remote_commit_latency: -nan ms
  NewOrder_remote_abort_latency: -nan ms
  Payment_remote_ratio: 0 %
  Payment_remote_abort_ratio: -nan %
  Payment_remote_commit_latency: -nan ms
  Payment_remote_abort_latency: -nan ms
--- system counters (for benchmark) ---
--- perf counters (if enabled, for benchmark) ---
TxnPayment:      tsc           
  avg            13066.5       
  total          33086839490   
  count          2532192       
TxnNewOrder:     tsc           
  avg            43774.4       
  total          116013645216  
  count          2650261       
TxnDelivery:     tsc           
  avg            174117        
  total          41090111328   
  count          235991        
DeliverNewOrderScan:tod-usec      
  avg            0.392129      
  total          925390        
  count          2359910       
TxnStockLevel:   tsc           
  avg            248205        
  total          58314453456   
  count          234945        
StockLevelOrderLineScan:tod-usec      
  avg            14.976        
  total          3518544       
  count          234945        
StockLevelLoopJoinIter:tod-usec      
  avg            0.312863      
  total          14450518      
  count          46187938      
StockLevelLoopJoinGet:tod-usec      
  avg            0.250513      
  total          11570658      
  count          46187938      
TxnOrderStatus:  tsc           
  avg            14547.6       
  total          3431470616    
  count          235879        
--- allocator stats ---
[allocator] ncpus=3
[allocator] cpu=0 fully_faulted?=0 remaining=358612992 bytes
[allocator] cpu=1 fully_faulted?=0 remaining=358612992 bytes
[allocator] cpu=2 fully_faulted?=0 remaining=358612992 bytes
---------------------------------------
--- system counters for n_comits ---
[STOP_SERVER] Stopping 2 server transports
[STOP_SERVER] Stopping server transport 0
20251026-00:54.34-443641(us) 61004 * Stop            (rrr_rpc_backend.cc:585): RrrRpcBackend::Stop: Already stopped, returning
[STOP_SERVER] Server transport 0 stopped
[STOP_SERVER] Stopping server transport 1
20251026-00:54.34-443674(us) 61004 * Stop            (rrr_rpc_backend.cc:585): RrrRpcBackend::Stop: Already stopped, returning
[STOP_SERVER] Server transport 1 stopped
[STOP_SERVER] All server transports stopped
